[2.834s] Invoking command in '/home/nayab/Lab_9/ros2_ws_nayab/src/vision_task1': PYTHONPATH=/home/nayab/Lab_9/ros2_ws_nayab/build/vision_task1/prefix_override:/usr/lib/python3/dist-packages/colcon_core/task/python/colcon_distutils_commands:/home/nayab/Lab_9/ros2_ws_nayab/install/vision_task1/lib/python3.10/site-packages:${PYTHONPATH} /usr/bin/python3 -W ignore:setup.py install is deprecated -W ignore:easy_install command is deprecated setup.py egg_info --egg-base ../../build/vision_task1 build --build-base /home/nayab/Lab_9/ros2_ws_nayab/build/vision_task1/build install --record /home/nayab/Lab_9/ros2_ws_nayab/build/vision_task1/install.log --single-version-externally-managed install_data
[4.572s] running egg_info
[4.579s] writing ../../build/vision_task1/vision_task1.egg-info/PKG-INFO
[4.580s] writing dependency_links to ../../build/vision_task1/vision_task1.egg-info/dependency_links.txt
[4.581s] writing entry points to ../../build/vision_task1/vision_task1.egg-info/entry_points.txt
[4.582s] writing requirements to ../../build/vision_task1/vision_task1.egg-info/requires.txt
[4.583s] writing top-level names to ../../build/vision_task1/vision_task1.egg-info/top_level.txt
[4.591s] reading manifest file '../../build/vision_task1/vision_task1.egg-info/SOURCES.txt'
[4.605s] writing manifest file '../../build/vision_task1/vision_task1.egg-info/SOURCES.txt'
[4.609s] running build
[4.612s] running build_py
[4.613s] copying vision_task1/task_5.py -> /home/nayab/Lab_9/ros2_ws_nayab/build/vision_task1/build/lib/vision_task1
[4.615s] running install
[4.618s] running install_lib
[4.621s] copying /home/nayab/Lab_9/ros2_ws_nayab/build/vision_task1/build/lib/vision_task1/task_5.py -> /home/nayab/Lab_9/ros2_ws_nayab/install/vision_task1/lib/python3.10/site-packages/vision_task1
[4.624s] byte-compiling /home/nayab/Lab_9/ros2_ws_nayab/install/vision_task1/lib/python3.10/site-packages/vision_task1/task_5.py to task_5.cpython-310.pyc
[4.634s] running install_data
[4.636s] running install_egg_info
[4.653s] removing '/home/nayab/Lab_9/ros2_ws_nayab/install/vision_task1/lib/python3.10/site-packages/vision_task1-0.0.0-py3.10.egg-info' (and everything under it)
[4.654s] Copying ../../build/vision_task1/vision_task1.egg-info to /home/nayab/Lab_9/ros2_ws_nayab/install/vision_task1/lib/python3.10/site-packages/vision_task1-0.0.0-py3.10.egg-info
[4.658s] running install_scripts
[4.815s] Installing task_1 script to /home/nayab/Lab_9/ros2_ws_nayab/install/vision_task1/lib/vision_task1
[4.822s] Installing task_2 script to /home/nayab/Lab_9/ros2_ws_nayab/install/vision_task1/lib/vision_task1
[4.822s] Installing task_3 script to /home/nayab/Lab_9/ros2_ws_nayab/install/vision_task1/lib/vision_task1
[4.827s] Installing task_4 script to /home/nayab/Lab_9/ros2_ws_nayab/install/vision_task1/lib/vision_task1
[4.827s] Installing task_5 script to /home/nayab/Lab_9/ros2_ws_nayab/install/vision_task1/lib/vision_task1
[4.828s] writing list of installed files to '/home/nayab/Lab_9/ros2_ws_nayab/build/vision_task1/install.log'
[5.009s] Invoked command in '/home/nayab/Lab_9/ros2_ws_nayab/src/vision_task1' returned '0': PYTHONPATH=/home/nayab/Lab_9/ros2_ws_nayab/build/vision_task1/prefix_override:/usr/lib/python3/dist-packages/colcon_core/task/python/colcon_distutils_commands:/home/nayab/Lab_9/ros2_ws_nayab/install/vision_task1/lib/python3.10/site-packages:${PYTHONPATH} /usr/bin/python3 -W ignore:setup.py install is deprecated -W ignore:easy_install command is deprecated setup.py egg_info --egg-base ../../build/vision_task1 build --build-base /home/nayab/Lab_9/ros2_ws_nayab/build/vision_task1/build install --record /home/nayab/Lab_9/ros2_ws_nayab/build/vision_task1/install.log --single-version-externally-managed install_data
