[0.791s] Invoking command in '/home/nayab/Lab_4/ros2_ws_nayab/src/my_launch_pkg': PYTHONPATH=/home/nayab/Lab_4/ros2_ws_nayab/build/my_launch_pkg/prefix_override:/usr/lib/python3/dist-packages/colcon_core/task/python/colcon_distutils_commands:/home/nayab/Lab_4/ros2_ws_nayab/install/my_launch_pkg/lib/python3.10/site-packages:${PYTHONPATH} /usr/bin/python3 -W ignore:setup.py install is deprecated -W ignore:easy_install command is deprecated setup.py egg_info --egg-base ../../build/my_launch_pkg build --build-base /home/nayab/Lab_4/ros2_ws_nayab/build/my_launch_pkg/build install --record /home/nayab/Lab_4/ros2_ws_nayab/build/my_launch_pkg/install.log --single-version-externally-managed install_data
[1.173s] running egg_info
[1.174s] writing ../../build/my_launch_pkg/my_launch_pkg.egg-info/PKG-INFO
[1.175s] writing dependency_links to ../../build/my_launch_pkg/my_launch_pkg.egg-info/dependency_links.txt
[1.175s] writing entry points to ../../build/my_launch_pkg/my_launch_pkg.egg-info/entry_points.txt
[1.175s] writing requirements to ../../build/my_launch_pkg/my_launch_pkg.egg-info/requires.txt
[1.175s] writing top-level names to ../../build/my_launch_pkg/my_launch_pkg.egg-info/top_level.txt
[1.178s] reading manifest file '../../build/my_launch_pkg/my_launch_pkg.egg-info/SOURCES.txt'
[1.179s] writing manifest file '../../build/my_launch_pkg/my_launch_pkg.egg-info/SOURCES.txt'
[1.179s] running build
[1.180s] running build_py
[1.180s] running install
[1.180s] running install_lib
[1.182s] running install_data
[1.182s] copying launch/task_1_launch.py -> /home/nayab/Lab_4/ros2_ws_nayab/install/my_launch_pkg/share/my_launch_pkg/launch
[1.182s] running install_egg_info
[1.186s] removing '/home/nayab/Lab_4/ros2_ws_nayab/install/my_launch_pkg/lib/python3.10/site-packages/my_launch_pkg-0.0.0-py3.10.egg-info' (and everything under it)
[1.187s] Copying ../../build/my_launch_pkg/my_launch_pkg.egg-info to /home/nayab/Lab_4/ros2_ws_nayab/install/my_launch_pkg/lib/python3.10/site-packages/my_launch_pkg-0.0.0-py3.10.egg-info
[1.188s] running install_scripts
[1.216s] writing list of installed files to '/home/nayab/Lab_4/ros2_ws_nayab/build/my_launch_pkg/install.log'
[1.257s] Invoked command in '/home/nayab/Lab_4/ros2_ws_nayab/src/my_launch_pkg' returned '0': PYTHONPATH=/home/nayab/Lab_4/ros2_ws_nayab/build/my_launch_pkg/prefix_override:/usr/lib/python3/dist-packages/colcon_core/task/python/colcon_distutils_commands:/home/nayab/Lab_4/ros2_ws_nayab/install/my_launch_pkg/lib/python3.10/site-packages:${PYTHONPATH} /usr/bin/python3 -W ignore:setup.py install is deprecated -W ignore:easy_install command is deprecated setup.py egg_info --egg-base ../../build/my_launch_pkg build --build-base /home/nayab/Lab_4/ros2_ws_nayab/build/my_launch_pkg/build install --record /home/nayab/Lab_4/ros2_ws_nayab/build/my_launch_pkg/install.log --single-version-externally-managed install_data
