[0.737s] Invoking command in '/home/nayab/Lab_4/ros2_ws_nayab/src/my_launch_pkg': PYTHONPATH=/home/nayab/Lab_4/ros2_ws_nayab/build/my_launch_pkg/prefix_override:/usr/lib/python3/dist-packages/colcon_core/task/python/colcon_distutils_commands:/home/nayab/Lab_4/ros2_ws_nayab/install/my_launch_pkg/lib/python3.10/site-packages:${PYTHONPATH} /usr/bin/python3 -W ignore:setup.py install is deprecated -W ignore:easy_install command is deprecated setup.py egg_info --egg-base ../../build/my_launch_pkg build --build-base /home/nayab/Lab_4/ros2_ws_nayab/build/my_launch_pkg/build install --record /home/nayab/Lab_4/ros2_ws_nayab/build/my_launch_pkg/install.log --single-version-externally-managed install_data
[1.018s] running egg_info
[1.019s] writing ../../build/my_launch_pkg/my_launch_pkg.egg-info/PKG-INFO
[1.020s] writing dependency_links to ../../build/my_launch_pkg/my_launch_pkg.egg-info/dependency_links.txt
[1.020s] writing entry points to ../../build/my_launch_pkg/my_launch_pkg.egg-info/entry_points.txt
[1.020s] writing requirements to ../../build/my_launch_pkg/my_launch_pkg.egg-info/requires.txt
[1.020s] writing top-level names to ../../build/my_launch_pkg/my_launch_pkg.egg-info/top_level.txt
[1.022s] reading manifest file '../../build/my_launch_pkg/my_launch_pkg.egg-info/SOURCES.txt'
[1.023s] writing manifest file '../../build/my_launch_pkg/my_launch_pkg.egg-info/SOURCES.txt'
[1.024s] running build
[1.024s] running build_py
[1.024s] copying my_launch_pkg/follow_the_leader.py -> /home/nayab/Lab_4/ros2_ws_nayab/build/my_launch_pkg/build/lib/my_launch_pkg
[1.024s] running install
[1.024s] running install_lib
[1.025s] copying /home/nayab/Lab_4/ros2_ws_nayab/build/my_launch_pkg/build/lib/my_launch_pkg/follow_the_leader.py -> /home/nayab/Lab_4/ros2_ws_nayab/install/my_launch_pkg/lib/python3.10/site-packages/my_launch_pkg
[1.026s] byte-compiling /home/nayab/Lab_4/ros2_ws_nayab/install/my_launch_pkg/lib/python3.10/site-packages/my_launch_pkg/follow_the_leader.py to follow_the_leader.cpython-310.pyc
[1.027s] running install_data
[1.027s] copying launch/task_2_launch.py -> /home/nayab/Lab_4/ros2_ws_nayab/install/my_launch_pkg/share/my_launch_pkg/launch
[1.028s] running install_egg_info
[1.032s] removing '/home/nayab/Lab_4/ros2_ws_nayab/install/my_launch_pkg/lib/python3.10/site-packages/my_launch_pkg-0.0.0-py3.10.egg-info' (and everything under it)
[1.033s] Copying ../../build/my_launch_pkg/my_launch_pkg.egg-info to /home/nayab/Lab_4/ros2_ws_nayab/install/my_launch_pkg/lib/python3.10/site-packages/my_launch_pkg-0.0.0-py3.10.egg-info
[1.034s] running install_scripts
[1.059s] Installing follow_leader script to /home/nayab/Lab_4/ros2_ws_nayab/install/my_launch_pkg/lib/my_launch_pkg
[1.060s] writing list of installed files to '/home/nayab/Lab_4/ros2_ws_nayab/build/my_launch_pkg/install.log'
[1.097s] Invoked command in '/home/nayab/Lab_4/ros2_ws_nayab/src/my_launch_pkg' returned '0': PYTHONPATH=/home/nayab/Lab_4/ros2_ws_nayab/build/my_launch_pkg/prefix_override:/usr/lib/python3/dist-packages/colcon_core/task/python/colcon_distutils_commands:/home/nayab/Lab_4/ros2_ws_nayab/install/my_launch_pkg/lib/python3.10/site-packages:${PYTHONPATH} /usr/bin/python3 -W ignore:setup.py install is deprecated -W ignore:easy_install command is deprecated setup.py egg_info --egg-base ../../build/my_launch_pkg build --build-base /home/nayab/Lab_4/ros2_ws_nayab/build/my_launch_pkg/build install --record /home/nayab/Lab_4/ros2_ws_nayab/build/my_launch_pkg/install.log --single-version-externally-managed install_data
