[5.658s] Invoking command in '/home/nayab/Lab_9/ros2_ws_nayab/src/vision_task1': PYTHONPATH=/home/nayab/Lab_9/ros2_ws_nayab/build/vision_task1/prefix_override:/usr/lib/python3/dist-packages/colcon_core/task/python/colcon_distutils_commands:/home/nayab/Lab_9/ros2_ws_nayab/install/vision_task1/lib/python3.10/site-packages:${PYTHONPATH} /usr/bin/python3 -W ignore:setup.py install is deprecated -W ignore:easy_install command is deprecated setup.py egg_info --egg-base ../../build/vision_task1 build --build-base /home/nayab/Lab_9/ros2_ws_nayab/build/vision_task1/build install --record /home/nayab/Lab_9/ros2_ws_nayab/build/vision_task1/install.log --single-version-externally-managed install_data
[8.053s] running egg_info
[8.062s] writing ../../build/vision_task1/vision_task1.egg-info/PKG-INFO
[8.066s] writing dependency_links to ../../build/vision_task1/vision_task1.egg-info/dependency_links.txt
[8.072s] writing entry points to ../../build/vision_task1/vision_task1.egg-info/entry_points.txt
[8.073s] writing requirements to ../../build/vision_task1/vision_task1.egg-info/requires.txt
[8.074s] writing top-level names to ../../build/vision_task1/vision_task1.egg-info/top_level.txt
[8.090s] reading manifest file '../../build/vision_task1/vision_task1.egg-info/SOURCES.txt'
[8.094s] writing manifest file '../../build/vision_task1/vision_task1.egg-info/SOURCES.txt'
[8.095s] running build
[8.095s] running build_py
[8.096s] copying vision_task1/task_5.py -> /home/nayab/Lab_9/ros2_ws_nayab/build/vision_task1/build/lib/vision_task1
[8.100s] running install
[8.104s] running install_lib
[8.113s] copying /home/nayab/Lab_9/ros2_ws_nayab/build/vision_task1/build/lib/vision_task1/task_5.py -> /home/nayab/Lab_9/ros2_ws_nayab/install/vision_task1/lib/python3.10/site-packages/vision_task1
[8.124s] byte-compiling /home/nayab/Lab_9/ros2_ws_nayab/install/vision_task1/lib/python3.10/site-packages/vision_task1/task_5.py to task_5.cpython-310.pyc
[8.140s] running install_data
[8.145s] running install_egg_info
[8.151s] removing '/home/nayab/Lab_9/ros2_ws_nayab/install/vision_task1/lib/python3.10/site-packages/vision_task1-0.0.0-py3.10.egg-info' (and everything under it)
[8.153s] Copying ../../build/vision_task1/vision_task1.egg-info to /home/nayab/Lab_9/ros2_ws_nayab/install/vision_task1/lib/python3.10/site-packages/vision_task1-0.0.0-py3.10.egg-info
[8.169s] running install_scripts
[8.342s] Installing task_1 script to /home/nayab/Lab_9/ros2_ws_nayab/install/vision_task1/lib/vision_task1
[8.345s] Installing task_2 script to /home/nayab/Lab_9/ros2_ws_nayab/install/vision_task1/lib/vision_task1
[8.347s] Installing task_3 script to /home/nayab/Lab_9/ros2_ws_nayab/install/vision_task1/lib/vision_task1
[8.349s] Installing task_4 script to /home/nayab/Lab_9/ros2_ws_nayab/install/vision_task1/lib/vision_task1
[8.351s] Installing task_5 script to /home/nayab/Lab_9/ros2_ws_nayab/install/vision_task1/lib/vision_task1
[8.356s] writing list of installed files to '/home/nayab/Lab_9/ros2_ws_nayab/build/vision_task1/install.log'
[8.580s] Invoked command in '/home/nayab/Lab_9/ros2_ws_nayab/src/vision_task1' returned '0': PYTHONPATH=/home/nayab/Lab_9/ros2_ws_nayab/build/vision_task1/prefix_override:/usr/lib/python3/dist-packages/colcon_core/task/python/colcon_distutils_commands:/home/nayab/Lab_9/ros2_ws_nayab/install/vision_task1/lib/python3.10/site-packages:${PYTHONPATH} /usr/bin/python3 -W ignore:setup.py install is deprecated -W ignore:easy_install command is deprecated setup.py egg_info --egg-base ../../build/vision_task1 build --build-base /home/nayab/Lab_9/ros2_ws_nayab/build/vision_task1/build install --record /home/nayab/Lab_9/ros2_ws_nayab/build/vision_task1/install.log --single-version-externally-managed install_data
