[1.398s] Invoking command in '/home/nayab/Lab_4/ros2_ws_nayab/src/my_launch_pkg': PYTHONPATH=/home/nayab/Lab_4/ros2_ws_nayab/build/my_launch_pkg/prefix_override:/usr/lib/python3/dist-packages/colcon_core/task/python/colcon_distutils_commands:/home/nayab/Lab_4/ros2_ws_nayab/install/my_launch_pkg/lib/python3.10/site-packages:${PYTHONPATH} /usr/bin/python3 -W ignore:setup.py install is deprecated -W ignore:easy_install command is deprecated setup.py egg_info --egg-base ../../build/my_launch_pkg build --build-base /home/nayab/Lab_4/ros2_ws_nayab/build/my_launch_pkg/build install --record /home/nayab/Lab_4/ros2_ws_nayab/build/my_launch_pkg/install.log --single-version-externally-managed install_data
[2.004s] running egg_info
[2.007s] writing ../../build/my_launch_pkg/my_launch_pkg.egg-info/PKG-INFO
[2.008s] writing dependency_links to ../../build/my_launch_pkg/my_launch_pkg.egg-info/dependency_links.txt
[2.009s] writing entry points to ../../build/my_launch_pkg/my_launch_pkg.egg-info/entry_points.txt
[2.009s] writing requirements to ../../build/my_launch_pkg/my_launch_pkg.egg-info/requires.txt
[2.009s] writing top-level names to ../../build/my_launch_pkg/my_launch_pkg.egg-info/top_level.txt
[2.015s] reading manifest file '../../build/my_launch_pkg/my_launch_pkg.egg-info/SOURCES.txt'
[2.029s] writing manifest file '../../build/my_launch_pkg/my_launch_pkg.egg-info/SOURCES.txt'
[2.030s] running build
[2.030s] running build_py
[2.030s] running install
[2.036s] running install_lib
[2.040s] running install_data
[2.041s] copying launch/turtlesim_launch.py -> /home/nayab/Lab_4/ros2_ws_nayab/install/my_launch_pkg/share/my_launch_pkg/launch
[2.042s] running install_egg_info
[2.051s] removing '/home/nayab/Lab_4/ros2_ws_nayab/install/my_launch_pkg/lib/python3.10/site-packages/my_launch_pkg-0.0.0-py3.10.egg-info' (and everything under it)
[2.054s] Copying ../../build/my_launch_pkg/my_launch_pkg.egg-info to /home/nayab/Lab_4/ros2_ws_nayab/install/my_launch_pkg/lib/python3.10/site-packages/my_launch_pkg-0.0.0-py3.10.egg-info
[2.055s] running install_scripts
[2.116s] writing list of installed files to '/home/nayab/Lab_4/ros2_ws_nayab/build/my_launch_pkg/install.log'
[2.193s] Invoked command in '/home/nayab/Lab_4/ros2_ws_nayab/src/my_launch_pkg' returned '0': PYTHONPATH=/home/nayab/Lab_4/ros2_ws_nayab/build/my_launch_pkg/prefix_override:/usr/lib/python3/dist-packages/colcon_core/task/python/colcon_distutils_commands:/home/nayab/Lab_4/ros2_ws_nayab/install/my_launch_pkg/lib/python3.10/site-packages:${PYTHONPATH} /usr/bin/python3 -W ignore:setup.py install is deprecated -W ignore:easy_install command is deprecated setup.py egg_info --egg-base ../../build/my_launch_pkg build --build-base /home/nayab/Lab_4/ros2_ws_nayab/build/my_launch_pkg/build install --record /home/nayab/Lab_4/ros2_ws_nayab/build/my_launch_pkg/install.log --single-version-externally-managed install_data
