[0.446s] DEBUG:colcon:Command line arguments: ['/usr/bin/colcon', 'build']
[0.446s] DEBUG:colcon:Parsed command line arguments: Namespace(log_base=None, log_level=None, verb_name='build', build_base='build', install_base='install', merge_install=False, symlink_install=False, test_result_base=None, continue_on_error=False, executor='parallel', parallel_workers=4, event_handlers=None, ignore_user_meta=False, metas=['./colcon.meta'], base_paths=['.'], packages_ignore=None, packages_ignore_regex=None, paths=None, packages_up_to=None, packages_up_to_regex=None, packages_above=None, packages_above_and_dependencies=None, packages_above_depth=None, packages_select_by_dep=None, packages_skip_by_dep=None, packages_skip_up_to=None, packages_select_build_failed=False, packages_skip_build_finished=False, packages_select_test_failures=False, packages_skip_test_passed=False, packages_select=None, packages_skip=None, packages_select_regex=None, packages_skip_regex=None, packages_start=None, packages_end=None, allow_overriding=[], cmake_args=None, cmake_target=None, cmake_target_skip_unavailable=False, cmake_clean_cache=False, cmake_clean_first=False, cmake_force_configure=False, ament_cmake_args=None, catkin_cmake_args=None, catkin_skip_building_tests=False, verb_parser=<colcon_defaults.argument_parser.defaults.DefaultArgumentsDecorator object at 0x7240f0e5e650>, verb_extension=<colcon_core.verb.build.BuildVerb object at 0x7240f0e5e140>, main=<bound method BuildVerb.main of <colcon_core.verb.build.BuildVerb object at 0x7240f0e5e140>>)
[1.285s] Level 1:colcon.colcon_core.package_discovery:discover_packages(colcon_meta) check parameters
[1.285s] Level 1:colcon.colcon_core.package_discovery:discover_packages(recursive) check parameters
[1.285s] Level 1:colcon.colcon_core.package_discovery:discover_packages(ignore) check parameters
[1.285s] Level 1:colcon.colcon_core.package_discovery:discover_packages(path) check parameters
[1.285s] Level 1:colcon.colcon_core.package_discovery:discover_packages(colcon_meta) discover
[1.285s] Level 1:colcon.colcon_core.package_discovery:discover_packages(recursive) discover
[1.285s] INFO:colcon.colcon_core.package_discovery:Crawling recursively for packages in '/home/nayab/Lab_6/ros2_ws_nayab'
[1.285s] Level 1:colcon.colcon_core.package_identification:_identify(.) by extensions ['ignore', 'ignore_ament_install']
[1.285s] Level 1:colcon.colcon_core.package_identification:_identify(.) by extension 'ignore'
[1.286s] Level 1:colcon.colcon_core.package_identification:_identify(.) by extension 'ignore_ament_install'
[1.286s] Level 1:colcon.colcon_core.package_identification:_identify(.) by extensions ['colcon_pkg']
[1.286s] Level 1:colcon.colcon_core.package_identification:_identify(.) by extension 'colcon_pkg'
[1.286s] Level 1:colcon.colcon_core.package_identification:_identify(.) by extensions ['colcon_meta']
[1.286s] Level 1:colcon.colcon_core.package_identification:_identify(.) by extension 'colcon_meta'
[1.286s] Level 1:colcon.colcon_core.package_identification:_identify(.) by extensions ['ros']
[1.286s] Level 1:colcon.colcon_core.package_identification:_identify(.) by extension 'ros'
[1.523s] Level 1:colcon.colcon_core.package_identification:_identify(.) by extensions ['cmake', 'python']
[1.524s] Level 1:colcon.colcon_core.package_identification:_identify(.) by extension 'cmake'
[1.524s] Level 1:colcon.colcon_core.package_identification:_identify(.) by extension 'python'
[1.524s] Level 1:colcon.colcon_core.package_identification:_identify(.) by extensions ['python_setup_py']
[1.524s] Level 1:colcon.colcon_core.package_identification:_identify(.) by extension 'python_setup_py'
[1.524s] Level 1:colcon.colcon_core.package_identification:_identify(build) by extensions ['ignore', 'ignore_ament_install']
[1.525s] Level 1:colcon.colcon_core.package_identification:_identify(build) by extension 'ignore'
[1.525s] Level 1:colcon.colcon_core.package_identification:_identify(build) ignored
[1.525s] Level 1:colcon.colcon_core.package_identification:_identify(install) by extensions ['ignore', 'ignore_ament_install']
[1.525s] Level 1:colcon.colcon_core.package_identification:_identify(install) by extension 'ignore'
[1.525s] Level 1:colcon.colcon_core.package_identification:_identify(install) ignored
[1.526s] Level 1:colcon.colcon_core.package_identification:_identify(log) by extensions ['ignore', 'ignore_ament_install']
[1.526s] Level 1:colcon.colcon_core.package_identification:_identify(log) by extension 'ignore'
[1.526s] Level 1:colcon.colcon_core.package_identification:_identify(log) ignored
[1.526s] Level 1:colcon.colcon_core.package_identification:_identify(src) by extensions ['ignore', 'ignore_ament_install']
[1.526s] Level 1:colcon.colcon_core.package_identification:_identify(src) by extension 'ignore'
[1.526s] Level 1:colcon.colcon_core.package_identification:_identify(src) by extension 'ignore_ament_install'
[1.527s] Level 1:colcon.colcon_core.package_identification:_identify(src) by extensions ['colcon_pkg']
[1.527s] Level 1:colcon.colcon_core.package_identification:_identify(src) by extension 'colcon_pkg'
[1.527s] Level 1:colcon.colcon_core.package_identification:_identify(src) by extensions ['colcon_meta']
[1.527s] Level 1:colcon.colcon_core.package_identification:_identify(src) by extension 'colcon_meta'
[1.527s] Level 1:colcon.colcon_core.package_identification:_identify(src) by extensions ['ros']
[1.527s] Level 1:colcon.colcon_core.package_identification:_identify(src) by extension 'ros'
[1.527s] Level 1:colcon.colcon_core.package_identification:_identify(src) by extensions ['cmake', 'python']
[1.527s] Level 1:colcon.colcon_core.package_identification:_identify(src) by extension 'cmake'
[1.527s] Level 1:colcon.colcon_core.package_identification:_identify(src) by extension 'python'
[1.527s] Level 1:colcon.colcon_core.package_identification:_identify(src) by extensions ['python_setup_py']
[1.528s] Level 1:colcon.colcon_core.package_identification:_identify(src) by extension 'python_setup_py'
[1.528s] Level 1:colcon.colcon_core.package_identification:_identify(src/my_turtle_package) by extensions ['ignore', 'ignore_ament_install']
[1.528s] Level 1:colcon.colcon_core.package_identification:_identify(src/my_turtle_package) by extension 'ignore'
[1.528s] Level 1:colcon.colcon_core.package_identification:_identify(src/my_turtle_package) by extension 'ignore_ament_install'
[1.528s] Level 1:colcon.colcon_core.package_identification:_identify(src/my_turtle_package) by extensions ['colcon_pkg']
[1.528s] Level 1:colcon.colcon_core.package_identification:_identify(src/my_turtle_package) by extension 'colcon_pkg'
[1.528s] Level 1:colcon.colcon_core.package_identification:_identify(src/my_turtle_package) by extensions ['colcon_meta']
[1.529s] Level 1:colcon.colcon_core.package_identification:_identify(src/my_turtle_package) by extension 'colcon_meta'
[1.529s] Level 1:colcon.colcon_core.package_identification:_identify(src/my_turtle_package) by extensions ['ros']
[1.529s] Level 1:colcon.colcon_core.package_identification:_identify(src/my_turtle_package) by extension 'ros'
[1.549s] DEBUG:colcon.colcon_core.package_identification:Package 'src/my_turtle_package' with type 'ros.ament_python' and name 'my_turtle_package'
[1.549s] Level 1:colcon.colcon_core.package_discovery:discover_packages(recursive) using defaults
[1.549s] Level 1:colcon.colcon_core.package_discovery:discover_packages(ignore) discover
[1.549s] Level 1:colcon.colcon_core.package_discovery:discover_packages(ignore) using defaults
[1.549s] Level 1:colcon.colcon_core.package_discovery:discover_packages(path) discover
[1.549s] Level 1:colcon.colcon_core.package_discovery:discover_packages(path) using defaults
[1.682s] Level 1:colcon.colcon_core.package_discovery:discover_packages(prefix_path) check parameters
[1.682s] Level 1:colcon.colcon_core.package_discovery:discover_packages(prefix_path) discover
[1.694s] DEBUG:colcon.colcon_installed_package_information.package_discovery:Found 1 installed packages in /home/nayab/Lab_6/ros2_ws_nayab/install
[1.697s] DEBUG:colcon.colcon_installed_package_information.package_discovery:Found 2 installed packages in /home/nayab/ros2_ws_nayab/install
[1.706s] DEBUG:colcon.colcon_installed_package_information.package_discovery:Found 440 installed packages in /opt/ros/humble
[1.713s] Level 1:colcon.colcon_core.package_discovery:discover_packages(prefix_path) using defaults
[1.888s] Level 5:colcon.colcon_core.verb:set package 'my_turtle_package' build argument 'cmake_args' from command line to 'None'
[1.888s] Level 5:colcon.colcon_core.verb:set package 'my_turtle_package' build argument 'cmake_target' from command line to 'None'
[1.888s] Level 5:colcon.colcon_core.verb:set package 'my_turtle_package' build argument 'cmake_target_skip_unavailable' from command line to 'False'
[1.889s] Level 5:colcon.colcon_core.verb:set package 'my_turtle_package' build argument 'cmake_clean_cache' from command line to 'False'
[1.889s] Level 5:colcon.colcon_core.verb:set package 'my_turtle_package' build argument 'cmake_clean_first' from command line to 'False'
[1.889s] Level 5:colcon.colcon_core.verb:set package 'my_turtle_package' build argument 'cmake_force_configure' from command line to 'False'
[1.889s] Level 5:colcon.colcon_core.verb:set package 'my_turtle_package' build argument 'ament_cmake_args' from command line to 'None'
[1.889s] Level 5:colcon.colcon_core.verb:set package 'my_turtle_package' build argument 'catkin_cmake_args' from command line to 'None'
[1.889s] Level 5:colcon.colcon_core.verb:set package 'my_turtle_package' build argument 'catkin_skip_building_tests' from command line to 'False'
[1.889s] DEBUG:colcon.colcon_core.verb:Building package 'my_turtle_package' with the following arguments: {'ament_cmake_args': None, 'build_base': '/home/nayab/Lab_6/ros2_ws_nayab/build/my_turtle_package', 'catkin_cmake_args': None, 'catkin_skip_building_tests': False, 'cmake_args': None, 'cmake_clean_cache': False, 'cmake_clean_first': False, 'cmake_force_configure': False, 'cmake_target': None, 'cmake_target_skip_unavailable': False, 'install_base': '/home/nayab/Lab_6/ros2_ws_nayab/install/my_turtle_package', 'merge_install': False, 'path': '/home/nayab/Lab_6/ros2_ws_nayab/src/my_turtle_package', 'symlink_install': False, 'test_result_base': None}
[1.890s] INFO:colcon.colcon_core.executor:Executing jobs using 'parallel' executor
[1.894s] DEBUG:colcon.colcon_parallel_executor.executor.parallel:run_until_complete
[1.895s] INFO:colcon.colcon_ros.task.ament_python.build:Building ROS package in '/home/nayab/Lab_6/ros2_ws_nayab/src/my_turtle_package' with build type 'ament_python'
[1.895s] Level 1:colcon.colcon_core.shell:create_environment_hook('my_turtle_package', 'ament_prefix_path')
[1.924s] INFO:colcon.colcon_core.plugin_system:Skipping extension 'colcon_core.shell.bat': Not used on non-Windows systems
[1.925s] INFO:colcon.colcon_core.shell:Creating environment hook '/home/nayab/Lab_6/ros2_ws_nayab/install/my_turtle_package/share/my_turtle_package/hook/ament_prefix_path.ps1'
[1.927s] INFO:colcon.colcon_core.shell:Creating environment descriptor '/home/nayab/Lab_6/ros2_ws_nayab/install/my_turtle_package/share/my_turtle_package/hook/ament_prefix_path.dsv'
[1.929s] INFO:colcon.colcon_core.shell:Creating environment hook '/home/nayab/Lab_6/ros2_ws_nayab/install/my_turtle_package/share/my_turtle_package/hook/ament_prefix_path.sh'
[1.931s] INFO:colcon.colcon_core.shell:Skip shell extension 'powershell' for command environment: Not usable outside of PowerShell
[1.931s] DEBUG:colcon.colcon_core.shell:Skip shell extension 'dsv' for command environment
[2.918s] INFO:colcon.colcon_core.task.python.build:Building Python package in '/home/nayab/Lab_6/ros2_ws_nayab/src/my_turtle_package'
[2.919s] INFO:colcon.colcon_core.shell:Skip shell extension 'powershell' for command environment: Not usable outside of PowerShell
[2.919s] DEBUG:colcon.colcon_core.shell:Skip shell extension 'dsv' for command environment
[4.326s] DEBUG:colcon.colcon_core.event_handler.log_command:Invoking command in '/home/nayab/Lab_6/ros2_ws_nayab/src/my_turtle_package': PYTHONPATH=/home/nayab/Lab_6/ros2_ws_nayab/build/my_turtle_package/prefix_override:/usr/lib/python3/dist-packages/colcon_core/task/python/colcon_distutils_commands:/home/nayab/Lab_6/ros2_ws_nayab/install/my_turtle_package/lib/python3.10/site-packages:${PYTHONPATH} /usr/bin/python3 -W ignore:setup.py install is deprecated -W ignore:easy_install command is deprecated setup.py egg_info --egg-base ../../build/my_turtle_package build --build-base /home/nayab/Lab_6/ros2_ws_nayab/build/my_turtle_package/build install --record /home/nayab/Lab_6/ros2_ws_nayab/build/my_turtle_package/install.log --single-version-externally-managed install_data
[5.430s] DEBUG:colcon.colcon_core.event_handler.log_command:Invoked command in '/home/nayab/Lab_6/ros2_ws_nayab/src/my_turtle_package' returned '0': PYTHONPATH=/home/nayab/Lab_6/ros2_ws_nayab/build/my_turtle_package/prefix_override:/usr/lib/python3/dist-packages/colcon_core/task/python/colcon_distutils_commands:/home/nayab/Lab_6/ros2_ws_nayab/install/my_turtle_package/lib/python3.10/site-packages:${PYTHONPATH} /usr/bin/python3 -W ignore:setup.py install is deprecated -W ignore:easy_install command is deprecated setup.py egg_info --egg-base ../../build/my_turtle_package build --build-base /home/nayab/Lab_6/ros2_ws_nayab/build/my_turtle_package/build install --record /home/nayab/Lab_6/ros2_ws_nayab/build/my_turtle_package/install.log --single-version-externally-managed install_data
[5.454s] Level 1:colcon.colcon_core.environment:checking '/home/nayab/Lab_6/ros2_ws_nayab/install/my_turtle_package' for CMake module files
[5.455s] Level 1:colcon.colcon_core.environment:checking '/home/nayab/Lab_6/ros2_ws_nayab/install/my_turtle_package' for CMake config files
[5.457s] Level 1:colcon.colcon_core.environment:checking '/home/nayab/Lab_6/ros2_ws_nayab/install/my_turtle_package/lib'
[5.457s] Level 1:colcon.colcon_core.environment:checking '/home/nayab/Lab_6/ros2_ws_nayab/install/my_turtle_package/bin'
[5.457s] Level 1:colcon.colcon_core.environment:checking '/home/nayab/Lab_6/ros2_ws_nayab/install/my_turtle_package/lib/pkgconfig/my_turtle_package.pc'
[5.458s] Level 1:colcon.colcon_core.environment:checking '/home/nayab/Lab_6/ros2_ws_nayab/install/my_turtle_package/lib/python3.10/site-packages'
[5.458s] Level 1:colcon.colcon_core.shell:create_environment_hook('my_turtle_package', 'pythonpath')
[5.459s] INFO:colcon.colcon_core.shell:Creating environment hook '/home/nayab/Lab_6/ros2_ws_nayab/install/my_turtle_package/share/my_turtle_package/hook/pythonpath.ps1'
[5.467s] INFO:colcon.colcon_core.shell:Creating environment descriptor '/home/nayab/Lab_6/ros2_ws_nayab/install/my_turtle_package/share/my_turtle_package/hook/pythonpath.dsv'
[5.469s] INFO:colcon.colcon_core.shell:Creating environment hook '/home/nayab/Lab_6/ros2_ws_nayab/install/my_turtle_package/share/my_turtle_package/hook/pythonpath.sh'
[5.476s] Level 1:colcon.colcon_core.environment:checking '/home/nayab/Lab_6/ros2_ws_nayab/install/my_turtle_package/bin'
[5.477s] Level 1:colcon.colcon_core.environment:create_environment_scripts_only(my_turtle_package)
[5.478s] INFO:colcon.colcon_core.shell:Creating package script '/home/nayab/Lab_6/ros2_ws_nayab/install/my_turtle_package/share/my_turtle_package/package.ps1'
[5.481s] INFO:colcon.colcon_core.shell:Creating package descriptor '/home/nayab/Lab_6/ros2_ws_nayab/install/my_turtle_package/share/my_turtle_package/package.dsv'
[5.482s] INFO:colcon.colcon_core.shell:Creating package script '/home/nayab/Lab_6/ros2_ws_nayab/install/my_turtle_package/share/my_turtle_package/package.sh'
[5.483s] INFO:colcon.colcon_core.shell:Creating package script '/home/nayab/Lab_6/ros2_ws_nayab/install/my_turtle_package/share/my_turtle_package/package.bash'
[5.485s] INFO:colcon.colcon_core.shell:Creating package script '/home/nayab/Lab_6/ros2_ws_nayab/install/my_turtle_package/share/my_turtle_package/package.zsh'
[5.489s] Level 1:colcon.colcon_core.environment:create_file_with_runtime_dependencies(/home/nayab/Lab_6/ros2_ws_nayab/install/my_turtle_package/share/colcon-core/packages/my_turtle_package)
[5.491s] DEBUG:colcon.colcon_parallel_executor.executor.parallel:closing loop
[5.492s] DEBUG:colcon.colcon_parallel_executor.executor.parallel:loop closed
[5.492s] DEBUG:colcon.colcon_parallel_executor.executor.parallel:run_until_complete finished with '0'
[5.492s] DEBUG:colcon.colcon_core.event_reactor:joining thread
[5.524s] INFO:colcon.colcon_core.plugin_system:Skipping extension 'colcon_notification.desktop_notification.terminal_notifier': Not used on non-Darwin systems
[5.525s] INFO:colcon.colcon_core.plugin_system:Skipping extension 'colcon_notification.desktop_notification.win32': Not used on non-Windows systems
[5.526s] INFO:colcon.colcon_notification.desktop_notification:Sending desktop notification using 'notify2'
[5.579s] DEBUG:colcon.colcon_core.event_reactor:joined thread
[5.580s] INFO:colcon.colcon_core.shell:Creating prefix script '/home/nayab/Lab_6/ros2_ws_nayab/install/local_setup.ps1'
[5.583s] INFO:colcon.colcon_core.shell:Creating prefix util module '/home/nayab/Lab_6/ros2_ws_nayab/install/_local_setup_util_ps1.py'
[5.588s] INFO:colcon.colcon_core.shell:Creating prefix chain script '/home/nayab/Lab_6/ros2_ws_nayab/install/setup.ps1'
[5.597s] INFO:colcon.colcon_core.shell:Creating prefix script '/home/nayab/Lab_6/ros2_ws_nayab/install/local_setup.sh'
[5.599s] INFO:colcon.colcon_core.shell:Creating prefix util module '/home/nayab/Lab_6/ros2_ws_nayab/install/_local_setup_util_sh.py'
[5.601s] INFO:colcon.colcon_core.shell:Creating prefix chain script '/home/nayab/Lab_6/ros2_ws_nayab/install/setup.sh'
[5.603s] INFO:colcon.colcon_core.shell:Creating prefix script '/home/nayab/Lab_6/ros2_ws_nayab/install/local_setup.bash'
[5.605s] INFO:colcon.colcon_core.shell:Creating prefix chain script '/home/nayab/Lab_6/ros2_ws_nayab/install/setup.bash'
[5.612s] INFO:colcon.colcon_core.shell:Creating prefix script '/home/nayab/Lab_6/ros2_ws_nayab/install/local_setup.zsh'
[5.616s] INFO:colcon.colcon_core.shell:Creating prefix chain script '/home/nayab/Lab_6/ros2_ws_nayab/install/setup.zsh'
