[5.637s] Invoking command in '/home/nayab/Lab_6/ros2_ws_nayab/src/my_turtle_package': PYTHONPATH=/home/nayab/Lab_6/ros2_ws_nayab/build/my_turtle_package/prefix_override:/usr/lib/python3/dist-packages/colcon_core/task/python/colcon_distutils_commands:/home/nayab/Lab_6/ros2_ws_nayab/install/my_turtle_package/lib/python3.10/site-packages:${PYTHONPATH} /usr/bin/python3 -W ignore:setup.py install is deprecated -W ignore:easy_install command is deprecated setup.py egg_info --egg-base ../../build/my_turtle_package build --build-base /home/nayab/Lab_6/ros2_ws_nayab/build/my_turtle_package/build install --record /home/nayab/Lab_6/ros2_ws_nayab/build/my_turtle_package/install.log --single-version-externally-managed install_data
[7.555s] running egg_info
[7.558s] writing ../../build/my_turtle_package/my_turtle_package.egg-info/PKG-INFO
[7.560s] writing dependency_links to ../../build/my_turtle_package/my_turtle_package.egg-info/dependency_links.txt
[7.564s] writing entry points to ../../build/my_turtle_package/my_turtle_package.egg-info/entry_points.txt
[7.565s] writing requirements to ../../build/my_turtle_package/my_turtle_package.egg-info/requires.txt
[7.565s] writing top-level names to ../../build/my_turtle_package/my_turtle_package.egg-info/top_level.txt
[7.582s] reading manifest file '../../build/my_turtle_package/my_turtle_package.egg-info/SOURCES.txt'
[7.588s] writing manifest file '../../build/my_turtle_package/my_turtle_package.egg-info/SOURCES.txt'
[7.588s] running build
[7.589s] running build_py
[7.589s] copying my_turtle_package/task_2.py -> /home/nayab/Lab_6/ros2_ws_nayab/build/my_turtle_package/build/lib/my_turtle_package
[7.591s] running install
[7.593s] running install_lib
[7.600s] copying /home/nayab/Lab_6/ros2_ws_nayab/build/my_turtle_package/build/lib/my_turtle_package/task_2.py -> /home/nayab/Lab_6/ros2_ws_nayab/install/my_turtle_package/lib/python3.10/site-packages/my_turtle_package
[7.602s] byte-compiling /home/nayab/Lab_6/ros2_ws_nayab/install/my_turtle_package/lib/python3.10/site-packages/my_turtle_package/task_2.py to task_2.cpython-310.pyc
[7.605s] running install_data
[7.606s] running install_egg_info
[7.622s] removing '/home/nayab/Lab_6/ros2_ws_nayab/install/my_turtle_package/lib/python3.10/site-packages/my_turtle_package-0.0.0-py3.10.egg-info' (and everything under it)
[7.623s] Copying ../../build/my_turtle_package/my_turtle_package.egg-info to /home/nayab/Lab_6/ros2_ws_nayab/install/my_turtle_package/lib/python3.10/site-packages/my_turtle_package-0.0.0-py3.10.egg-info
[7.634s] running install_scripts
[7.759s] Installing lidar_nav script to /home/nayab/Lab_6/ros2_ws_nayab/install/my_turtle_package/lib/my_turtle_package
[7.763s] Installing task_1 script to /home/nayab/Lab_6/ros2_ws_nayab/install/my_turtle_package/lib/my_turtle_package
[7.764s] Installing task_2 script to /home/nayab/Lab_6/ros2_ws_nayab/install/my_turtle_package/lib/my_turtle_package
[7.764s] writing list of installed files to '/home/nayab/Lab_6/ros2_ws_nayab/build/my_turtle_package/install.log'
[7.919s] Invoked command in '/home/nayab/Lab_6/ros2_ws_nayab/src/my_turtle_package' returned '0': PYTHONPATH=/home/nayab/Lab_6/ros2_ws_nayab/build/my_turtle_package/prefix_override:/usr/lib/python3/dist-packages/colcon_core/task/python/colcon_distutils_commands:/home/nayab/Lab_6/ros2_ws_nayab/install/my_turtle_package/lib/python3.10/site-packages:${PYTHONPATH} /usr/bin/python3 -W ignore:setup.py install is deprecated -W ignore:easy_install command is deprecated setup.py egg_info --egg-base ../../build/my_turtle_package build --build-base /home/nayab/Lab_6/ros2_ws_nayab/build/my_turtle_package/build install --record /home/nayab/Lab_6/ros2_ws_nayab/build/my_turtle_package/install.log --single-version-externally-managed install_data
