[5.319s] Invoking command in '/home/nayab/Lab_9/ros2_ws_nayab/src/vision_task1': PYTHONPATH=/home/nayab/Lab_9/ros2_ws_nayab/build/vision_task1/prefix_override:/usr/lib/python3/dist-packages/colcon_core/task/python/colcon_distutils_commands:/home/nayab/Lab_9/ros2_ws_nayab/install/vision_task1/lib/python3.10/site-packages:${PYTHONPATH} /usr/bin/python3 -W ignore:setup.py install is deprecated -W ignore:easy_install command is deprecated setup.py egg_info --egg-base ../../build/vision_task1 build --build-base /home/nayab/Lab_9/ros2_ws_nayab/build/vision_task1/build install --record /home/nayab/Lab_9/ros2_ws_nayab/build/vision_task1/install.log --single-version-externally-managed install_data
[7.432s] running egg_info
[7.436s] writing ../../build/vision_task1/vision_task1.egg-info/PKG-INFO
[7.437s] writing dependency_links to ../../build/vision_task1/vision_task1.egg-info/dependency_links.txt
[7.438s] writing entry points to ../../build/vision_task1/vision_task1.egg-info/entry_points.txt
[7.439s] writing requirements to ../../build/vision_task1/vision_task1.egg-info/requires.txt
[7.439s] writing top-level names to ../../build/vision_task1/vision_task1.egg-info/top_level.txt
[7.467s] reading manifest file '../../build/vision_task1/vision_task1.egg-info/SOURCES.txt'
[7.474s] writing manifest file '../../build/vision_task1/vision_task1.egg-info/SOURCES.txt'
[7.475s] running build
[7.475s] running build_py
[7.476s] copying vision_task1/task_5.py -> /home/nayab/Lab_9/ros2_ws_nayab/build/vision_task1/build/lib/vision_task1
[7.479s] running install
[7.481s] running install_lib
[7.486s] copying /home/nayab/Lab_9/ros2_ws_nayab/build/vision_task1/build/lib/vision_task1/task_5.py -> /home/nayab/Lab_9/ros2_ws_nayab/install/vision_task1/lib/python3.10/site-packages/vision_task1
[7.493s] byte-compiling /home/nayab/Lab_9/ros2_ws_nayab/install/vision_task1/lib/python3.10/site-packages/vision_task1/task_5.py to task_5.cpython-310.pyc
[7.503s] running install_data
[7.503s] running install_egg_info
[7.512s] removing '/home/nayab/Lab_9/ros2_ws_nayab/install/vision_task1/lib/python3.10/site-packages/vision_task1-0.0.0-py3.10.egg-info' (and everything under it)
[7.514s] Copying ../../build/vision_task1/vision_task1.egg-info to /home/nayab/Lab_9/ros2_ws_nayab/install/vision_task1/lib/python3.10/site-packages/vision_task1-0.0.0-py3.10.egg-info
[7.518s] running install_scripts
[7.696s] Installing task_1 script to /home/nayab/Lab_9/ros2_ws_nayab/install/vision_task1/lib/vision_task1
[7.698s] Installing task_2 script to /home/nayab/Lab_9/ros2_ws_nayab/install/vision_task1/lib/vision_task1
[7.701s] Installing task_3 script to /home/nayab/Lab_9/ros2_ws_nayab/install/vision_task1/lib/vision_task1
[7.701s] Installing task_4 script to /home/nayab/Lab_9/ros2_ws_nayab/install/vision_task1/lib/vision_task1
[7.702s] Installing task_5 script to /home/nayab/Lab_9/ros2_ws_nayab/install/vision_task1/lib/vision_task1
[7.703s] writing list of installed files to '/home/nayab/Lab_9/ros2_ws_nayab/build/vision_task1/install.log'
[7.915s] Invoked command in '/home/nayab/Lab_9/ros2_ws_nayab/src/vision_task1' returned '0': PYTHONPATH=/home/nayab/Lab_9/ros2_ws_nayab/build/vision_task1/prefix_override:/usr/lib/python3/dist-packages/colcon_core/task/python/colcon_distutils_commands:/home/nayab/Lab_9/ros2_ws_nayab/install/vision_task1/lib/python3.10/site-packages:${PYTHONPATH} /usr/bin/python3 -W ignore:setup.py install is deprecated -W ignore:easy_install command is deprecated setup.py egg_info --egg-base ../../build/vision_task1 build --build-base /home/nayab/Lab_9/ros2_ws_nayab/build/vision_task1/build install --record /home/nayab/Lab_9/ros2_ws_nayab/build/vision_task1/install.log --single-version-externally-managed install_data
