[2.088s] Invoking command in '/home/nayab/Lab_4/ros2_ws_nayab/src/my_launch_pkg': PYTHONPATH=/home/nayab/Lab_4/ros2_ws_nayab/build/my_launch_pkg/prefix_override:/usr/lib/python3/dist-packages/colcon_core/task/python/colcon_distutils_commands:/home/nayab/Lab_4/ros2_ws_nayab/install/my_launch_pkg/lib/python3.10/site-packages:${PYTHONPATH} /usr/bin/python3 -W ignore:setup.py install is deprecated -W ignore:easy_install command is deprecated setup.py egg_info --egg-base ../../build/my_launch_pkg build --build-base /home/nayab/Lab_4/ros2_ws_nayab/build/my_launch_pkg/build install --record /home/nayab/Lab_4/ros2_ws_nayab/build/my_launch_pkg/install.log --single-version-externally-managed install_data
[2.610s] running egg_info
[2.611s] writing ../../build/my_launch_pkg/my_launch_pkg.egg-info/PKG-INFO
[2.611s] writing dependency_links to ../../build/my_launch_pkg/my_launch_pkg.egg-info/dependency_links.txt
[2.611s] writing entry points to ../../build/my_launch_pkg/my_launch_pkg.egg-info/entry_points.txt
[2.612s] writing requirements to ../../build/my_launch_pkg/my_launch_pkg.egg-info/requires.txt
[2.612s] writing top-level names to ../../build/my_launch_pkg/my_launch_pkg.egg-info/top_level.txt
[2.617s] reading manifest file '../../build/my_launch_pkg/my_launch_pkg.egg-info/SOURCES.txt'
[2.620s] writing manifest file '../../build/my_launch_pkg/my_launch_pkg.egg-info/SOURCES.txt'
[2.620s] running build
[2.620s] running build_py
[2.621s] running install
[2.621s] running install_lib
[2.625s] running install_data
[2.626s] copying launch/follow_launch.py -> /home/nayab/Lab_4/ros2_ws_nayab/install/my_launch_pkg/share/my_launch_pkg/launch
[2.626s] copying launch/task_2_launch.py -> /home/nayab/Lab_4/ros2_ws_nayab/install/my_launch_pkg/share/my_launch_pkg/launch
[2.626s] running install_egg_info
[2.635s] removing '/home/nayab/Lab_4/ros2_ws_nayab/install/my_launch_pkg/lib/python3.10/site-packages/my_launch_pkg-0.0.0-py3.10.egg-info' (and everything under it)
[2.636s] Copying ../../build/my_launch_pkg/my_launch_pkg.egg-info to /home/nayab/Lab_4/ros2_ws_nayab/install/my_launch_pkg/lib/python3.10/site-packages/my_launch_pkg-0.0.0-py3.10.egg-info
[2.638s] running install_scripts
[2.681s] Installing follow_leader script to /home/nayab/Lab_4/ros2_ws_nayab/install/my_launch_pkg/lib/my_launch_pkg
[2.681s] writing list of installed files to '/home/nayab/Lab_4/ros2_ws_nayab/build/my_launch_pkg/install.log'
[2.734s] Invoked command in '/home/nayab/Lab_4/ros2_ws_nayab/src/my_launch_pkg' returned '0': PYTHONPATH=/home/nayab/Lab_4/ros2_ws_nayab/build/my_launch_pkg/prefix_override:/usr/lib/python3/dist-packages/colcon_core/task/python/colcon_distutils_commands:/home/nayab/Lab_4/ros2_ws_nayab/install/my_launch_pkg/lib/python3.10/site-packages:${PYTHONPATH} /usr/bin/python3 -W ignore:setup.py install is deprecated -W ignore:easy_install command is deprecated setup.py egg_info --egg-base ../../build/my_launch_pkg build --build-base /home/nayab/Lab_4/ros2_ws_nayab/build/my_launch_pkg/build install --record /home/nayab/Lab_4/ros2_ws_nayab/build/my_launch_pkg/install.log --single-version-externally-managed install_data
