[1.776s] DEBUG:colcon:Command line arguments: ['/usr/bin/colcon', 'build']
[1.779s] DEBUG:colcon:Parsed command line arguments: Namespace(log_base=None, log_level=None, verb_name='build', build_base='build', install_base='install', merge_install=False, symlink_install=False, test_result_base=None, continue_on_error=False, executor='parallel', parallel_workers=4, event_handlers=None, ignore_user_meta=False, metas=['./colcon.meta'], base_paths=['.'], packages_ignore=None, packages_ignore_regex=None, paths=None, packages_up_to=None, packages_up_to_regex=None, packages_above=None, packages_above_and_dependencies=None, packages_above_depth=None, packages_select_by_dep=None, packages_skip_by_dep=None, packages_skip_up_to=None, packages_select_build_failed=False, packages_skip_build_finished=False, packages_select_test_failures=False, packages_skip_test_passed=False, packages_select=None, packages_skip=None, packages_select_regex=None, packages_skip_regex=None, packages_start=None, packages_end=None, allow_overriding=[], cmake_args=None, cmake_target=None, cmake_target_skip_unavailable=False, cmake_clean_cache=False, cmake_clean_first=False, cmake_force_configure=False, ament_cmake_args=None, catkin_cmake_args=None, catkin_skip_building_tests=False, verb_parser=<colcon_defaults.argument_parser.defaults.DefaultArgumentsDecorator object at 0x793857f35e10>, verb_extension=<colcon_core.verb.build.BuildVerb object at 0x793857f35900>, main=<bound method BuildVerb.main of <colcon_core.verb.build.BuildVerb object at 0x793857f35900>>)
[4.075s] Level 1:colcon.colcon_core.package_discovery:discover_packages(colcon_meta) check parameters
[4.077s] Level 1:colcon.colcon_core.package_discovery:discover_packages(recursive) check parameters
[4.077s] Level 1:colcon.colcon_core.package_discovery:discover_packages(ignore) check parameters
[4.077s] Level 1:colcon.colcon_core.package_discovery:discover_packages(path) check parameters
[4.078s] Level 1:colcon.colcon_core.package_discovery:discover_packages(colcon_meta) discover
[4.079s] Level 1:colcon.colcon_core.package_discovery:discover_packages(recursive) discover
[4.080s] INFO:colcon.colcon_core.package_discovery:Crawling recursively for packages in '/home/nayab/Lab_9/ros2_ws_nayab'
[4.082s] Level 1:colcon.colcon_core.package_identification:_identify(.) by extensions ['ignore', 'ignore_ament_install']
[4.083s] Level 1:colcon.colcon_core.package_identification:_identify(.) by extension 'ignore'
[4.084s] Level 1:colcon.colcon_core.package_identification:_identify(.) by extension 'ignore_ament_install'
[4.086s] Level 1:colcon.colcon_core.package_identification:_identify(.) by extensions ['colcon_pkg']
[4.086s] Level 1:colcon.colcon_core.package_identification:_identify(.) by extension 'colcon_pkg'
[4.087s] Level 1:colcon.colcon_core.package_identification:_identify(.) by extensions ['colcon_meta']
[4.087s] Level 1:colcon.colcon_core.package_identification:_identify(.) by extension 'colcon_meta'
[4.088s] Level 1:colcon.colcon_core.package_identification:_identify(.) by extensions ['ros']
[4.088s] Level 1:colcon.colcon_core.package_identification:_identify(.) by extension 'ros'
[4.361s] Level 1:colcon.colcon_core.package_identification:_identify(.) by extensions ['cmake', 'python']
[4.362s] Level 1:colcon.colcon_core.package_identification:_identify(.) by extension 'cmake'
[4.362s] Level 1:colcon.colcon_core.package_identification:_identify(.) by extension 'python'
[4.363s] Level 1:colcon.colcon_core.package_identification:_identify(.) by extensions ['python_setup_py']
[4.363s] Level 1:colcon.colcon_core.package_identification:_identify(.) by extension 'python_setup_py'
[4.364s] Level 1:colcon.colcon_core.package_identification:_identify(build) by extensions ['ignore', 'ignore_ament_install']
[4.365s] Level 1:colcon.colcon_core.package_identification:_identify(build) by extension 'ignore'
[4.365s] Level 1:colcon.colcon_core.package_identification:_identify(build) ignored
[4.366s] Level 1:colcon.colcon_core.package_identification:_identify(install) by extensions ['ignore', 'ignore_ament_install']
[4.366s] Level 1:colcon.colcon_core.package_identification:_identify(install) by extension 'ignore'
[4.367s] Level 1:colcon.colcon_core.package_identification:_identify(install) ignored
[4.367s] Level 1:colcon.colcon_core.package_identification:_identify(log) by extensions ['ignore', 'ignore_ament_install']
[4.368s] Level 1:colcon.colcon_core.package_identification:_identify(log) by extension 'ignore'
[4.368s] Level 1:colcon.colcon_core.package_identification:_identify(log) ignored
[4.369s] Level 1:colcon.colcon_core.package_identification:_identify(src) by extensions ['ignore', 'ignore_ament_install']
[4.369s] Level 1:colcon.colcon_core.package_identification:_identify(src) by extension 'ignore'
[4.370s] Level 1:colcon.colcon_core.package_identification:_identify(src) by extension 'ignore_ament_install'
[4.371s] Level 1:colcon.colcon_core.package_identification:_identify(src) by extensions ['colcon_pkg']
[4.372s] Level 1:colcon.colcon_core.package_identification:_identify(src) by extension 'colcon_pkg'
[4.373s] Level 1:colcon.colcon_core.package_identification:_identify(src) by extensions ['colcon_meta']
[4.373s] Level 1:colcon.colcon_core.package_identification:_identify(src) by extension 'colcon_meta'
[4.374s] Level 1:colcon.colcon_core.package_identification:_identify(src) by extensions ['ros']
[4.375s] Level 1:colcon.colcon_core.package_identification:_identify(src) by extension 'ros'
[4.376s] Level 1:colcon.colcon_core.package_identification:_identify(src) by extensions ['cmake', 'python']
[4.377s] Level 1:colcon.colcon_core.package_identification:_identify(src) by extension 'cmake'
[4.377s] Level 1:colcon.colcon_core.package_identification:_identify(src) by extension 'python'
[4.379s] Level 1:colcon.colcon_core.package_identification:_identify(src) by extensions ['python_setup_py']
[4.380s] Level 1:colcon.colcon_core.package_identification:_identify(src) by extension 'python_setup_py'
[4.383s] Level 1:colcon.colcon_core.package_identification:_identify(src/vision_task1) by extensions ['ignore', 'ignore_ament_install']
[4.384s] Level 1:colcon.colcon_core.package_identification:_identify(src/vision_task1) by extension 'ignore'
[4.385s] Level 1:colcon.colcon_core.package_identification:_identify(src/vision_task1) by extension 'ignore_ament_install'
[4.386s] Level 1:colcon.colcon_core.package_identification:_identify(src/vision_task1) by extensions ['colcon_pkg']
[4.387s] Level 1:colcon.colcon_core.package_identification:_identify(src/vision_task1) by extension 'colcon_pkg'
[4.387s] Level 1:colcon.colcon_core.package_identification:_identify(src/vision_task1) by extensions ['colcon_meta']
[4.388s] Level 1:colcon.colcon_core.package_identification:_identify(src/vision_task1) by extension 'colcon_meta'
[4.388s] Level 1:colcon.colcon_core.package_identification:_identify(src/vision_task1) by extensions ['ros']
[4.388s] Level 1:colcon.colcon_core.package_identification:_identify(src/vision_task1) by extension 'ros'
[4.404s] DEBUG:colcon.colcon_core.package_identification:Package 'src/vision_task1' with type 'ros.ament_python' and name 'vision_task1'
[4.405s] Level 1:colcon.colcon_core.package_discovery:discover_packages(recursive) using defaults
[4.405s] Level 1:colcon.colcon_core.package_discovery:discover_packages(ignore) discover
[4.405s] Level 1:colcon.colcon_core.package_discovery:discover_packages(ignore) using defaults
[4.405s] Level 1:colcon.colcon_core.package_discovery:discover_packages(path) discover
[4.405s] Level 1:colcon.colcon_core.package_discovery:discover_packages(path) using defaults
[4.625s] Level 1:colcon.colcon_core.package_discovery:discover_packages(prefix_path) check parameters
[4.626s] Level 1:colcon.colcon_core.package_discovery:discover_packages(prefix_path) discover
[4.654s] DEBUG:colcon.colcon_installed_package_information.package_discovery:Found 2 installed packages in /home/nayab/ros2_ws_nayab/install
[4.670s] DEBUG:colcon.colcon_installed_package_information.package_discovery:Found 442 installed packages in /opt/ros/humble
[4.691s] Level 1:colcon.colcon_core.package_discovery:discover_packages(prefix_path) using defaults
[5.216s] Level 5:colcon.colcon_core.verb:set package 'vision_task1' build argument 'cmake_args' from command line to 'None'
[5.216s] Level 5:colcon.colcon_core.verb:set package 'vision_task1' build argument 'cmake_target' from command line to 'None'
[5.216s] Level 5:colcon.colcon_core.verb:set package 'vision_task1' build argument 'cmake_target_skip_unavailable' from command line to 'False'
[5.217s] Level 5:colcon.colcon_core.verb:set package 'vision_task1' build argument 'cmake_clean_cache' from command line to 'False'
[5.217s] Level 5:colcon.colcon_core.verb:set package 'vision_task1' build argument 'cmake_clean_first' from command line to 'False'
[5.217s] Level 5:colcon.colcon_core.verb:set package 'vision_task1' build argument 'cmake_force_configure' from command line to 'False'
[5.218s] Level 5:colcon.colcon_core.verb:set package 'vision_task1' build argument 'ament_cmake_args' from command line to 'None'
[5.218s] Level 5:colcon.colcon_core.verb:set package 'vision_task1' build argument 'catkin_cmake_args' from command line to 'None'
[5.218s] Level 5:colcon.colcon_core.verb:set package 'vision_task1' build argument 'catkin_skip_building_tests' from command line to 'False'
[5.218s] DEBUG:colcon.colcon_core.verb:Building package 'vision_task1' with the following arguments: {'ament_cmake_args': None, 'build_base': '/home/nayab/Lab_9/ros2_ws_nayab/build/vision_task1', 'catkin_cmake_args': None, 'catkin_skip_building_tests': False, 'cmake_args': None, 'cmake_clean_cache': False, 'cmake_clean_first': False, 'cmake_force_configure': False, 'cmake_target': None, 'cmake_target_skip_unavailable': False, 'install_base': '/home/nayab/Lab_9/ros2_ws_nayab/install/vision_task1', 'merge_install': False, 'path': '/home/nayab/Lab_9/ros2_ws_nayab/src/vision_task1', 'symlink_install': False, 'test_result_base': None}
[5.220s] INFO:colcon.colcon_core.executor:Executing jobs using 'parallel' executor
[5.225s] DEBUG:colcon.colcon_parallel_executor.executor.parallel:run_until_complete
[5.226s] INFO:colcon.colcon_ros.task.ament_python.build:Building ROS package in '/home/nayab/Lab_9/ros2_ws_nayab/src/vision_task1' with build type 'ament_python'
[5.229s] Level 1:colcon.colcon_core.shell:create_environment_hook('vision_task1', 'ament_prefix_path')
[5.280s] INFO:colcon.colcon_core.plugin_system:Skipping extension 'colcon_core.shell.bat': Not used on non-Windows systems
[5.285s] INFO:colcon.colcon_core.shell:Creating environment hook '/home/nayab/Lab_9/ros2_ws_nayab/install/vision_task1/share/vision_task1/hook/ament_prefix_path.ps1'
[5.301s] INFO:colcon.colcon_core.shell:Creating environment descriptor '/home/nayab/Lab_9/ros2_ws_nayab/install/vision_task1/share/vision_task1/hook/ament_prefix_path.dsv'
[5.308s] INFO:colcon.colcon_core.shell:Creating environment hook '/home/nayab/Lab_9/ros2_ws_nayab/install/vision_task1/share/vision_task1/hook/ament_prefix_path.sh'
[5.317s] INFO:colcon.colcon_core.shell:Skip shell extension 'powershell' for command environment: Not usable outside of PowerShell
[5.318s] DEBUG:colcon.colcon_core.shell:Skip shell extension 'dsv' for command environment
[7.849s] INFO:colcon.colcon_core.task.python.build:Building Python package in '/home/nayab/Lab_9/ros2_ws_nayab/src/vision_task1'
[7.850s] INFO:colcon.colcon_core.shell:Skip shell extension 'powershell' for command environment: Not usable outside of PowerShell
[7.850s] DEBUG:colcon.colcon_core.shell:Skip shell extension 'dsv' for command environment
[12.064s] DEBUG:colcon.colcon_core.event_handler.log_command:Invoking command in '/home/nayab/Lab_9/ros2_ws_nayab/src/vision_task1': PYTHONPATH=/home/nayab/Lab_9/ros2_ws_nayab/build/vision_task1/prefix_override:/usr/lib/python3/dist-packages/colcon_core/task/python/colcon_distutils_commands:/home/nayab/Lab_9/ros2_ws_nayab/install/vision_task1/lib/python3.10/site-packages:${PYTHONPATH} /usr/bin/python3 -W ignore:setup.py install is deprecated -W ignore:easy_install command is deprecated setup.py egg_info --egg-base ../../build/vision_task1 build --build-base /home/nayab/Lab_9/ros2_ws_nayab/build/vision_task1/build install --record /home/nayab/Lab_9/ros2_ws_nayab/build/vision_task1/install.log --single-version-externally-managed install_data
[15.259s] DEBUG:colcon.colcon_core.event_handler.log_command:Invoked command in '/home/nayab/Lab_9/ros2_ws_nayab/src/vision_task1' returned '0': PYTHONPATH=/home/nayab/Lab_9/ros2_ws_nayab/build/vision_task1/prefix_override:/usr/lib/python3/dist-packages/colcon_core/task/python/colcon_distutils_commands:/home/nayab/Lab_9/ros2_ws_nayab/install/vision_task1/lib/python3.10/site-packages:${PYTHONPATH} /usr/bin/python3 -W ignore:setup.py install is deprecated -W ignore:easy_install command is deprecated setup.py egg_info --egg-base ../../build/vision_task1 build --build-base /home/nayab/Lab_9/ros2_ws_nayab/build/vision_task1/build install --record /home/nayab/Lab_9/ros2_ws_nayab/build/vision_task1/install.log --single-version-externally-managed install_data
[15.292s] Level 1:colcon.colcon_core.environment:checking '/home/nayab/Lab_9/ros2_ws_nayab/install/vision_task1' for CMake module files
[15.303s] Level 1:colcon.colcon_core.environment:checking '/home/nayab/Lab_9/ros2_ws_nayab/install/vision_task1' for CMake config files
[15.318s] Level 1:colcon.colcon_core.environment:checking '/home/nayab/Lab_9/ros2_ws_nayab/install/vision_task1/lib'
[15.320s] Level 1:colcon.colcon_core.environment:checking '/home/nayab/Lab_9/ros2_ws_nayab/install/vision_task1/bin'
[15.322s] Level 1:colcon.colcon_core.environment:checking '/home/nayab/Lab_9/ros2_ws_nayab/install/vision_task1/lib/pkgconfig/vision_task1.pc'
[15.325s] Level 1:colcon.colcon_core.environment:checking '/home/nayab/Lab_9/ros2_ws_nayab/install/vision_task1/lib/python3.10/site-packages'
[15.326s] Level 1:colcon.colcon_core.shell:create_environment_hook('vision_task1', 'pythonpath')
[15.329s] INFO:colcon.colcon_core.shell:Creating environment hook '/home/nayab/Lab_9/ros2_ws_nayab/install/vision_task1/share/vision_task1/hook/pythonpath.ps1'
[15.333s] INFO:colcon.colcon_core.shell:Creating environment descriptor '/home/nayab/Lab_9/ros2_ws_nayab/install/vision_task1/share/vision_task1/hook/pythonpath.dsv'
[15.337s] INFO:colcon.colcon_core.shell:Creating environment hook '/home/nayab/Lab_9/ros2_ws_nayab/install/vision_task1/share/vision_task1/hook/pythonpath.sh'
[15.343s] Level 1:colcon.colcon_core.environment:checking '/home/nayab/Lab_9/ros2_ws_nayab/install/vision_task1/bin'
[15.346s] Level 1:colcon.colcon_core.environment:create_environment_scripts_only(vision_task1)
[15.352s] INFO:colcon.colcon_core.shell:Creating package script '/home/nayab/Lab_9/ros2_ws_nayab/install/vision_task1/share/vision_task1/package.ps1'
[15.364s] INFO:colcon.colcon_core.shell:Creating package descriptor '/home/nayab/Lab_9/ros2_ws_nayab/install/vision_task1/share/vision_task1/package.dsv'
[15.373s] INFO:colcon.colcon_core.shell:Creating package script '/home/nayab/Lab_9/ros2_ws_nayab/install/vision_task1/share/vision_task1/package.sh'
[15.381s] INFO:colcon.colcon_core.shell:Creating package script '/home/nayab/Lab_9/ros2_ws_nayab/install/vision_task1/share/vision_task1/package.bash'
[15.405s] INFO:colcon.colcon_core.shell:Creating package script '/home/nayab/Lab_9/ros2_ws_nayab/install/vision_task1/share/vision_task1/package.zsh'
[15.409s] Level 1:colcon.colcon_core.environment:create_file_with_runtime_dependencies(/home/nayab/Lab_9/ros2_ws_nayab/install/vision_task1/share/colcon-core/packages/vision_task1)
[15.411s] DEBUG:colcon.colcon_parallel_executor.executor.parallel:closing loop
[15.414s] DEBUG:colcon.colcon_parallel_executor.executor.parallel:loop closed
[15.414s] DEBUG:colcon.colcon_parallel_executor.executor.parallel:run_until_complete finished with '0'
[15.415s] DEBUG:colcon.colcon_core.event_reactor:joining thread
[15.483s] INFO:colcon.colcon_core.plugin_system:Skipping extension 'colcon_notification.desktop_notification.terminal_notifier': Not used on non-Darwin systems
[15.487s] INFO:colcon.colcon_core.plugin_system:Skipping extension 'colcon_notification.desktop_notification.win32': Not used on non-Windows systems
[15.488s] INFO:colcon.colcon_notification.desktop_notification:Sending desktop notification using 'notify2'
[15.595s] DEBUG:colcon.colcon_core.event_reactor:joined thread
[15.597s] INFO:colcon.colcon_core.shell:Creating prefix script '/home/nayab/Lab_9/ros2_ws_nayab/install/local_setup.ps1'
[15.621s] INFO:colcon.colcon_core.shell:Creating prefix util module '/home/nayab/Lab_9/ros2_ws_nayab/install/_local_setup_util_ps1.py'
[15.635s] INFO:colcon.colcon_core.shell:Creating prefix chain script '/home/nayab/Lab_9/ros2_ws_nayab/install/setup.ps1'
[15.645s] INFO:colcon.colcon_core.shell:Creating prefix script '/home/nayab/Lab_9/ros2_ws_nayab/install/local_setup.sh'
[15.658s] INFO:colcon.colcon_core.shell:Creating prefix util module '/home/nayab/Lab_9/ros2_ws_nayab/install/_local_setup_util_sh.py'
[15.662s] INFO:colcon.colcon_core.shell:Creating prefix chain script '/home/nayab/Lab_9/ros2_ws_nayab/install/setup.sh'
[15.669s] INFO:colcon.colcon_core.shell:Creating prefix script '/home/nayab/Lab_9/ros2_ws_nayab/install/local_setup.bash'
[15.672s] INFO:colcon.colcon_core.shell:Creating prefix chain script '/home/nayab/Lab_9/ros2_ws_nayab/install/setup.bash'
[15.689s] INFO:colcon.colcon_core.shell:Creating prefix script '/home/nayab/Lab_9/ros2_ws_nayab/install/local_setup.zsh'
[15.704s] INFO:colcon.colcon_core.shell:Creating prefix chain script '/home/nayab/Lab_9/ros2_ws_nayab/install/setup.zsh'
