[2.597s] Invoking command in '/home/nayab/Lab_6/ros2_ws_nayab/src/my_turtle_package': PYTHONPATH=/home/nayab/Lab_6/ros2_ws_nayab/build/my_turtle_package/prefix_override:/usr/lib/python3/dist-packages/colcon_core/task/python/colcon_distutils_commands:/home/nayab/Lab_6/ros2_ws_nayab/install/my_turtle_package/lib/python3.10/site-packages:${PYTHONPATH} /usr/bin/python3 -W ignore:setup.py install is deprecated -W ignore:easy_install command is deprecated setup.py egg_info --egg-base ../../build/my_turtle_package build --build-base /home/nayab/Lab_6/ros2_ws_nayab/build/my_turtle_package/build install --record /home/nayab/Lab_6/ros2_ws_nayab/build/my_turtle_package/install.log --single-version-externally-managed install_data
[3.527s] running egg_info
[3.531s] writing ../../build/my_turtle_package/my_turtle_package.egg-info/PKG-INFO
[3.531s] writing dependency_links to ../../build/my_turtle_package/my_turtle_package.egg-info/dependency_links.txt
[3.532s] writing entry points to ../../build/my_turtle_package/my_turtle_package.egg-info/entry_points.txt
[3.533s] writing requirements to ../../build/my_turtle_package/my_turtle_package.egg-info/requires.txt
[3.534s] writing top-level names to ../../build/my_turtle_package/my_turtle_package.egg-info/top_level.txt
[3.542s] reading manifest file '../../build/my_turtle_package/my_turtle_package.egg-info/SOURCES.txt'
[3.549s] writing manifest file '../../build/my_turtle_package/my_turtle_package.egg-info/SOURCES.txt'
[3.549s] running build
[3.552s] running build_py
[3.555s] copying my_turtle_package/task_5.py -> /home/nayab/Lab_6/ros2_ws_nayab/build/my_turtle_package/build/lib/my_turtle_package
[3.561s] running install
[3.561s] running install_lib
[3.568s] copying /home/nayab/Lab_6/ros2_ws_nayab/build/my_turtle_package/build/lib/my_turtle_package/task_5.py -> /home/nayab/Lab_6/ros2_ws_nayab/install/my_turtle_package/lib/python3.10/site-packages/my_turtle_package
[3.569s] byte-compiling /home/nayab/Lab_6/ros2_ws_nayab/install/my_turtle_package/lib/python3.10/site-packages/my_turtle_package/task_5.py to task_5.cpython-310.pyc
[3.574s] running install_data
[3.576s] running install_egg_info
[3.589s] removing '/home/nayab/Lab_6/ros2_ws_nayab/install/my_turtle_package/lib/python3.10/site-packages/my_turtle_package-0.0.0-py3.10.egg-info' (and everything under it)
[3.589s] Copying ../../build/my_turtle_package/my_turtle_package.egg-info to /home/nayab/Lab_6/ros2_ws_nayab/install/my_turtle_package/lib/python3.10/site-packages/my_turtle_package-0.0.0-py3.10.egg-info
[3.591s] running install_scripts
[3.666s] Installing lidar_nav script to /home/nayab/Lab_6/ros2_ws_nayab/install/my_turtle_package/lib/my_turtle_package
[3.666s] Installing task_1 script to /home/nayab/Lab_6/ros2_ws_nayab/install/my_turtle_package/lib/my_turtle_package
[3.667s] Installing task_2 script to /home/nayab/Lab_6/ros2_ws_nayab/install/my_turtle_package/lib/my_turtle_package
[3.667s] Installing task_3 script to /home/nayab/Lab_6/ros2_ws_nayab/install/my_turtle_package/lib/my_turtle_package
[3.667s] Installing task_4 script to /home/nayab/Lab_6/ros2_ws_nayab/install/my_turtle_package/lib/my_turtle_package
[3.667s] Installing task_5 script to /home/nayab/Lab_6/ros2_ws_nayab/install/my_turtle_package/lib/my_turtle_package
[3.668s] writing list of installed files to '/home/nayab/Lab_6/ros2_ws_nayab/build/my_turtle_package/install.log'
[3.793s] Invoked command in '/home/nayab/Lab_6/ros2_ws_nayab/src/my_turtle_package' returned '0': PYTHONPATH=/home/nayab/Lab_6/ros2_ws_nayab/build/my_turtle_package/prefix_override:/usr/lib/python3/dist-packages/colcon_core/task/python/colcon_distutils_commands:/home/nayab/Lab_6/ros2_ws_nayab/install/my_turtle_package/lib/python3.10/site-packages:${PYTHONPATH} /usr/bin/python3 -W ignore:setup.py install is deprecated -W ignore:easy_install command is deprecated setup.py egg_info --egg-base ../../build/my_turtle_package build --build-base /home/nayab/Lab_6/ros2_ws_nayab/build/my_turtle_package/build install --record /home/nayab/Lab_6/ros2_ws_nayab/build/my_turtle_package/install.log --single-version-externally-managed install_data
