[2.429s] Invoking command in '/home/nayab/Lab_6/ros2_ws_nayab/src/my_turtle_package': PYTHONPATH=/home/nayab/Lab_6/ros2_ws_nayab/build/my_turtle_package/prefix_override:/usr/lib/python3/dist-packages/colcon_core/task/python/colcon_distutils_commands:/home/nayab/Lab_6/ros2_ws_nayab/install/my_turtle_package/lib/python3.10/site-packages:${PYTHONPATH} /usr/bin/python3 -W ignore:setup.py install is deprecated -W ignore:easy_install command is deprecated setup.py egg_info --egg-base ../../build/my_turtle_package build --build-base /home/nayab/Lab_6/ros2_ws_nayab/build/my_turtle_package/build install --record /home/nayab/Lab_6/ros2_ws_nayab/build/my_turtle_package/install.log --single-version-externally-managed install_data
[3.285s] running egg_info
[3.287s] writing ../../build/my_turtle_package/my_turtle_package.egg-info/PKG-INFO
[3.287s] writing dependency_links to ../../build/my_turtle_package/my_turtle_package.egg-info/dependency_links.txt
[3.288s] writing entry points to ../../build/my_turtle_package/my_turtle_package.egg-info/entry_points.txt
[3.288s] writing requirements to ../../build/my_turtle_package/my_turtle_package.egg-info/requires.txt
[3.288s] writing top-level names to ../../build/my_turtle_package/my_turtle_package.egg-info/top_level.txt
[3.302s] reading manifest file '../../build/my_turtle_package/my_turtle_package.egg-info/SOURCES.txt'
[3.305s] writing manifest file '../../build/my_turtle_package/my_turtle_package.egg-info/SOURCES.txt'
[3.306s] running build
[3.307s] running build_py
[3.307s] copying my_turtle_package/task_5.py -> /home/nayab/Lab_6/ros2_ws_nayab/build/my_turtle_package/build/lib/my_turtle_package
[3.308s] running install
[3.309s] running install_lib
[3.312s] copying /home/nayab/Lab_6/ros2_ws_nayab/build/my_turtle_package/build/lib/my_turtle_package/task_5.py -> /home/nayab/Lab_6/ros2_ws_nayab/install/my_turtle_package/lib/python3.10/site-packages/my_turtle_package
[3.313s] byte-compiling /home/nayab/Lab_6/ros2_ws_nayab/install/my_turtle_package/lib/python3.10/site-packages/my_turtle_package/task_5.py to task_5.cpython-310.pyc
[3.315s] running install_data
[3.316s] running install_egg_info
[3.327s] removing '/home/nayab/Lab_6/ros2_ws_nayab/install/my_turtle_package/lib/python3.10/site-packages/my_turtle_package-0.0.0-py3.10.egg-info' (and everything under it)
[3.327s] Copying ../../build/my_turtle_package/my_turtle_package.egg-info to /home/nayab/Lab_6/ros2_ws_nayab/install/my_turtle_package/lib/python3.10/site-packages/my_turtle_package-0.0.0-py3.10.egg-info
[3.331s] running install_scripts
[3.402s] Installing lidar_nav script to /home/nayab/Lab_6/ros2_ws_nayab/install/my_turtle_package/lib/my_turtle_package
[3.402s] Installing task_1 script to /home/nayab/Lab_6/ros2_ws_nayab/install/my_turtle_package/lib/my_turtle_package
[3.403s] Installing task_2 script to /home/nayab/Lab_6/ros2_ws_nayab/install/my_turtle_package/lib/my_turtle_package
[3.403s] Installing task_3 script to /home/nayab/Lab_6/ros2_ws_nayab/install/my_turtle_package/lib/my_turtle_package
[3.403s] Installing task_4 script to /home/nayab/Lab_6/ros2_ws_nayab/install/my_turtle_package/lib/my_turtle_package
[3.404s] Installing task_5 script to /home/nayab/Lab_6/ros2_ws_nayab/install/my_turtle_package/lib/my_turtle_package
[3.405s] writing list of installed files to '/home/nayab/Lab_6/ros2_ws_nayab/build/my_turtle_package/install.log'
[3.534s] Invoked command in '/home/nayab/Lab_6/ros2_ws_nayab/src/my_turtle_package' returned '0': PYTHONPATH=/home/nayab/Lab_6/ros2_ws_nayab/build/my_turtle_package/prefix_override:/usr/lib/python3/dist-packages/colcon_core/task/python/colcon_distutils_commands:/home/nayab/Lab_6/ros2_ws_nayab/install/my_turtle_package/lib/python3.10/site-packages:${PYTHONPATH} /usr/bin/python3 -W ignore:setup.py install is deprecated -W ignore:easy_install command is deprecated setup.py egg_info --egg-base ../../build/my_turtle_package build --build-base /home/nayab/Lab_6/ros2_ws_nayab/build/my_turtle_package/build install --record /home/nayab/Lab_6/ros2_ws_nayab/build/my_turtle_package/install.log --single-version-externally-managed install_data
