[6.443s] Invoking command in '/home/nayab/Lab_9/ros2_ws_nayab/src/vision_task1': PYTHONPATH=/home/nayab/Lab_9/ros2_ws_nayab/build/vision_task1/prefix_override:/usr/lib/python3/dist-packages/colcon_core/task/python/colcon_distutils_commands:/home/nayab/Lab_9/ros2_ws_nayab/install/vision_task1/lib/python3.10/site-packages:${PYTHONPATH} /usr/bin/python3 -W ignore:setup.py install is deprecated -W ignore:easy_install command is deprecated setup.py egg_info --egg-base ../../build/vision_task1 build --build-base /home/nayab/Lab_9/ros2_ws_nayab/build/vision_task1/build install --record /home/nayab/Lab_9/ros2_ws_nayab/build/vision_task1/install.log --single-version-externally-managed install_data
[8.805s] running egg_info
[8.808s] writing ../../build/vision_task1/vision_task1.egg-info/PKG-INFO
[8.811s] writing dependency_links to ../../build/vision_task1/vision_task1.egg-info/dependency_links.txt
[8.812s] writing entry points to ../../build/vision_task1/vision_task1.egg-info/entry_points.txt
[8.814s] writing requirements to ../../build/vision_task1/vision_task1.egg-info/requires.txt
[8.815s] writing top-level names to ../../build/vision_task1/vision_task1.egg-info/top_level.txt
[8.824s] reading manifest file '../../build/vision_task1/vision_task1.egg-info/SOURCES.txt'
[8.828s] writing manifest file '../../build/vision_task1/vision_task1.egg-info/SOURCES.txt'
[8.831s] running build
[8.833s] running build_py
[8.837s] running install
[8.839s] running install_lib
[8.859s] running install_data
[8.860s] running install_egg_info
[8.873s] removing '/home/nayab/Lab_9/ros2_ws_nayab/install/vision_task1/lib/python3.10/site-packages/vision_task1-0.0.0-py3.10.egg-info' (and everything under it)
[8.878s] Copying ../../build/vision_task1/vision_task1.egg-info to /home/nayab/Lab_9/ros2_ws_nayab/install/vision_task1/lib/python3.10/site-packages/vision_task1-0.0.0-py3.10.egg-info
[8.884s] running install_scripts
[9.071s] Installing task_1 script to /home/nayab/Lab_9/ros2_ws_nayab/install/vision_task1/lib/vision_task1
[9.093s] Installing task_2 script to /home/nayab/Lab_9/ros2_ws_nayab/install/vision_task1/lib/vision_task1
[9.095s] Installing task_3 script to /home/nayab/Lab_9/ros2_ws_nayab/install/vision_task1/lib/vision_task1
[9.095s] Installing task_4 script to /home/nayab/Lab_9/ros2_ws_nayab/install/vision_task1/lib/vision_task1
[9.102s] Installing task_5 script to /home/nayab/Lab_9/ros2_ws_nayab/install/vision_task1/lib/vision_task1
[9.103s] writing list of installed files to '/home/nayab/Lab_9/ros2_ws_nayab/build/vision_task1/install.log'
[9.295s] Invoked command in '/home/nayab/Lab_9/ros2_ws_nayab/src/vision_task1' returned '0': PYTHONPATH=/home/nayab/Lab_9/ros2_ws_nayab/build/vision_task1/prefix_override:/usr/lib/python3/dist-packages/colcon_core/task/python/colcon_distutils_commands:/home/nayab/Lab_9/ros2_ws_nayab/install/vision_task1/lib/python3.10/site-packages:${PYTHONPATH} /usr/bin/python3 -W ignore:setup.py install is deprecated -W ignore:easy_install command is deprecated setup.py egg_info --egg-base ../../build/vision_task1 build --build-base /home/nayab/Lab_9/ros2_ws_nayab/build/vision_task1/build install --record /home/nayab/Lab_9/ros2_ws_nayab/build/vision_task1/install.log --single-version-externally-managed install_data
