[0.968s] DEBUG:colcon:Command line arguments: ['/usr/bin/colcon', 'build']
[0.970s] DEBUG:colcon:Parsed command line arguments: Namespace(log_base=None, log_level=None, verb_name='build', build_base='build', install_base='install', merge_install=False, symlink_install=False, test_result_base=None, continue_on_error=False, executor='parallel', parallel_workers=4, event_handlers=None, ignore_user_meta=False, metas=['./colcon.meta'], base_paths=['.'], packages_ignore=None, packages_ignore_regex=None, paths=None, packages_up_to=None, packages_up_to_regex=None, packages_above=None, packages_above_and_dependencies=None, packages_above_depth=None, packages_select_by_dep=None, packages_skip_by_dep=None, packages_skip_up_to=None, packages_select_build_failed=False, packages_skip_build_finished=False, packages_select_test_failures=False, packages_skip_test_passed=False, packages_select=None, packages_skip=None, packages_select_regex=None, packages_skip_regex=None, packages_start=None, packages_end=None, allow_overriding=[], cmake_args=None, cmake_target=None, cmake_target_skip_unavailable=False, cmake_clean_cache=False, cmake_clean_first=False, cmake_force_configure=False, ament_cmake_args=None, catkin_cmake_args=None, catkin_skip_building_tests=False, verb_parser=<colcon_defaults.argument_parser.defaults.DefaultArgumentsDecorator object at 0x7a1bb7a5e770>, verb_extension=<colcon_core.verb.build.BuildVerb object at 0x7a1bb7a5e260>, main=<bound method BuildVerb.main of <colcon_core.verb.build.BuildVerb object at 0x7a1bb7a5e260>>)
[2.517s] Level 1:colcon.colcon_core.package_discovery:discover_packages(colcon_meta) check parameters
[2.518s] Level 1:colcon.colcon_core.package_discovery:discover_packages(recursive) check parameters
[2.518s] Level 1:colcon.colcon_core.package_discovery:discover_packages(ignore) check parameters
[2.518s] Level 1:colcon.colcon_core.package_discovery:discover_packages(path) check parameters
[2.519s] Level 1:colcon.colcon_core.package_discovery:discover_packages(colcon_meta) discover
[2.519s] Level 1:colcon.colcon_core.package_discovery:discover_packages(recursive) discover
[2.519s] INFO:colcon.colcon_core.package_discovery:Crawling recursively for packages in '/home/nayab/Lab_9/ros2_ws_nayab'
[2.520s] Level 1:colcon.colcon_core.package_identification:_identify(.) by extensions ['ignore', 'ignore_ament_install']
[2.521s] Level 1:colcon.colcon_core.package_identification:_identify(.) by extension 'ignore'
[2.521s] Level 1:colcon.colcon_core.package_identification:_identify(.) by extension 'ignore_ament_install'
[2.522s] Level 1:colcon.colcon_core.package_identification:_identify(.) by extensions ['colcon_pkg']
[2.522s] Level 1:colcon.colcon_core.package_identification:_identify(.) by extension 'colcon_pkg'
[2.523s] Level 1:colcon.colcon_core.package_identification:_identify(.) by extensions ['colcon_meta']
[2.523s] Level 1:colcon.colcon_core.package_identification:_identify(.) by extension 'colcon_meta'
[2.523s] Level 1:colcon.colcon_core.package_identification:_identify(.) by extensions ['ros']
[2.524s] Level 1:colcon.colcon_core.package_identification:_identify(.) by extension 'ros'
[2.826s] Level 1:colcon.colcon_core.package_identification:_identify(.) by extensions ['cmake', 'python']
[2.827s] Level 1:colcon.colcon_core.package_identification:_identify(.) by extension 'cmake'
[2.827s] Level 1:colcon.colcon_core.package_identification:_identify(.) by extension 'python'
[2.828s] Level 1:colcon.colcon_core.package_identification:_identify(.) by extensions ['python_setup_py']
[2.828s] Level 1:colcon.colcon_core.package_identification:_identify(.) by extension 'python_setup_py'
[2.828s] Level 1:colcon.colcon_core.package_identification:_identify(build) by extensions ['ignore', 'ignore_ament_install']
[2.829s] Level 1:colcon.colcon_core.package_identification:_identify(build) by extension 'ignore'
[2.829s] Level 1:colcon.colcon_core.package_identification:_identify(build) ignored
[2.830s] Level 1:colcon.colcon_core.package_identification:_identify(install) by extensions ['ignore', 'ignore_ament_install']
[2.830s] Level 1:colcon.colcon_core.package_identification:_identify(install) by extension 'ignore'
[2.831s] Level 1:colcon.colcon_core.package_identification:_identify(install) ignored
[2.831s] Level 1:colcon.colcon_core.package_identification:_identify(log) by extensions ['ignore', 'ignore_ament_install']
[2.832s] Level 1:colcon.colcon_core.package_identification:_identify(log) by extension 'ignore'
[2.832s] Level 1:colcon.colcon_core.package_identification:_identify(log) ignored
[2.833s] Level 1:colcon.colcon_core.package_identification:_identify(src) by extensions ['ignore', 'ignore_ament_install']
[2.833s] Level 1:colcon.colcon_core.package_identification:_identify(src) by extension 'ignore'
[2.834s] Level 1:colcon.colcon_core.package_identification:_identify(src) by extension 'ignore_ament_install'
[2.834s] Level 1:colcon.colcon_core.package_identification:_identify(src) by extensions ['colcon_pkg']
[2.834s] Level 1:colcon.colcon_core.package_identification:_identify(src) by extension 'colcon_pkg'
[2.834s] Level 1:colcon.colcon_core.package_identification:_identify(src) by extensions ['colcon_meta']
[2.835s] Level 1:colcon.colcon_core.package_identification:_identify(src) by extension 'colcon_meta'
[2.835s] Level 1:colcon.colcon_core.package_identification:_identify(src) by extensions ['ros']
[2.835s] Level 1:colcon.colcon_core.package_identification:_identify(src) by extension 'ros'
[2.835s] Level 1:colcon.colcon_core.package_identification:_identify(src) by extensions ['cmake', 'python']
[2.836s] Level 1:colcon.colcon_core.package_identification:_identify(src) by extension 'cmake'
[2.836s] Level 1:colcon.colcon_core.package_identification:_identify(src) by extension 'python'
[2.836s] Level 1:colcon.colcon_core.package_identification:_identify(src) by extensions ['python_setup_py']
[2.836s] Level 1:colcon.colcon_core.package_identification:_identify(src) by extension 'python_setup_py'
[2.837s] Level 1:colcon.colcon_core.package_identification:_identify(src/vision_task1) by extensions ['ignore', 'ignore_ament_install']
[2.838s] Level 1:colcon.colcon_core.package_identification:_identify(src/vision_task1) by extension 'ignore'
[2.839s] Level 1:colcon.colcon_core.package_identification:_identify(src/vision_task1) by extension 'ignore_ament_install'
[2.839s] Level 1:colcon.colcon_core.package_identification:_identify(src/vision_task1) by extensions ['colcon_pkg']
[2.839s] Level 1:colcon.colcon_core.package_identification:_identify(src/vision_task1) by extension 'colcon_pkg'
[2.840s] Level 1:colcon.colcon_core.package_identification:_identify(src/vision_task1) by extensions ['colcon_meta']
[2.840s] Level 1:colcon.colcon_core.package_identification:_identify(src/vision_task1) by extension 'colcon_meta'
[2.840s] Level 1:colcon.colcon_core.package_identification:_identify(src/vision_task1) by extensions ['ros']
[2.840s] Level 1:colcon.colcon_core.package_identification:_identify(src/vision_task1) by extension 'ros'
[2.856s] DEBUG:colcon.colcon_core.package_identification:Package 'src/vision_task1' with type 'ros.ament_python' and name 'vision_task1'
[2.856s] Level 1:colcon.colcon_core.package_discovery:discover_packages(recursive) using defaults
[2.857s] Level 1:colcon.colcon_core.package_discovery:discover_packages(ignore) discover
[2.857s] Level 1:colcon.colcon_core.package_discovery:discover_packages(ignore) using defaults
[2.857s] Level 1:colcon.colcon_core.package_discovery:discover_packages(path) discover
[2.857s] Level 1:colcon.colcon_core.package_discovery:discover_packages(path) using defaults
[2.987s] Level 1:colcon.colcon_core.package_discovery:discover_packages(prefix_path) check parameters
[2.988s] Level 1:colcon.colcon_core.package_discovery:discover_packages(prefix_path) discover
[2.999s] DEBUG:colcon.colcon_installed_package_information.package_discovery:Found 1 installed packages in /home/nayab/Lab_9/ros2_ws_nayab/install
[3.001s] DEBUG:colcon.colcon_installed_package_information.package_discovery:Found 2 installed packages in /home/nayab/ros2_ws_nayab/install
[3.010s] DEBUG:colcon.colcon_installed_package_information.package_discovery:Found 442 installed packages in /opt/ros/humble
[3.029s] Level 1:colcon.colcon_core.package_discovery:discover_packages(prefix_path) using defaults
[3.374s] Level 5:colcon.colcon_core.verb:set package 'vision_task1' build argument 'cmake_args' from command line to 'None'
[3.374s] Level 5:colcon.colcon_core.verb:set package 'vision_task1' build argument 'cmake_target' from command line to 'None'
[3.375s] Level 5:colcon.colcon_core.verb:set package 'vision_task1' build argument 'cmake_target_skip_unavailable' from command line to 'False'
[3.375s] Level 5:colcon.colcon_core.verb:set package 'vision_task1' build argument 'cmake_clean_cache' from command line to 'False'
[3.375s] Level 5:colcon.colcon_core.verb:set package 'vision_task1' build argument 'cmake_clean_first' from command line to 'False'
[3.375s] Level 5:colcon.colcon_core.verb:set package 'vision_task1' build argument 'cmake_force_configure' from command line to 'False'
[3.375s] Level 5:colcon.colcon_core.verb:set package 'vision_task1' build argument 'ament_cmake_args' from command line to 'None'
[3.376s] Level 5:colcon.colcon_core.verb:set package 'vision_task1' build argument 'catkin_cmake_args' from command line to 'None'
[3.376s] Level 5:colcon.colcon_core.verb:set package 'vision_task1' build argument 'catkin_skip_building_tests' from command line to 'False'
[3.376s] DEBUG:colcon.colcon_core.verb:Building package 'vision_task1' with the following arguments: {'ament_cmake_args': None, 'build_base': '/home/nayab/Lab_9/ros2_ws_nayab/build/vision_task1', 'catkin_cmake_args': None, 'catkin_skip_building_tests': False, 'cmake_args': None, 'cmake_clean_cache': False, 'cmake_clean_first': False, 'cmake_force_configure': False, 'cmake_target': None, 'cmake_target_skip_unavailable': False, 'install_base': '/home/nayab/Lab_9/ros2_ws_nayab/install/vision_task1', 'merge_install': False, 'path': '/home/nayab/Lab_9/ros2_ws_nayab/src/vision_task1', 'symlink_install': False, 'test_result_base': None}
[3.378s] INFO:colcon.colcon_core.executor:Executing jobs using 'parallel' executor
[3.384s] DEBUG:colcon.colcon_parallel_executor.executor.parallel:run_until_complete
[3.387s] INFO:colcon.colcon_ros.task.ament_python.build:Building ROS package in '/home/nayab/Lab_9/ros2_ws_nayab/src/vision_task1' with build type 'ament_python'
[3.388s] Level 1:colcon.colcon_core.shell:create_environment_hook('vision_task1', 'ament_prefix_path')
[3.396s] INFO:colcon.colcon_core.plugin_system:Skipping extension 'colcon_core.shell.bat': Not used on non-Windows systems
[3.397s] INFO:colcon.colcon_core.shell:Creating environment hook '/home/nayab/Lab_9/ros2_ws_nayab/install/vision_task1/share/vision_task1/hook/ament_prefix_path.ps1'
[3.399s] INFO:colcon.colcon_core.shell:Creating environment descriptor '/home/nayab/Lab_9/ros2_ws_nayab/install/vision_task1/share/vision_task1/hook/ament_prefix_path.dsv'
[3.402s] INFO:colcon.colcon_core.shell:Creating environment hook '/home/nayab/Lab_9/ros2_ws_nayab/install/vision_task1/share/vision_task1/hook/ament_prefix_path.sh'
[3.409s] INFO:colcon.colcon_core.shell:Skip shell extension 'powershell' for command environment: Not usable outside of PowerShell
[3.410s] DEBUG:colcon.colcon_core.shell:Skip shell extension 'dsv' for command environment
[5.562s] INFO:colcon.colcon_core.task.python.build:Building Python package in '/home/nayab/Lab_9/ros2_ws_nayab/src/vision_task1'
[5.564s] INFO:colcon.colcon_core.shell:Skip shell extension 'powershell' for command environment: Not usable outside of PowerShell
[5.565s] DEBUG:colcon.colcon_core.shell:Skip shell extension 'dsv' for command environment
[7.441s] DEBUG:colcon.colcon_core.event_handler.log_command:Invoking command in '/home/nayab/Lab_9/ros2_ws_nayab/src/vision_task1': PYTHONPATH=/home/nayab/Lab_9/ros2_ws_nayab/build/vision_task1/prefix_override:/usr/lib/python3/dist-packages/colcon_core/task/python/colcon_distutils_commands:/home/nayab/Lab_9/ros2_ws_nayab/install/vision_task1/lib/python3.10/site-packages:${PYTHONPATH} /usr/bin/python3 -W ignore:setup.py install is deprecated -W ignore:easy_install command is deprecated setup.py egg_info --egg-base ../../build/vision_task1 build --build-base /home/nayab/Lab_9/ros2_ws_nayab/build/vision_task1/build install --record /home/nayab/Lab_9/ros2_ws_nayab/build/vision_task1/install.log --single-version-externally-managed install_data
[9.421s] DEBUG:colcon.colcon_core.event_handler.log_command:Invoked command in '/home/nayab/Lab_9/ros2_ws_nayab/src/vision_task1' returned '0': PYTHONPATH=/home/nayab/Lab_9/ros2_ws_nayab/build/vision_task1/prefix_override:/usr/lib/python3/dist-packages/colcon_core/task/python/colcon_distutils_commands:/home/nayab/Lab_9/ros2_ws_nayab/install/vision_task1/lib/python3.10/site-packages:${PYTHONPATH} /usr/bin/python3 -W ignore:setup.py install is deprecated -W ignore:easy_install command is deprecated setup.py egg_info --egg-base ../../build/vision_task1 build --build-base /home/nayab/Lab_9/ros2_ws_nayab/build/vision_task1/build install --record /home/nayab/Lab_9/ros2_ws_nayab/build/vision_task1/install.log --single-version-externally-managed install_data
[9.427s] Level 1:colcon.colcon_core.environment:checking '/home/nayab/Lab_9/ros2_ws_nayab/install/vision_task1' for CMake module files
[9.429s] Level 1:colcon.colcon_core.environment:checking '/home/nayab/Lab_9/ros2_ws_nayab/install/vision_task1' for CMake config files
[9.430s] Level 1:colcon.colcon_core.environment:checking '/home/nayab/Lab_9/ros2_ws_nayab/install/vision_task1/lib'
[9.431s] Level 1:colcon.colcon_core.environment:checking '/home/nayab/Lab_9/ros2_ws_nayab/install/vision_task1/bin'
[9.431s] Level 1:colcon.colcon_core.environment:checking '/home/nayab/Lab_9/ros2_ws_nayab/install/vision_task1/lib/pkgconfig/vision_task1.pc'
[9.432s] Level 1:colcon.colcon_core.environment:checking '/home/nayab/Lab_9/ros2_ws_nayab/install/vision_task1/lib/python3.10/site-packages'
[9.432s] Level 1:colcon.colcon_core.shell:create_environment_hook('vision_task1', 'pythonpath')
[9.432s] INFO:colcon.colcon_core.shell:Creating environment hook '/home/nayab/Lab_9/ros2_ws_nayab/install/vision_task1/share/vision_task1/hook/pythonpath.ps1'
[9.435s] INFO:colcon.colcon_core.shell:Creating environment descriptor '/home/nayab/Lab_9/ros2_ws_nayab/install/vision_task1/share/vision_task1/hook/pythonpath.dsv'
[9.440s] INFO:colcon.colcon_core.shell:Creating environment hook '/home/nayab/Lab_9/ros2_ws_nayab/install/vision_task1/share/vision_task1/hook/pythonpath.sh'
[9.448s] Level 1:colcon.colcon_core.environment:checking '/home/nayab/Lab_9/ros2_ws_nayab/install/vision_task1/bin'
[9.449s] Level 1:colcon.colcon_core.environment:create_environment_scripts_only(vision_task1)
[9.451s] INFO:colcon.colcon_core.shell:Creating package script '/home/nayab/Lab_9/ros2_ws_nayab/install/vision_task1/share/vision_task1/package.ps1'
[9.457s] INFO:colcon.colcon_core.shell:Creating package descriptor '/home/nayab/Lab_9/ros2_ws_nayab/install/vision_task1/share/vision_task1/package.dsv'
[9.460s] INFO:colcon.colcon_core.shell:Creating package script '/home/nayab/Lab_9/ros2_ws_nayab/install/vision_task1/share/vision_task1/package.sh'
[9.463s] INFO:colcon.colcon_core.shell:Creating package script '/home/nayab/Lab_9/ros2_ws_nayab/install/vision_task1/share/vision_task1/package.bash'
[9.466s] INFO:colcon.colcon_core.shell:Creating package script '/home/nayab/Lab_9/ros2_ws_nayab/install/vision_task1/share/vision_task1/package.zsh'
[9.468s] Level 1:colcon.colcon_core.environment:create_file_with_runtime_dependencies(/home/nayab/Lab_9/ros2_ws_nayab/install/vision_task1/share/colcon-core/packages/vision_task1)
[9.469s] DEBUG:colcon.colcon_parallel_executor.executor.parallel:closing loop
[9.470s] DEBUG:colcon.colcon_parallel_executor.executor.parallel:loop closed
[9.470s] DEBUG:colcon.colcon_parallel_executor.executor.parallel:run_until_complete finished with '0'
[9.471s] DEBUG:colcon.colcon_core.event_reactor:joining thread
[9.499s] INFO:colcon.colcon_core.plugin_system:Skipping extension 'colcon_notification.desktop_notification.terminal_notifier': Not used on non-Darwin systems
[9.499s] INFO:colcon.colcon_core.plugin_system:Skipping extension 'colcon_notification.desktop_notification.win32': Not used on non-Windows systems
[9.500s] INFO:colcon.colcon_notification.desktop_notification:Sending desktop notification using 'notify2'
[9.565s] DEBUG:colcon.colcon_core.event_reactor:joined thread
[9.569s] INFO:colcon.colcon_core.shell:Creating prefix script '/home/nayab/Lab_9/ros2_ws_nayab/install/local_setup.ps1'
[9.575s] INFO:colcon.colcon_core.shell:Creating prefix util module '/home/nayab/Lab_9/ros2_ws_nayab/install/_local_setup_util_ps1.py'
[9.580s] INFO:colcon.colcon_core.shell:Creating prefix chain script '/home/nayab/Lab_9/ros2_ws_nayab/install/setup.ps1'
[9.585s] INFO:colcon.colcon_core.shell:Creating prefix script '/home/nayab/Lab_9/ros2_ws_nayab/install/local_setup.sh'
[9.588s] INFO:colcon.colcon_core.shell:Creating prefix util module '/home/nayab/Lab_9/ros2_ws_nayab/install/_local_setup_util_sh.py'
[9.591s] INFO:colcon.colcon_core.shell:Creating prefix chain script '/home/nayab/Lab_9/ros2_ws_nayab/install/setup.sh'
[9.599s] INFO:colcon.colcon_core.shell:Creating prefix script '/home/nayab/Lab_9/ros2_ws_nayab/install/local_setup.bash'
[9.605s] INFO:colcon.colcon_core.shell:Creating prefix chain script '/home/nayab/Lab_9/ros2_ws_nayab/install/setup.bash'
[9.612s] INFO:colcon.colcon_core.shell:Creating prefix script '/home/nayab/Lab_9/ros2_ws_nayab/install/local_setup.zsh'
[9.614s] INFO:colcon.colcon_core.shell:Creating prefix chain script '/home/nayab/Lab_9/ros2_ws_nayab/install/setup.zsh'
