/home/nayab/Lab_9/ros2_ws_nayab/install/vision_task1/lib/python3.10/site-packages/vision_task1/task_3.py
/home/nayab/Lab_9/ros2_ws_nayab/install/vision_task1/lib/python3.10/site-packages/vision_task1/task_2.py
/home/nayab/Lab_9/ros2_ws_nayab/install/vision_task1/lib/python3.10/site-packages/vision_task1/task_5.py
/home/nayab/Lab_9/ros2_ws_nayab/install/vision_task1/lib/python3.10/site-packages/vision_task1/excercise_1.py
/home/nayab/Lab_9/ros2_ws_nayab/install/vision_task1/lib/python3.10/site-packages/vision_task1/excercise_3.py
/home/nayab/Lab_9/ros2_ws_nayab/install/vision_task1/lib/python3.10/site-packages/vision_task1/excercise_2.py
/home/nayab/Lab_9/ros2_ws_nayab/install/vision_task1/lib/python3.10/site-packages/vision_task1/__init__.py
/home/nayab/Lab_9/ros2_ws_nayab/install/vision_task1/lib/python3.10/site-packages/vision_task1/task_1.py
/home/nayab/Lab_9/ros2_ws_nayab/install/vision_task1/lib/python3.10/site-packages/vision_task1/excercise_4.py
/home/nayab/Lab_9/ros2_ws_nayab/install/vision_task1/lib/python3.10/site-packages/vision_task1/task_4.py
/home/nayab/Lab_9/ros2_ws_nayab/install/vision_task1/lib/python3.10/site-packages/vision_task1/__pycache__/task_3.cpython-310.pyc
/home/nayab/Lab_9/ros2_ws_nayab/install/vision_task1/lib/python3.10/site-packages/vision_task1/__pycache__/task_2.cpython-310.pyc
/home/nayab/Lab_9/ros2_ws_nayab/install/vision_task1/lib/python3.10/site-packages/vision_task1/__pycache__/task_5.cpython-310.pyc
/home/nayab/Lab_9/ros2_ws_nayab/install/vision_task1/lib/python3.10/site-packages/vision_task1/__pycache__/excercise_1.cpython-310.pyc
/home/nayab/Lab_9/ros2_ws_nayab/install/vision_task1/lib/python3.10/site-packages/vision_task1/__pycache__/excercise_3.cpython-310.pyc
/home/nayab/Lab_9/ros2_ws_nayab/install/vision_task1/lib/python3.10/site-packages/vision_task1/__pycache__/excercise_2.cpython-310.pyc
/home/nayab/Lab_9/ros2_ws_nayab/install/vision_task1/lib/python3.10/site-packages/vision_task1/__pycache__/__init__.cpython-310.pyc
/home/nayab/Lab_9/ros2_ws_nayab/install/vision_task1/lib/python3.10/site-packages/vision_task1/__pycache__/task_1.cpython-310.pyc
/home/nayab/Lab_9/ros2_ws_nayab/install/vision_task1/lib/python3.10/site-packages/vision_task1/__pycache__/excercise_4.cpython-310.pyc
/home/nayab/Lab_9/ros2_ws_nayab/install/vision_task1/lib/python3.10/site-packages/vision_task1/__pycache__/task_4.cpython-310.pyc
/home/nayab/Lab_9/ros2_ws_nayab/install/vision_task1/share/ament_index/resource_index/packages/vision_task1
/home/nayab/Lab_9/ros2_ws_nayab/install/vision_task1/share/vision_task1/package.xml
/home/nayab/Lab_9/ros2_ws_nayab/install/vision_task1/lib/python3.10/site-packages/vision_task1-0.0.0-py3.10.egg-info/top_level.txt
/home/nayab/Lab_9/ros2_ws_nayab/install/vision_task1/lib/python3.10/site-packages/vision_task1-0.0.0-py3.10.egg-info/dependency_links.txt
/home/nayab/Lab_9/ros2_ws_nayab/install/vision_task1/lib/python3.10/site-packages/vision_task1-0.0.0-py3.10.egg-info/requires.txt
/home/nayab/Lab_9/ros2_ws_nayab/install/vision_task1/lib/python3.10/site-packages/vision_task1-0.0.0-py3.10.egg-info/PKG-INFO
/home/nayab/Lab_9/ros2_ws_nayab/install/vision_task1/lib/python3.10/site-packages/vision_task1-0.0.0-py3.10.egg-info/entry_points.txt
/home/nayab/Lab_9/ros2_ws_nayab/install/vision_task1/lib/python3.10/site-packages/vision_task1-0.0.0-py3.10.egg-info/SOURCES.txt
/home/nayab/Lab_9/ros2_ws_nayab/install/vision_task1/lib/python3.10/site-packages/vision_task1-0.0.0-py3.10.egg-info/zip-safe
/home/nayab/Lab_9/ros2_ws_nayab/install/vision_task1/lib/vision_task1/excercise_1
/home/nayab/Lab_9/ros2_ws_nayab/install/vision_task1/lib/vision_task1/excercise_2
/home/nayab/Lab_9/ros2_ws_nayab/install/vision_task1/lib/vision_task1/excercise_3
/home/nayab/Lab_9/ros2_ws_nayab/install/vision_task1/lib/vision_task1/excercise_4
/home/nayab/Lab_9/ros2_ws_nayab/install/vision_task1/lib/vision_task1/task_1
/home/nayab/Lab_9/ros2_ws_nayab/install/vision_task1/lib/vision_task1/task_2
/home/nayab/Lab_9/ros2_ws_nayab/install/vision_task1/lib/vision_task1/task_3
/home/nayab/Lab_9/ros2_ws_nayab/install/vision_task1/lib/vision_task1/task_4
/home/nayab/Lab_9/ros2_ws_nayab/install/vision_task1/lib/vision_task1/task_5
