[1.358s] DEBUG:colcon:Command line arguments: ['/usr/bin/colcon', 'build']
[1.359s] DEBUG:colcon:Parsed command line arguments: Namespace(log_base=None, log_level=None, verb_name='build', build_base='build', install_base='install', merge_install=False, symlink_install=False, test_result_base=None, continue_on_error=False, executor='parallel', parallel_workers=4, event_handlers=None, ignore_user_meta=False, metas=['./colcon.meta'], base_paths=['.'], packages_ignore=None, packages_ignore_regex=None, paths=None, packages_up_to=None, packages_up_to_regex=None, packages_above=None, packages_above_and_dependencies=None, packages_above_depth=None, packages_select_by_dep=None, packages_skip_by_dep=None, packages_skip_up_to=None, packages_select_build_failed=False, packages_skip_build_finished=False, packages_select_test_failures=False, packages_skip_test_passed=False, packages_select=None, packages_skip=None, packages_select_regex=None, packages_skip_regex=None, packages_start=None, packages_end=None, allow_overriding=[], cmake_args=None, cmake_target=None, cmake_target_skip_unavailable=False, cmake_clean_cache=False, cmake_clean_first=False, cmake_force_configure=False, ament_cmake_args=None, catkin_cmake_args=None, catkin_skip_building_tests=False, verb_parser=<colcon_defaults.argument_parser.defaults.DefaultArgumentsDecorator object at 0x795b63e267a0>, verb_extension=<colcon_core.verb.build.BuildVerb object at 0x795b63e26290>, main=<bound method BuildVerb.main of <colcon_core.verb.build.BuildVerb object at 0x795b63e26290>>)
[3.383s] Level 1:colcon.colcon_core.package_discovery:discover_packages(colcon_meta) check parameters
[3.384s] Level 1:colcon.colcon_core.package_discovery:discover_packages(recursive) check parameters
[3.384s] Level 1:colcon.colcon_core.package_discovery:discover_packages(ignore) check parameters
[3.384s] Level 1:colcon.colcon_core.package_discovery:discover_packages(path) check parameters
[3.385s] Level 1:colcon.colcon_core.package_discovery:discover_packages(colcon_meta) discover
[3.385s] Level 1:colcon.colcon_core.package_discovery:discover_packages(recursive) discover
[3.385s] INFO:colcon.colcon_core.package_discovery:Crawling recursively for packages in '/home/nayab/Lab_9/ros2_ws_nayab'
[3.386s] Level 1:colcon.colcon_core.package_identification:_identify(.) by extensions ['ignore', 'ignore_ament_install']
[3.387s] Level 1:colcon.colcon_core.package_identification:_identify(.) by extension 'ignore'
[3.388s] Level 1:colcon.colcon_core.package_identification:_identify(.) by extension 'ignore_ament_install'
[3.389s] Level 1:colcon.colcon_core.package_identification:_identify(.) by extensions ['colcon_pkg']
[3.390s] Level 1:colcon.colcon_core.package_identification:_identify(.) by extension 'colcon_pkg'
[3.390s] Level 1:colcon.colcon_core.package_identification:_identify(.) by extensions ['colcon_meta']
[3.391s] Level 1:colcon.colcon_core.package_identification:_identify(.) by extension 'colcon_meta'
[3.391s] Level 1:colcon.colcon_core.package_identification:_identify(.) by extensions ['ros']
[3.392s] Level 1:colcon.colcon_core.package_identification:_identify(.) by extension 'ros'
[3.798s] Level 1:colcon.colcon_core.package_identification:_identify(.) by extensions ['cmake', 'python']
[3.799s] Level 1:colcon.colcon_core.package_identification:_identify(.) by extension 'cmake'
[3.800s] Level 1:colcon.colcon_core.package_identification:_identify(.) by extension 'python'
[3.801s] Level 1:colcon.colcon_core.package_identification:_identify(.) by extensions ['python_setup_py']
[3.802s] Level 1:colcon.colcon_core.package_identification:_identify(.) by extension 'python_setup_py'
[3.803s] Level 1:colcon.colcon_core.package_identification:_identify(build) by extensions ['ignore', 'ignore_ament_install']
[3.805s] Level 1:colcon.colcon_core.package_identification:_identify(build) by extension 'ignore'
[3.805s] Level 1:colcon.colcon_core.package_identification:_identify(build) ignored
[3.806s] Level 1:colcon.colcon_core.package_identification:_identify(install) by extensions ['ignore', 'ignore_ament_install']
[3.807s] Level 1:colcon.colcon_core.package_identification:_identify(install) by extension 'ignore'
[3.807s] Level 1:colcon.colcon_core.package_identification:_identify(install) ignored
[3.809s] Level 1:colcon.colcon_core.package_identification:_identify(log) by extensions ['ignore', 'ignore_ament_install']
[3.810s] Level 1:colcon.colcon_core.package_identification:_identify(log) by extension 'ignore'
[3.810s] Level 1:colcon.colcon_core.package_identification:_identify(log) ignored
[3.812s] Level 1:colcon.colcon_core.package_identification:_identify(src) by extensions ['ignore', 'ignore_ament_install']
[3.813s] Level 1:colcon.colcon_core.package_identification:_identify(src) by extension 'ignore'
[3.814s] Level 1:colcon.colcon_core.package_identification:_identify(src) by extension 'ignore_ament_install'
[3.815s] Level 1:colcon.colcon_core.package_identification:_identify(src) by extensions ['colcon_pkg']
[3.815s] Level 1:colcon.colcon_core.package_identification:_identify(src) by extension 'colcon_pkg'
[3.816s] Level 1:colcon.colcon_core.package_identification:_identify(src) by extensions ['colcon_meta']
[3.816s] Level 1:colcon.colcon_core.package_identification:_identify(src) by extension 'colcon_meta'
[3.817s] Level 1:colcon.colcon_core.package_identification:_identify(src) by extensions ['ros']
[3.818s] Level 1:colcon.colcon_core.package_identification:_identify(src) by extension 'ros'
[3.819s] Level 1:colcon.colcon_core.package_identification:_identify(src) by extensions ['cmake', 'python']
[3.820s] Level 1:colcon.colcon_core.package_identification:_identify(src) by extension 'cmake'
[3.821s] Level 1:colcon.colcon_core.package_identification:_identify(src) by extension 'python'
[3.821s] Level 1:colcon.colcon_core.package_identification:_identify(src) by extensions ['python_setup_py']
[3.822s] Level 1:colcon.colcon_core.package_identification:_identify(src) by extension 'python_setup_py'
[3.824s] Level 1:colcon.colcon_core.package_identification:_identify(src/vision_task1) by extensions ['ignore', 'ignore_ament_install']
[3.825s] Level 1:colcon.colcon_core.package_identification:_identify(src/vision_task1) by extension 'ignore'
[3.827s] Level 1:colcon.colcon_core.package_identification:_identify(src/vision_task1) by extension 'ignore_ament_install'
[3.828s] Level 1:colcon.colcon_core.package_identification:_identify(src/vision_task1) by extensions ['colcon_pkg']
[3.828s] Level 1:colcon.colcon_core.package_identification:_identify(src/vision_task1) by extension 'colcon_pkg'
[3.828s] Level 1:colcon.colcon_core.package_identification:_identify(src/vision_task1) by extensions ['colcon_meta']
[3.829s] Level 1:colcon.colcon_core.package_identification:_identify(src/vision_task1) by extension 'colcon_meta'
[3.829s] Level 1:colcon.colcon_core.package_identification:_identify(src/vision_task1) by extensions ['ros']
[3.830s] Level 1:colcon.colcon_core.package_identification:_identify(src/vision_task1) by extension 'ros'
[3.857s] DEBUG:colcon.colcon_core.package_identification:Package 'src/vision_task1' with type 'ros.ament_python' and name 'vision_task1'
[3.858s] Level 1:colcon.colcon_core.package_discovery:discover_packages(recursive) using defaults
[3.859s] Level 1:colcon.colcon_core.package_discovery:discover_packages(ignore) discover
[3.860s] Level 1:colcon.colcon_core.package_discovery:discover_packages(ignore) using defaults
[3.860s] Level 1:colcon.colcon_core.package_discovery:discover_packages(path) discover
[3.860s] Level 1:colcon.colcon_core.package_discovery:discover_packages(path) using defaults
[4.093s] Level 1:colcon.colcon_core.package_discovery:discover_packages(prefix_path) check parameters
[4.094s] Level 1:colcon.colcon_core.package_discovery:discover_packages(prefix_path) discover
[4.118s] DEBUG:colcon.colcon_installed_package_information.package_discovery:Found 1 installed packages in /home/nayab/Lab_9/ros2_ws_nayab/install
[4.123s] DEBUG:colcon.colcon_installed_package_information.package_discovery:Found 2 installed packages in /home/nayab/ros2_ws_nayab/install
[4.142s] DEBUG:colcon.colcon_installed_package_information.package_discovery:Found 442 installed packages in /opt/ros/humble
[4.166s] Level 1:colcon.colcon_core.package_discovery:discover_packages(prefix_path) using defaults
[4.752s] Level 5:colcon.colcon_core.verb:set package 'vision_task1' build argument 'cmake_args' from command line to 'None'
[4.753s] Level 5:colcon.colcon_core.verb:set package 'vision_task1' build argument 'cmake_target' from command line to 'None'
[4.753s] Level 5:colcon.colcon_core.verb:set package 'vision_task1' build argument 'cmake_target_skip_unavailable' from command line to 'False'
[4.754s] Level 5:colcon.colcon_core.verb:set package 'vision_task1' build argument 'cmake_clean_cache' from command line to 'False'
[4.754s] Level 5:colcon.colcon_core.verb:set package 'vision_task1' build argument 'cmake_clean_first' from command line to 'False'
[4.755s] Level 5:colcon.colcon_core.verb:set package 'vision_task1' build argument 'cmake_force_configure' from command line to 'False'
[4.755s] Level 5:colcon.colcon_core.verb:set package 'vision_task1' build argument 'ament_cmake_args' from command line to 'None'
[4.755s] Level 5:colcon.colcon_core.verb:set package 'vision_task1' build argument 'catkin_cmake_args' from command line to 'None'
[4.755s] Level 5:colcon.colcon_core.verb:set package 'vision_task1' build argument 'catkin_skip_building_tests' from command line to 'False'
[4.756s] DEBUG:colcon.colcon_core.verb:Building package 'vision_task1' with the following arguments: {'ament_cmake_args': None, 'build_base': '/home/nayab/Lab_9/ros2_ws_nayab/build/vision_task1', 'catkin_cmake_args': None, 'catkin_skip_building_tests': False, 'cmake_args': None, 'cmake_clean_cache': False, 'cmake_clean_first': False, 'cmake_force_configure': False, 'cmake_target': None, 'cmake_target_skip_unavailable': False, 'install_base': '/home/nayab/Lab_9/ros2_ws_nayab/install/vision_task1', 'merge_install': False, 'path': '/home/nayab/Lab_9/ros2_ws_nayab/src/vision_task1', 'symlink_install': False, 'test_result_base': None}
[4.757s] INFO:colcon.colcon_core.executor:Executing jobs using 'parallel' executor
[4.766s] DEBUG:colcon.colcon_parallel_executor.executor.parallel:run_until_complete
[4.768s] INFO:colcon.colcon_ros.task.ament_python.build:Building ROS package in '/home/nayab/Lab_9/ros2_ws_nayab/src/vision_task1' with build type 'ament_python'
[4.772s] Level 1:colcon.colcon_core.shell:create_environment_hook('vision_task1', 'ament_prefix_path')
[4.794s] INFO:colcon.colcon_core.plugin_system:Skipping extension 'colcon_core.shell.bat': Not used on non-Windows systems
[4.797s] INFO:colcon.colcon_core.shell:Creating environment hook '/home/nayab/Lab_9/ros2_ws_nayab/install/vision_task1/share/vision_task1/hook/ament_prefix_path.ps1'
[4.802s] INFO:colcon.colcon_core.shell:Creating environment descriptor '/home/nayab/Lab_9/ros2_ws_nayab/install/vision_task1/share/vision_task1/hook/ament_prefix_path.dsv'
[4.807s] INFO:colcon.colcon_core.shell:Creating environment hook '/home/nayab/Lab_9/ros2_ws_nayab/install/vision_task1/share/vision_task1/hook/ament_prefix_path.sh'
[4.820s] INFO:colcon.colcon_core.shell:Skip shell extension 'powershell' for command environment: Not usable outside of PowerShell
[4.820s] DEBUG:colcon.colcon_core.shell:Skip shell extension 'dsv' for command environment
[8.127s] INFO:colcon.colcon_core.task.python.build:Building Python package in '/home/nayab/Lab_9/ros2_ws_nayab/src/vision_task1'
[8.130s] INFO:colcon.colcon_core.shell:Skip shell extension 'powershell' for command environment: Not usable outside of PowerShell
[8.131s] DEBUG:colcon.colcon_core.shell:Skip shell extension 'dsv' for command environment
[12.250s] DEBUG:colcon.colcon_core.event_handler.log_command:Invoking command in '/home/nayab/Lab_9/ros2_ws_nayab/src/vision_task1': PYTHONPATH=/home/nayab/Lab_9/ros2_ws_nayab/build/vision_task1/prefix_override:/usr/lib/python3/dist-packages/colcon_core/task/python/colcon_distutils_commands:/home/nayab/Lab_9/ros2_ws_nayab/install/vision_task1/lib/python3.10/site-packages:${PYTHONPATH} /usr/bin/python3 -W ignore:setup.py install is deprecated -W ignore:easy_install command is deprecated setup.py egg_info --egg-base ../../build/vision_task1 build --build-base /home/nayab/Lab_9/ros2_ws_nayab/build/vision_task1/build install --record /home/nayab/Lab_9/ros2_ws_nayab/build/vision_task1/install.log --single-version-externally-managed install_data
[12.848s] DEBUG:colcon.colcon_core.event_handler.log_command:Invoked command in '/home/nayab/Lab_9/ros2_ws_nayab/src/vision_task1' returned '0': PYTHONPATH=/home/nayab/Lab_9/ros2_ws_nayab/build/vision_task1/prefix_override:/usr/lib/python3/dist-packages/colcon_core/task/python/colcon_distutils_commands:/home/nayab/Lab_9/ros2_ws_nayab/install/vision_task1/lib/python3.10/site-packages:${PYTHONPATH} /usr/bin/python3 -W ignore:setup.py install is deprecated -W ignore:easy_install command is deprecated setup.py egg_info --egg-base ../../build/vision_task1 build --build-base /home/nayab/Lab_9/ros2_ws_nayab/build/vision_task1/build install --record /home/nayab/Lab_9/ros2_ws_nayab/build/vision_task1/install.log --single-version-externally-managed install_data
[12.850s] Level 1:colcon.colcon_core.environment:checking '/home/nayab/Lab_9/ros2_ws_nayab/install/vision_task1' for CMake module files
[12.851s] Level 1:colcon.colcon_core.environment:checking '/home/nayab/Lab_9/ros2_ws_nayab/install/vision_task1' for CMake config files
[12.852s] Level 1:colcon.colcon_core.environment:checking '/home/nayab/Lab_9/ros2_ws_nayab/install/vision_task1/lib'
[12.852s] Level 1:colcon.colcon_core.environment:checking '/home/nayab/Lab_9/ros2_ws_nayab/install/vision_task1/bin'
[12.852s] Level 1:colcon.colcon_core.environment:checking '/home/nayab/Lab_9/ros2_ws_nayab/install/vision_task1/lib/pkgconfig/vision_task1.pc'
[12.852s] Level 1:colcon.colcon_core.environment:checking '/home/nayab/Lab_9/ros2_ws_nayab/install/vision_task1/lib/python3.10/site-packages'
[12.852s] Level 1:colcon.colcon_core.shell:create_environment_hook('vision_task1', 'pythonpath')
[12.852s] INFO:colcon.colcon_core.shell:Creating environment hook '/home/nayab/Lab_9/ros2_ws_nayab/install/vision_task1/share/vision_task1/hook/pythonpath.ps1'
[12.853s] INFO:colcon.colcon_core.shell:Creating environment descriptor '/home/nayab/Lab_9/ros2_ws_nayab/install/vision_task1/share/vision_task1/hook/pythonpath.dsv'
[12.853s] INFO:colcon.colcon_core.shell:Creating environment hook '/home/nayab/Lab_9/ros2_ws_nayab/install/vision_task1/share/vision_task1/hook/pythonpath.sh'
[12.854s] Level 1:colcon.colcon_core.environment:checking '/home/nayab/Lab_9/ros2_ws_nayab/install/vision_task1/bin'
[12.854s] Level 1:colcon.colcon_core.environment:create_environment_scripts_only(vision_task1)
[12.855s] INFO:colcon.colcon_core.shell:Creating package script '/home/nayab/Lab_9/ros2_ws_nayab/install/vision_task1/share/vision_task1/package.ps1'
[12.856s] INFO:colcon.colcon_core.shell:Creating package descriptor '/home/nayab/Lab_9/ros2_ws_nayab/install/vision_task1/share/vision_task1/package.dsv'
[12.856s] INFO:colcon.colcon_core.shell:Creating package script '/home/nayab/Lab_9/ros2_ws_nayab/install/vision_task1/share/vision_task1/package.sh'
[12.857s] INFO:colcon.colcon_core.shell:Creating package script '/home/nayab/Lab_9/ros2_ws_nayab/install/vision_task1/share/vision_task1/package.bash'
[12.858s] INFO:colcon.colcon_core.shell:Creating package script '/home/nayab/Lab_9/ros2_ws_nayab/install/vision_task1/share/vision_task1/package.zsh'
[12.859s] Level 1:colcon.colcon_core.environment:create_file_with_runtime_dependencies(/home/nayab/Lab_9/ros2_ws_nayab/install/vision_task1/share/colcon-core/packages/vision_task1)
[12.859s] DEBUG:colcon.colcon_parallel_executor.executor.parallel:closing loop
[12.860s] DEBUG:colcon.colcon_parallel_executor.executor.parallel:loop closed
[12.860s] DEBUG:colcon.colcon_parallel_executor.executor.parallel:run_until_complete finished with '0'
[12.860s] DEBUG:colcon.colcon_core.event_reactor:joining thread
[12.866s] INFO:colcon.colcon_core.plugin_system:Skipping extension 'colcon_notification.desktop_notification.terminal_notifier': Not used on non-Darwin systems
[12.866s] INFO:colcon.colcon_core.plugin_system:Skipping extension 'colcon_notification.desktop_notification.win32': Not used on non-Windows systems
[12.866s] INFO:colcon.colcon_notification.desktop_notification:Sending desktop notification using 'notify2'
[12.880s] DEBUG:colcon.colcon_core.event_reactor:joined thread
[12.881s] INFO:colcon.colcon_core.shell:Creating prefix script '/home/nayab/Lab_9/ros2_ws_nayab/install/local_setup.ps1'
[12.882s] INFO:colcon.colcon_core.shell:Creating prefix util module '/home/nayab/Lab_9/ros2_ws_nayab/install/_local_setup_util_ps1.py'
[12.885s] INFO:colcon.colcon_core.shell:Creating prefix chain script '/home/nayab/Lab_9/ros2_ws_nayab/install/setup.ps1'
[12.887s] INFO:colcon.colcon_core.shell:Creating prefix script '/home/nayab/Lab_9/ros2_ws_nayab/install/local_setup.sh'
[12.888s] INFO:colcon.colcon_core.shell:Creating prefix util module '/home/nayab/Lab_9/ros2_ws_nayab/install/_local_setup_util_sh.py'
[12.888s] INFO:colcon.colcon_core.shell:Creating prefix chain script '/home/nayab/Lab_9/ros2_ws_nayab/install/setup.sh'
[12.890s] INFO:colcon.colcon_core.shell:Creating prefix script '/home/nayab/Lab_9/ros2_ws_nayab/install/local_setup.bash'
[12.891s] INFO:colcon.colcon_core.shell:Creating prefix chain script '/home/nayab/Lab_9/ros2_ws_nayab/install/setup.bash'
[12.893s] INFO:colcon.colcon_core.shell:Creating prefix script '/home/nayab/Lab_9/ros2_ws_nayab/install/local_setup.zsh'
[12.894s] INFO:colcon.colcon_core.shell:Creating prefix chain script '/home/nayab/Lab_9/ros2_ws_nayab/install/setup.zsh'
