[0.490s] DEBUG:colcon:Command line arguments: ['/usr/bin/colcon', 'build']
[0.490s] DEBUG:colcon:Parsed command line arguments: Namespace(log_base=None, log_level=None, verb_name='build', build_base='build', install_base='install', merge_install=False, symlink_install=False, test_result_base=None, continue_on_error=False, executor='parallel', parallel_workers=4, event_handlers=None, ignore_user_meta=False, metas=['./colcon.meta'], base_paths=['.'], packages_ignore=None, packages_ignore_regex=None, paths=None, packages_up_to=None, packages_up_to_regex=None, packages_above=None, packages_above_and_dependencies=None, packages_above_depth=None, packages_select_by_dep=None, packages_skip_by_dep=None, packages_skip_up_to=None, packages_select_build_failed=False, packages_skip_build_finished=False, packages_select_test_failures=False, packages_skip_test_passed=False, packages_select=None, packages_skip=None, packages_select_regex=None, packages_skip_regex=None, packages_start=None, packages_end=None, allow_overriding=[], cmake_args=None, cmake_target=None, cmake_target_skip_unavailable=False, cmake_clean_cache=False, cmake_clean_first=False, cmake_force_configure=False, ament_cmake_args=None, catkin_cmake_args=None, catkin_skip_building_tests=False, verb_parser=<colcon_defaults.argument_parser.defaults.DefaultArgumentsDecorator object at 0x7da9224267a0>, verb_extension=<colcon_core.verb.build.BuildVerb object at 0x7da922426290>, main=<bound method BuildVerb.main of <colcon_core.verb.build.BuildVerb object at 0x7da922426290>>)
[1.864s] Level 1:colcon.colcon_core.package_discovery:discover_packages(colcon_meta) check parameters
[1.865s] Level 1:colcon.colcon_core.package_discovery:discover_packages(recursive) check parameters
[1.865s] Level 1:colcon.colcon_core.package_discovery:discover_packages(ignore) check parameters
[1.865s] Level 1:colcon.colcon_core.package_discovery:discover_packages(path) check parameters
[1.866s] Level 1:colcon.colcon_core.package_discovery:discover_packages(colcon_meta) discover
[1.867s] Level 1:colcon.colcon_core.package_discovery:discover_packages(recursive) discover
[1.867s] INFO:colcon.colcon_core.package_discovery:Crawling recursively for packages in '/home/nayab/Lab_9/ros2_ws_nayab'
[1.868s] Level 1:colcon.colcon_core.package_identification:_identify(.) by extensions ['ignore', 'ignore_ament_install']
[1.869s] Level 1:colcon.colcon_core.package_identification:_identify(.) by extension 'ignore'
[1.869s] Level 1:colcon.colcon_core.package_identification:_identify(.) by extension 'ignore_ament_install'
[1.870s] Level 1:colcon.colcon_core.package_identification:_identify(.) by extensions ['colcon_pkg']
[1.870s] Level 1:colcon.colcon_core.package_identification:_identify(.) by extension 'colcon_pkg'
[1.870s] Level 1:colcon.colcon_core.package_identification:_identify(.) by extensions ['colcon_meta']
[1.870s] Level 1:colcon.colcon_core.package_identification:_identify(.) by extension 'colcon_meta'
[1.870s] Level 1:colcon.colcon_core.package_identification:_identify(.) by extensions ['ros']
[1.870s] Level 1:colcon.colcon_core.package_identification:_identify(.) by extension 'ros'
[2.212s] Level 1:colcon.colcon_core.package_identification:_identify(.) by extensions ['cmake', 'python']
[2.213s] Level 1:colcon.colcon_core.package_identification:_identify(.) by extension 'cmake'
[2.214s] Level 1:colcon.colcon_core.package_identification:_identify(.) by extension 'python'
[2.214s] Level 1:colcon.colcon_core.package_identification:_identify(.) by extensions ['python_setup_py']
[2.214s] Level 1:colcon.colcon_core.package_identification:_identify(.) by extension 'python_setup_py'
[2.215s] Level 1:colcon.colcon_core.package_identification:_identify(build) by extensions ['ignore', 'ignore_ament_install']
[2.216s] Level 1:colcon.colcon_core.package_identification:_identify(build) by extension 'ignore'
[2.217s] Level 1:colcon.colcon_core.package_identification:_identify(build) ignored
[2.218s] Level 1:colcon.colcon_core.package_identification:_identify(install) by extensions ['ignore', 'ignore_ament_install']
[2.219s] Level 1:colcon.colcon_core.package_identification:_identify(install) by extension 'ignore'
[2.219s] Level 1:colcon.colcon_core.package_identification:_identify(install) ignored
[2.221s] Level 1:colcon.colcon_core.package_identification:_identify(log) by extensions ['ignore', 'ignore_ament_install']
[2.221s] Level 1:colcon.colcon_core.package_identification:_identify(log) by extension 'ignore'
[2.222s] Level 1:colcon.colcon_core.package_identification:_identify(log) ignored
[2.222s] Level 1:colcon.colcon_core.package_identification:_identify(src) by extensions ['ignore', 'ignore_ament_install']
[2.223s] Level 1:colcon.colcon_core.package_identification:_identify(src) by extension 'ignore'
[2.223s] Level 1:colcon.colcon_core.package_identification:_identify(src) by extension 'ignore_ament_install'
[2.224s] Level 1:colcon.colcon_core.package_identification:_identify(src) by extensions ['colcon_pkg']
[2.224s] Level 1:colcon.colcon_core.package_identification:_identify(src) by extension 'colcon_pkg'
[2.224s] Level 1:colcon.colcon_core.package_identification:_identify(src) by extensions ['colcon_meta']
[2.225s] Level 1:colcon.colcon_core.package_identification:_identify(src) by extension 'colcon_meta'
[2.225s] Level 1:colcon.colcon_core.package_identification:_identify(src) by extensions ['ros']
[2.225s] Level 1:colcon.colcon_core.package_identification:_identify(src) by extension 'ros'
[2.226s] Level 1:colcon.colcon_core.package_identification:_identify(src) by extensions ['cmake', 'python']
[2.227s] Level 1:colcon.colcon_core.package_identification:_identify(src) by extension 'cmake'
[2.227s] Level 1:colcon.colcon_core.package_identification:_identify(src) by extension 'python'
[2.228s] Level 1:colcon.colcon_core.package_identification:_identify(src) by extensions ['python_setup_py']
[2.228s] Level 1:colcon.colcon_core.package_identification:_identify(src) by extension 'python_setup_py'
[2.230s] Level 1:colcon.colcon_core.package_identification:_identify(src/vision_task1) by extensions ['ignore', 'ignore_ament_install']
[2.231s] Level 1:colcon.colcon_core.package_identification:_identify(src/vision_task1) by extension 'ignore'
[2.231s] Level 1:colcon.colcon_core.package_identification:_identify(src/vision_task1) by extension 'ignore_ament_install'
[2.231s] Level 1:colcon.colcon_core.package_identification:_identify(src/vision_task1) by extensions ['colcon_pkg']
[2.232s] Level 1:colcon.colcon_core.package_identification:_identify(src/vision_task1) by extension 'colcon_pkg'
[2.232s] Level 1:colcon.colcon_core.package_identification:_identify(src/vision_task1) by extensions ['colcon_meta']
[2.232s] Level 1:colcon.colcon_core.package_identification:_identify(src/vision_task1) by extension 'colcon_meta'
[2.233s] Level 1:colcon.colcon_core.package_identification:_identify(src/vision_task1) by extensions ['ros']
[2.233s] Level 1:colcon.colcon_core.package_identification:_identify(src/vision_task1) by extension 'ros'
[2.252s] DEBUG:colcon.colcon_core.package_identification:Package 'src/vision_task1' with type 'ros.ament_python' and name 'vision_task1'
[2.253s] Level 1:colcon.colcon_core.package_discovery:discover_packages(recursive) using defaults
[2.253s] Level 1:colcon.colcon_core.package_discovery:discover_packages(ignore) discover
[2.253s] Level 1:colcon.colcon_core.package_discovery:discover_packages(ignore) using defaults
[2.254s] Level 1:colcon.colcon_core.package_discovery:discover_packages(path) discover
[2.254s] Level 1:colcon.colcon_core.package_discovery:discover_packages(path) using defaults
[2.424s] Level 1:colcon.colcon_core.package_discovery:discover_packages(prefix_path) check parameters
[2.425s] Level 1:colcon.colcon_core.package_discovery:discover_packages(prefix_path) discover
[2.435s] DEBUG:colcon.colcon_installed_package_information.package_discovery:Found 1 installed packages in /home/nayab/Lab_9/ros2_ws_nayab/install
[2.439s] DEBUG:colcon.colcon_installed_package_information.package_discovery:Found 2 installed packages in /home/nayab/ros2_ws_nayab/install
[2.455s] DEBUG:colcon.colcon_installed_package_information.package_discovery:Found 442 installed packages in /opt/ros/humble
[2.469s] Level 1:colcon.colcon_core.package_discovery:discover_packages(prefix_path) using defaults
[2.981s] Level 5:colcon.colcon_core.verb:set package 'vision_task1' build argument 'cmake_args' from command line to 'None'
[2.982s] Level 5:colcon.colcon_core.verb:set package 'vision_task1' build argument 'cmake_target' from command line to 'None'
[2.982s] Level 5:colcon.colcon_core.verb:set package 'vision_task1' build argument 'cmake_target_skip_unavailable' from command line to 'False'
[2.982s] Level 5:colcon.colcon_core.verb:set package 'vision_task1' build argument 'cmake_clean_cache' from command line to 'False'
[2.982s] Level 5:colcon.colcon_core.verb:set package 'vision_task1' build argument 'cmake_clean_first' from command line to 'False'
[2.983s] Level 5:colcon.colcon_core.verb:set package 'vision_task1' build argument 'cmake_force_configure' from command line to 'False'
[2.983s] Level 5:colcon.colcon_core.verb:set package 'vision_task1' build argument 'ament_cmake_args' from command line to 'None'
[2.983s] Level 5:colcon.colcon_core.verb:set package 'vision_task1' build argument 'catkin_cmake_args' from command line to 'None'
[2.983s] Level 5:colcon.colcon_core.verb:set package 'vision_task1' build argument 'catkin_skip_building_tests' from command line to 'False'
[2.984s] DEBUG:colcon.colcon_core.verb:Building package 'vision_task1' with the following arguments: {'ament_cmake_args': None, 'build_base': '/home/nayab/Lab_9/ros2_ws_nayab/build/vision_task1', 'catkin_cmake_args': None, 'catkin_skip_building_tests': False, 'cmake_args': None, 'cmake_clean_cache': False, 'cmake_clean_first': False, 'cmake_force_configure': False, 'cmake_target': None, 'cmake_target_skip_unavailable': False, 'install_base': '/home/nayab/Lab_9/ros2_ws_nayab/install/vision_task1', 'merge_install': False, 'path': '/home/nayab/Lab_9/ros2_ws_nayab/src/vision_task1', 'symlink_install': False, 'test_result_base': None}
[2.984s] INFO:colcon.colcon_core.executor:Executing jobs using 'parallel' executor
[2.992s] DEBUG:colcon.colcon_parallel_executor.executor.parallel:run_until_complete
[2.995s] INFO:colcon.colcon_ros.task.ament_python.build:Building ROS package in '/home/nayab/Lab_9/ros2_ws_nayab/src/vision_task1' with build type 'ament_python'
[3.001s] Level 1:colcon.colcon_core.shell:create_environment_hook('vision_task1', 'ament_prefix_path')
[3.033s] INFO:colcon.colcon_core.plugin_system:Skipping extension 'colcon_core.shell.bat': Not used on non-Windows systems
[3.040s] INFO:colcon.colcon_core.shell:Creating environment hook '/home/nayab/Lab_9/ros2_ws_nayab/install/vision_task1/share/vision_task1/hook/ament_prefix_path.ps1'
[3.049s] INFO:colcon.colcon_core.shell:Creating environment descriptor '/home/nayab/Lab_9/ros2_ws_nayab/install/vision_task1/share/vision_task1/hook/ament_prefix_path.dsv'
[3.053s] INFO:colcon.colcon_core.shell:Creating environment hook '/home/nayab/Lab_9/ros2_ws_nayab/install/vision_task1/share/vision_task1/hook/ament_prefix_path.sh'
[3.062s] INFO:colcon.colcon_core.shell:Skip shell extension 'powershell' for command environment: Not usable outside of PowerShell
[3.062s] DEBUG:colcon.colcon_core.shell:Skip shell extension 'dsv' for command environment
[6.065s] INFO:colcon.colcon_core.task.python.build:Building Python package in '/home/nayab/Lab_9/ros2_ws_nayab/src/vision_task1'
[6.069s] INFO:colcon.colcon_core.shell:Skip shell extension 'powershell' for command environment: Not usable outside of PowerShell
[6.070s] DEBUG:colcon.colcon_core.shell:Skip shell extension 'dsv' for command environment
[9.854s] DEBUG:colcon.colcon_core.event_handler.log_command:Invoking command in '/home/nayab/Lab_9/ros2_ws_nayab/src/vision_task1': PYTHONPATH=/home/nayab/Lab_9/ros2_ws_nayab/build/vision_task1/prefix_override:/usr/lib/python3/dist-packages/colcon_core/task/python/colcon_distutils_commands:/home/nayab/Lab_9/ros2_ws_nayab/install/vision_task1/lib/python3.10/site-packages:${PYTHONPATH} /usr/bin/python3 -W ignore:setup.py install is deprecated -W ignore:easy_install command is deprecated setup.py egg_info --egg-base ../../build/vision_task1 build --build-base /home/nayab/Lab_9/ros2_ws_nayab/build/vision_task1/build install --record /home/nayab/Lab_9/ros2_ws_nayab/build/vision_task1/install.log --single-version-externally-managed install_data
[13.147s] DEBUG:colcon.colcon_core.event_handler.log_command:Invoked command in '/home/nayab/Lab_9/ros2_ws_nayab/src/vision_task1' returned '0': PYTHONPATH=/home/nayab/Lab_9/ros2_ws_nayab/build/vision_task1/prefix_override:/usr/lib/python3/dist-packages/colcon_core/task/python/colcon_distutils_commands:/home/nayab/Lab_9/ros2_ws_nayab/install/vision_task1/lib/python3.10/site-packages:${PYTHONPATH} /usr/bin/python3 -W ignore:setup.py install is deprecated -W ignore:easy_install command is deprecated setup.py egg_info --egg-base ../../build/vision_task1 build --build-base /home/nayab/Lab_9/ros2_ws_nayab/build/vision_task1/build install --record /home/nayab/Lab_9/ros2_ws_nayab/build/vision_task1/install.log --single-version-externally-managed install_data
[13.166s] Level 1:colcon.colcon_core.environment:checking '/home/nayab/Lab_9/ros2_ws_nayab/install/vision_task1' for CMake module files
[13.171s] Level 1:colcon.colcon_core.environment:checking '/home/nayab/Lab_9/ros2_ws_nayab/install/vision_task1' for CMake config files
[13.178s] Level 1:colcon.colcon_core.environment:checking '/home/nayab/Lab_9/ros2_ws_nayab/install/vision_task1/lib'
[13.180s] Level 1:colcon.colcon_core.environment:checking '/home/nayab/Lab_9/ros2_ws_nayab/install/vision_task1/bin'
[13.180s] Level 1:colcon.colcon_core.environment:checking '/home/nayab/Lab_9/ros2_ws_nayab/install/vision_task1/lib/pkgconfig/vision_task1.pc'
[13.183s] Level 1:colcon.colcon_core.environment:checking '/home/nayab/Lab_9/ros2_ws_nayab/install/vision_task1/lib/python3.10/site-packages'
[13.183s] Level 1:colcon.colcon_core.shell:create_environment_hook('vision_task1', 'pythonpath')
[13.187s] INFO:colcon.colcon_core.shell:Creating environment hook '/home/nayab/Lab_9/ros2_ws_nayab/install/vision_task1/share/vision_task1/hook/pythonpath.ps1'
[13.193s] INFO:colcon.colcon_core.shell:Creating environment descriptor '/home/nayab/Lab_9/ros2_ws_nayab/install/vision_task1/share/vision_task1/hook/pythonpath.dsv'
[13.195s] INFO:colcon.colcon_core.shell:Creating environment hook '/home/nayab/Lab_9/ros2_ws_nayab/install/vision_task1/share/vision_task1/hook/pythonpath.sh'
[13.201s] Level 1:colcon.colcon_core.environment:checking '/home/nayab/Lab_9/ros2_ws_nayab/install/vision_task1/bin'
[13.202s] Level 1:colcon.colcon_core.environment:create_environment_scripts_only(vision_task1)
[13.206s] INFO:colcon.colcon_core.shell:Creating package script '/home/nayab/Lab_9/ros2_ws_nayab/install/vision_task1/share/vision_task1/package.ps1'
[13.214s] INFO:colcon.colcon_core.shell:Creating package descriptor '/home/nayab/Lab_9/ros2_ws_nayab/install/vision_task1/share/vision_task1/package.dsv'
[13.220s] INFO:colcon.colcon_core.shell:Creating package script '/home/nayab/Lab_9/ros2_ws_nayab/install/vision_task1/share/vision_task1/package.sh'
[13.227s] INFO:colcon.colcon_core.shell:Creating package script '/home/nayab/Lab_9/ros2_ws_nayab/install/vision_task1/share/vision_task1/package.bash'
[13.235s] INFO:colcon.colcon_core.shell:Creating package script '/home/nayab/Lab_9/ros2_ws_nayab/install/vision_task1/share/vision_task1/package.zsh'
[13.242s] Level 1:colcon.colcon_core.environment:create_file_with_runtime_dependencies(/home/nayab/Lab_9/ros2_ws_nayab/install/vision_task1/share/colcon-core/packages/vision_task1)
[13.246s] DEBUG:colcon.colcon_parallel_executor.executor.parallel:closing loop
[13.247s] DEBUG:colcon.colcon_parallel_executor.executor.parallel:loop closed
[13.247s] DEBUG:colcon.colcon_parallel_executor.executor.parallel:run_until_complete finished with '0'
[13.247s] DEBUG:colcon.colcon_core.event_reactor:joining thread
[13.333s] INFO:colcon.colcon_core.plugin_system:Skipping extension 'colcon_notification.desktop_notification.terminal_notifier': Not used on non-Darwin systems
[13.335s] INFO:colcon.colcon_core.plugin_system:Skipping extension 'colcon_notification.desktop_notification.win32': Not used on non-Windows systems
[13.336s] INFO:colcon.colcon_notification.desktop_notification:Sending desktop notification using 'notify2'
[13.475s] DEBUG:colcon.colcon_core.event_reactor:joined thread
[13.491s] INFO:colcon.colcon_core.shell:Creating prefix script '/home/nayab/Lab_9/ros2_ws_nayab/install/local_setup.ps1'
[13.513s] INFO:colcon.colcon_core.shell:Creating prefix util module '/home/nayab/Lab_9/ros2_ws_nayab/install/_local_setup_util_ps1.py'
[13.546s] INFO:colcon.colcon_core.shell:Creating prefix chain script '/home/nayab/Lab_9/ros2_ws_nayab/install/setup.ps1'
[13.561s] INFO:colcon.colcon_core.shell:Creating prefix script '/home/nayab/Lab_9/ros2_ws_nayab/install/local_setup.sh'
[13.565s] INFO:colcon.colcon_core.shell:Creating prefix util module '/home/nayab/Lab_9/ros2_ws_nayab/install/_local_setup_util_sh.py'
[13.570s] INFO:colcon.colcon_core.shell:Creating prefix chain script '/home/nayab/Lab_9/ros2_ws_nayab/install/setup.sh'
[13.585s] INFO:colcon.colcon_core.shell:Creating prefix script '/home/nayab/Lab_9/ros2_ws_nayab/install/local_setup.bash'
[13.590s] INFO:colcon.colcon_core.shell:Creating prefix chain script '/home/nayab/Lab_9/ros2_ws_nayab/install/setup.bash'
[13.601s] INFO:colcon.colcon_core.shell:Creating prefix script '/home/nayab/Lab_9/ros2_ws_nayab/install/local_setup.zsh'
[13.607s] INFO:colcon.colcon_core.shell:Creating prefix chain script '/home/nayab/Lab_9/ros2_ws_nayab/install/setup.zsh'
