running egg_info
creating ../../build/my_turtle_package/my_turtle_package.egg-info
writing ../../build/my_turtle_package/my_turtle_package.egg-info/PKG-INFO
writing dependency_links to ../../build/my_turtle_package/my_turtle_package.egg-info/dependency_links.txt
writing entry points to ../../build/my_turtle_package/my_turtle_package.egg-info/entry_points.txt
writing requirements to ../../build/my_turtle_package/my_turtle_package.egg-info/requires.txt
writing top-level names to ../../build/my_turtle_package/my_turtle_package.egg-info/top_level.txt
writing manifest file '../../build/my_turtle_package/my_turtle_package.egg-info/SOURCES.txt'
reading manifest file '../../build/my_turtle_package/my_turtle_package.egg-info/SOURCES.txt'
writing manifest file '../../build/my_turtle_package/my_turtle_package.egg-info/SOURCES.txt'
running build
running build_py
creating /home/nayab/Lab_6/ros2_ws_nayab/build/my_turtle_package/build
creating /home/nayab/Lab_6/ros2_ws_nayab/build/my_turtle_package/build/lib
creating /home/nayab/Lab_6/ros2_ws_nayab/build/my_turtle_package/build/lib/my_turtle_package
copying my_turtle_package/__init__.py -> /home/nayab/Lab_6/ros2_ws_nayab/build/my_turtle_package/build/lib/my_turtle_package
copying my_turtle_package/lidar_navigator.py -> /home/nayab/Lab_6/ros2_ws_nayab/build/my_turtle_package/build/lib/my_turtle_package
running install
running install_lib
creating /home/nayab/Lab_6/ros2_ws_nayab/install/my_turtle_package/lib/python3.10/site-packages/my_turtle_package
copying /home/nayab/Lab_6/ros2_ws_nayab/build/my_turtle_package/build/lib/my_turtle_package/__init__.py -> /home/nayab/Lab_6/ros2_ws_nayab/install/my_turtle_package/lib/python3.10/site-packages/my_turtle_package
copying /home/nayab/Lab_6/ros2_ws_nayab/build/my_turtle_package/build/lib/my_turtle_package/lidar_navigator.py -> /home/nayab/Lab_6/ros2_ws_nayab/install/my_turtle_package/lib/python3.10/site-packages/my_turtle_package
byte-compiling /home/nayab/Lab_6/ros2_ws_nayab/install/my_turtle_package/lib/python3.10/site-packages/my_turtle_package/__init__.py to __init__.cpython-310.pyc
byte-compiling /home/nayab/Lab_6/ros2_ws_nayab/install/my_turtle_package/lib/python3.10/site-packages/my_turtle_package/lidar_navigator.py to lidar_navigator.cpython-310.pyc
running install_data
creating /home/nayab/Lab_6/ros2_ws_nayab/install/my_turtle_package/share/ament_index
creating /home/nayab/Lab_6/ros2_ws_nayab/install/my_turtle_package/share/ament_index/resource_index
creating /home/nayab/Lab_6/ros2_ws_nayab/install/my_turtle_package/share/ament_index/resource_index/packages
copying resource/my_turtle_package -> /home/nayab/Lab_6/ros2_ws_nayab/install/my_turtle_package/share/ament_index/resource_index/packages
copying package.xml -> /home/nayab/Lab_6/ros2_ws_nayab/install/my_turtle_package/share/my_turtle_package
running install_egg_info
Copying ../../build/my_turtle_package/my_turtle_package.egg-info to /home/nayab/Lab_6/ros2_ws_nayab/install/my_turtle_package/lib/python3.10/site-packages/my_turtle_package-0.0.0-py3.10.egg-info
running install_scripts
Installing lidar_nav script to /home/nayab/Lab_6/ros2_ws_nayab/install/my_turtle_package/lib/my_turtle_package
writing list of installed files to '/home/nayab/Lab_6/ros2_ws_nayab/build/my_turtle_package/install.log'
