running egg_info
creating ../../build/vision_task1/vision_task1.egg-info
writing ../../build/vision_task1/vision_task1.egg-info/PKG-INFO
writing dependency_links to ../../build/vision_task1/vision_task1.egg-info/dependency_links.txt
writing entry points to ../../build/vision_task1/vision_task1.egg-info/entry_points.txt
writing requirements to ../../build/vision_task1/vision_task1.egg-info/requires.txt
writing top-level names to ../../build/vision_task1/vision_task1.egg-info/top_level.txt
writing manifest file '../../build/vision_task1/vision_task1.egg-info/SOURCES.txt'
reading manifest file '../../build/vision_task1/vision_task1.egg-info/SOURCES.txt'
writing manifest file '../../build/vision_task1/vision_task1.egg-info/SOURCES.txt'
running build
running build_py
creating /home/nayab/Lab_9/ros2_ws_nayab/build/vision_task1/build
creating /home/nayab/Lab_9/ros2_ws_nayab/build/vision_task1/build/lib
creating /home/nayab/Lab_9/ros2_ws_nayab/build/vision_task1/build/lib/vision_task1
copying vision_task1/__init__.py -> /home/nayab/Lab_9/ros2_ws_nayab/build/vision_task1/build/lib/vision_task1
copying vision_task1/task_1.py -> /home/nayab/Lab_9/ros2_ws_nayab/build/vision_task1/build/lib/vision_task1
running install
running install_lib
creating /home/nayab/Lab_9/ros2_ws_nayab/install/vision_task1/lib/python3.10/site-packages/vision_task1
copying /home/nayab/Lab_9/ros2_ws_nayab/build/vision_task1/build/lib/vision_task1/__init__.py -> /home/nayab/Lab_9/ros2_ws_nayab/install/vision_task1/lib/python3.10/site-packages/vision_task1
copying /home/nayab/Lab_9/ros2_ws_nayab/build/vision_task1/build/lib/vision_task1/task_1.py -> /home/nayab/Lab_9/ros2_ws_nayab/install/vision_task1/lib/python3.10/site-packages/vision_task1
byte-compiling /home/nayab/Lab_9/ros2_ws_nayab/install/vision_task1/lib/python3.10/site-packages/vision_task1/__init__.py to __init__.cpython-310.pyc
byte-compiling /home/nayab/Lab_9/ros2_ws_nayab/install/vision_task1/lib/python3.10/site-packages/vision_task1/task_1.py to task_1.cpython-310.pyc
running install_data
creating /home/nayab/Lab_9/ros2_ws_nayab/install/vision_task1/share/ament_index
creating /home/nayab/Lab_9/ros2_ws_nayab/install/vision_task1/share/ament_index/resource_index
creating /home/nayab/Lab_9/ros2_ws_nayab/install/vision_task1/share/ament_index/resource_index/packages
copying resource/vision_task1 -> /home/nayab/Lab_9/ros2_ws_nayab/install/vision_task1/share/ament_index/resource_index/packages
copying package.xml -> /home/nayab/Lab_9/ros2_ws_nayab/install/vision_task1/share/vision_task1
running install_egg_info
Copying ../../build/vision_task1/vision_task1.egg-info to /home/nayab/Lab_9/ros2_ws_nayab/install/vision_task1/lib/python3.10/site-packages/vision_task1-0.0.0-py3.10.egg-info
running install_scripts
Installing camera_view script to /home/nayab/Lab_9/ros2_ws_nayab/install/vision_task1/lib/vision_task1
writing list of installed files to '/home/nayab/Lab_9/ros2_ws_nayab/build/vision_task1/install.log'
