[1.155s] DEBUG:colcon:Command line arguments: ['/usr/bin/colcon', 'build']
[1.155s] DEBUG:colcon:Parsed command line arguments: Namespace(log_base=None, log_level=None, verb_name='build', build_base='build', install_base='install', merge_install=False, symlink_install=False, test_result_base=None, continue_on_error=False, executor='parallel', parallel_workers=4, event_handlers=None, ignore_user_meta=False, metas=['./colcon.meta'], base_paths=['.'], packages_ignore=None, packages_ignore_regex=None, paths=None, packages_up_to=None, packages_up_to_regex=None, packages_above=None, packages_above_and_dependencies=None, packages_above_depth=None, packages_select_by_dep=None, packages_skip_by_dep=None, packages_skip_up_to=None, packages_select_build_failed=False, packages_skip_build_finished=False, packages_select_test_failures=False, packages_skip_test_passed=False, packages_select=None, packages_skip=None, packages_select_regex=None, packages_skip_regex=None, packages_start=None, packages_end=None, allow_overriding=[], cmake_args=None, cmake_target=None, cmake_target_skip_unavailable=False, cmake_clean_cache=False, cmake_clean_first=False, cmake_force_configure=False, ament_cmake_args=None, catkin_cmake_args=None, catkin_skip_building_tests=False, verb_parser=<colcon_defaults.argument_parser.defaults.DefaultArgumentsDecorator object at 0x794fe5f5e830>, verb_extension=<colcon_core.verb.build.BuildVerb object at 0x794fe5f5e320>, main=<bound method BuildVerb.main of <colcon_core.verb.build.BuildVerb object at 0x794fe5f5e320>>)
[3.013s] Level 1:colcon.colcon_core.package_discovery:discover_packages(colcon_meta) check parameters
[3.014s] Level 1:colcon.colcon_core.package_discovery:discover_packages(recursive) check parameters
[3.015s] Level 1:colcon.colcon_core.package_discovery:discover_packages(ignore) check parameters
[3.015s] Level 1:colcon.colcon_core.package_discovery:discover_packages(path) check parameters
[3.015s] Level 1:colcon.colcon_core.package_discovery:discover_packages(colcon_meta) discover
[3.015s] Level 1:colcon.colcon_core.package_discovery:discover_packages(recursive) discover
[3.016s] INFO:colcon.colcon_core.package_discovery:Crawling recursively for packages in '/home/nayab/Lab_9/ros2_ws_nayab'
[3.016s] Level 1:colcon.colcon_core.package_identification:_identify(.) by extensions ['ignore', 'ignore_ament_install']
[3.017s] Level 1:colcon.colcon_core.package_identification:_identify(.) by extension 'ignore'
[3.017s] Level 1:colcon.colcon_core.package_identification:_identify(.) by extension 'ignore_ament_install'
[3.018s] Level 1:colcon.colcon_core.package_identification:_identify(.) by extensions ['colcon_pkg']
[3.018s] Level 1:colcon.colcon_core.package_identification:_identify(.) by extension 'colcon_pkg'
[3.018s] Level 1:colcon.colcon_core.package_identification:_identify(.) by extensions ['colcon_meta']
[3.018s] Level 1:colcon.colcon_core.package_identification:_identify(.) by extension 'colcon_meta'
[3.019s] Level 1:colcon.colcon_core.package_identification:_identify(.) by extensions ['ros']
[3.019s] Level 1:colcon.colcon_core.package_identification:_identify(.) by extension 'ros'
[3.392s] Level 1:colcon.colcon_core.package_identification:_identify(.) by extensions ['cmake', 'python']
[3.393s] Level 1:colcon.colcon_core.package_identification:_identify(.) by extension 'cmake'
[3.395s] Level 1:colcon.colcon_core.package_identification:_identify(.) by extension 'python'
[3.396s] Level 1:colcon.colcon_core.package_identification:_identify(.) by extensions ['python_setup_py']
[3.396s] Level 1:colcon.colcon_core.package_identification:_identify(.) by extension 'python_setup_py'
[3.398s] Level 1:colcon.colcon_core.package_identification:_identify(build) by extensions ['ignore', 'ignore_ament_install']
[3.400s] Level 1:colcon.colcon_core.package_identification:_identify(build) by extension 'ignore'
[3.402s] Level 1:colcon.colcon_core.package_identification:_identify(build) ignored
[3.404s] Level 1:colcon.colcon_core.package_identification:_identify(install) by extensions ['ignore', 'ignore_ament_install']
[3.405s] Level 1:colcon.colcon_core.package_identification:_identify(install) by extension 'ignore'
[3.406s] Level 1:colcon.colcon_core.package_identification:_identify(install) ignored
[3.408s] Level 1:colcon.colcon_core.package_identification:_identify(log) by extensions ['ignore', 'ignore_ament_install']
[3.409s] Level 1:colcon.colcon_core.package_identification:_identify(log) by extension 'ignore'
[3.410s] Level 1:colcon.colcon_core.package_identification:_identify(log) ignored
[3.411s] Level 1:colcon.colcon_core.package_identification:_identify(src) by extensions ['ignore', 'ignore_ament_install']
[3.411s] Level 1:colcon.colcon_core.package_identification:_identify(src) by extension 'ignore'
[3.412s] Level 1:colcon.colcon_core.package_identification:_identify(src) by extension 'ignore_ament_install'
[3.413s] Level 1:colcon.colcon_core.package_identification:_identify(src) by extensions ['colcon_pkg']
[3.414s] Level 1:colcon.colcon_core.package_identification:_identify(src) by extension 'colcon_pkg'
[3.415s] Level 1:colcon.colcon_core.package_identification:_identify(src) by extensions ['colcon_meta']
[3.415s] Level 1:colcon.colcon_core.package_identification:_identify(src) by extension 'colcon_meta'
[3.415s] Level 1:colcon.colcon_core.package_identification:_identify(src) by extensions ['ros']
[3.416s] Level 1:colcon.colcon_core.package_identification:_identify(src) by extension 'ros'
[3.416s] Level 1:colcon.colcon_core.package_identification:_identify(src) by extensions ['cmake', 'python']
[3.416s] Level 1:colcon.colcon_core.package_identification:_identify(src) by extension 'cmake'
[3.417s] Level 1:colcon.colcon_core.package_identification:_identify(src) by extension 'python'
[3.417s] Level 1:colcon.colcon_core.package_identification:_identify(src) by extensions ['python_setup_py']
[3.417s] Level 1:colcon.colcon_core.package_identification:_identify(src) by extension 'python_setup_py'
[3.418s] Level 1:colcon.colcon_core.package_identification:_identify(src/vision_task1) by extensions ['ignore', 'ignore_ament_install']
[3.418s] Level 1:colcon.colcon_core.package_identification:_identify(src/vision_task1) by extension 'ignore'
[3.419s] Level 1:colcon.colcon_core.package_identification:_identify(src/vision_task1) by extension 'ignore_ament_install'
[3.419s] Level 1:colcon.colcon_core.package_identification:_identify(src/vision_task1) by extensions ['colcon_pkg']
[3.419s] Level 1:colcon.colcon_core.package_identification:_identify(src/vision_task1) by extension 'colcon_pkg'
[3.419s] Level 1:colcon.colcon_core.package_identification:_identify(src/vision_task1) by extensions ['colcon_meta']
[3.419s] Level 1:colcon.colcon_core.package_identification:_identify(src/vision_task1) by extension 'colcon_meta'
[3.420s] Level 1:colcon.colcon_core.package_identification:_identify(src/vision_task1) by extensions ['ros']
[3.420s] Level 1:colcon.colcon_core.package_identification:_identify(src/vision_task1) by extension 'ros'
[3.434s] DEBUG:colcon.colcon_core.package_identification:Package 'src/vision_task1' with type 'ros.ament_python' and name 'vision_task1'
[3.435s] Level 1:colcon.colcon_core.package_discovery:discover_packages(recursive) using defaults
[3.437s] Level 1:colcon.colcon_core.package_discovery:discover_packages(ignore) discover
[3.437s] Level 1:colcon.colcon_core.package_discovery:discover_packages(ignore) using defaults
[3.437s] Level 1:colcon.colcon_core.package_discovery:discover_packages(path) discover
[3.438s] Level 1:colcon.colcon_core.package_discovery:discover_packages(path) using defaults
[3.644s] Level 1:colcon.colcon_core.package_discovery:discover_packages(prefix_path) check parameters
[3.645s] Level 1:colcon.colcon_core.package_discovery:discover_packages(prefix_path) discover
[3.664s] DEBUG:colcon.colcon_installed_package_information.package_discovery:Found 1 installed packages in /home/nayab/Lab_9/ros2_ws_nayab/install
[3.666s] DEBUG:colcon.colcon_installed_package_information.package_discovery:Found 2 installed packages in /home/nayab/ros2_ws_nayab/install
[3.676s] DEBUG:colcon.colcon_installed_package_information.package_discovery:Found 442 installed packages in /opt/ros/humble
[3.699s] Level 1:colcon.colcon_core.package_discovery:discover_packages(prefix_path) using defaults
[4.252s] Level 5:colcon.colcon_core.verb:set package 'vision_task1' build argument 'cmake_args' from command line to 'None'
[4.252s] Level 5:colcon.colcon_core.verb:set package 'vision_task1' build argument 'cmake_target' from command line to 'None'
[4.252s] Level 5:colcon.colcon_core.verb:set package 'vision_task1' build argument 'cmake_target_skip_unavailable' from command line to 'False'
[4.252s] Level 5:colcon.colcon_core.verb:set package 'vision_task1' build argument 'cmake_clean_cache' from command line to 'False'
[4.252s] Level 5:colcon.colcon_core.verb:set package 'vision_task1' build argument 'cmake_clean_first' from command line to 'False'
[4.253s] Level 5:colcon.colcon_core.verb:set package 'vision_task1' build argument 'cmake_force_configure' from command line to 'False'
[4.253s] Level 5:colcon.colcon_core.verb:set package 'vision_task1' build argument 'ament_cmake_args' from command line to 'None'
[4.253s] Level 5:colcon.colcon_core.verb:set package 'vision_task1' build argument 'catkin_cmake_args' from command line to 'None'
[4.253s] Level 5:colcon.colcon_core.verb:set package 'vision_task1' build argument 'catkin_skip_building_tests' from command line to 'False'
[4.253s] DEBUG:colcon.colcon_core.verb:Building package 'vision_task1' with the following arguments: {'ament_cmake_args': None, 'build_base': '/home/nayab/Lab_9/ros2_ws_nayab/build/vision_task1', 'catkin_cmake_args': None, 'catkin_skip_building_tests': False, 'cmake_args': None, 'cmake_clean_cache': False, 'cmake_clean_first': False, 'cmake_force_configure': False, 'cmake_target': None, 'cmake_target_skip_unavailable': False, 'install_base': '/home/nayab/Lab_9/ros2_ws_nayab/install/vision_task1', 'merge_install': False, 'path': '/home/nayab/Lab_9/ros2_ws_nayab/src/vision_task1', 'symlink_install': False, 'test_result_base': None}
[4.254s] INFO:colcon.colcon_core.executor:Executing jobs using 'parallel' executor
[4.259s] DEBUG:colcon.colcon_parallel_executor.executor.parallel:run_until_complete
[4.265s] INFO:colcon.colcon_ros.task.ament_python.build:Building ROS package in '/home/nayab/Lab_9/ros2_ws_nayab/src/vision_task1' with build type 'ament_python'
[4.266s] Level 1:colcon.colcon_core.shell:create_environment_hook('vision_task1', 'ament_prefix_path')
[4.303s] INFO:colcon.colcon_core.plugin_system:Skipping extension 'colcon_core.shell.bat': Not used on non-Windows systems
[4.304s] INFO:colcon.colcon_core.shell:Creating environment hook '/home/nayab/Lab_9/ros2_ws_nayab/install/vision_task1/share/vision_task1/hook/ament_prefix_path.ps1'
[4.310s] INFO:colcon.colcon_core.shell:Creating environment descriptor '/home/nayab/Lab_9/ros2_ws_nayab/install/vision_task1/share/vision_task1/hook/ament_prefix_path.dsv'
[4.313s] INFO:colcon.colcon_core.shell:Creating environment hook '/home/nayab/Lab_9/ros2_ws_nayab/install/vision_task1/share/vision_task1/hook/ament_prefix_path.sh'
[4.323s] INFO:colcon.colcon_core.shell:Skip shell extension 'powershell' for command environment: Not usable outside of PowerShell
[4.324s] DEBUG:colcon.colcon_core.shell:Skip shell extension 'dsv' for command environment
[7.202s] INFO:colcon.colcon_core.task.python.build:Building Python package in '/home/nayab/Lab_9/ros2_ws_nayab/src/vision_task1'
[7.208s] INFO:colcon.colcon_core.shell:Skip shell extension 'powershell' for command environment: Not usable outside of PowerShell
[7.208s] DEBUG:colcon.colcon_core.shell:Skip shell extension 'dsv' for command environment
[10.738s] DEBUG:colcon.colcon_core.event_handler.log_command:Invoking command in '/home/nayab/Lab_9/ros2_ws_nayab/src/vision_task1': PYTHONPATH=/home/nayab/Lab_9/ros2_ws_nayab/build/vision_task1/prefix_override:/usr/lib/python3/dist-packages/colcon_core/task/python/colcon_distutils_commands:/home/nayab/Lab_9/ros2_ws_nayab/install/vision_task1/lib/python3.10/site-packages:${PYTHONPATH} /usr/bin/python3 -W ignore:setup.py install is deprecated -W ignore:easy_install command is deprecated setup.py egg_info --egg-base ../../build/vision_task1 build --build-base /home/nayab/Lab_9/ros2_ws_nayab/build/vision_task1/build install --record /home/nayab/Lab_9/ros2_ws_nayab/build/vision_task1/install.log --single-version-externally-managed install_data
[14.001s] DEBUG:colcon.colcon_core.event_handler.log_command:Invoked command in '/home/nayab/Lab_9/ros2_ws_nayab/src/vision_task1' returned '0': PYTHONPATH=/home/nayab/Lab_9/ros2_ws_nayab/build/vision_task1/prefix_override:/usr/lib/python3/dist-packages/colcon_core/task/python/colcon_distutils_commands:/home/nayab/Lab_9/ros2_ws_nayab/install/vision_task1/lib/python3.10/site-packages:${PYTHONPATH} /usr/bin/python3 -W ignore:setup.py install is deprecated -W ignore:easy_install command is deprecated setup.py egg_info --egg-base ../../build/vision_task1 build --build-base /home/nayab/Lab_9/ros2_ws_nayab/build/vision_task1/build install --record /home/nayab/Lab_9/ros2_ws_nayab/build/vision_task1/install.log --single-version-externally-managed install_data
[14.018s] Level 1:colcon.colcon_core.environment:checking '/home/nayab/Lab_9/ros2_ws_nayab/install/vision_task1' for CMake module files
[14.028s] Level 1:colcon.colcon_core.environment:checking '/home/nayab/Lab_9/ros2_ws_nayab/install/vision_task1' for CMake config files
[14.038s] Level 1:colcon.colcon_core.environment:checking '/home/nayab/Lab_9/ros2_ws_nayab/install/vision_task1/lib'
[14.041s] Level 1:colcon.colcon_core.environment:checking '/home/nayab/Lab_9/ros2_ws_nayab/install/vision_task1/bin'
[14.043s] Level 1:colcon.colcon_core.environment:checking '/home/nayab/Lab_9/ros2_ws_nayab/install/vision_task1/lib/pkgconfig/vision_task1.pc'
[14.045s] Level 1:colcon.colcon_core.environment:checking '/home/nayab/Lab_9/ros2_ws_nayab/install/vision_task1/lib/python3.10/site-packages'
[14.047s] Level 1:colcon.colcon_core.shell:create_environment_hook('vision_task1', 'pythonpath')
[14.050s] INFO:colcon.colcon_core.shell:Creating environment hook '/home/nayab/Lab_9/ros2_ws_nayab/install/vision_task1/share/vision_task1/hook/pythonpath.ps1'
[14.054s] INFO:colcon.colcon_core.shell:Creating environment descriptor '/home/nayab/Lab_9/ros2_ws_nayab/install/vision_task1/share/vision_task1/hook/pythonpath.dsv'
[14.057s] INFO:colcon.colcon_core.shell:Creating environment hook '/home/nayab/Lab_9/ros2_ws_nayab/install/vision_task1/share/vision_task1/hook/pythonpath.sh'
[14.063s] Level 1:colcon.colcon_core.environment:checking '/home/nayab/Lab_9/ros2_ws_nayab/install/vision_task1/bin'
[14.063s] Level 1:colcon.colcon_core.environment:create_environment_scripts_only(vision_task1)
[14.066s] INFO:colcon.colcon_core.shell:Creating package script '/home/nayab/Lab_9/ros2_ws_nayab/install/vision_task1/share/vision_task1/package.ps1'
[14.086s] INFO:colcon.colcon_core.shell:Creating package descriptor '/home/nayab/Lab_9/ros2_ws_nayab/install/vision_task1/share/vision_task1/package.dsv'
[14.095s] INFO:colcon.colcon_core.shell:Creating package script '/home/nayab/Lab_9/ros2_ws_nayab/install/vision_task1/share/vision_task1/package.sh'
[14.101s] INFO:colcon.colcon_core.shell:Creating package script '/home/nayab/Lab_9/ros2_ws_nayab/install/vision_task1/share/vision_task1/package.bash'
[14.105s] INFO:colcon.colcon_core.shell:Creating package script '/home/nayab/Lab_9/ros2_ws_nayab/install/vision_task1/share/vision_task1/package.zsh'
[14.108s] Level 1:colcon.colcon_core.environment:create_file_with_runtime_dependencies(/home/nayab/Lab_9/ros2_ws_nayab/install/vision_task1/share/colcon-core/packages/vision_task1)
[14.110s] DEBUG:colcon.colcon_parallel_executor.executor.parallel:closing loop
[14.118s] DEBUG:colcon.colcon_parallel_executor.executor.parallel:loop closed
[14.119s] DEBUG:colcon.colcon_parallel_executor.executor.parallel:run_until_complete finished with '0'
[14.120s] DEBUG:colcon.colcon_core.event_reactor:joining thread
[14.160s] INFO:colcon.colcon_core.plugin_system:Skipping extension 'colcon_notification.desktop_notification.terminal_notifier': Not used on non-Darwin systems
[14.162s] INFO:colcon.colcon_core.plugin_system:Skipping extension 'colcon_notification.desktop_notification.win32': Not used on non-Windows systems
[14.163s] INFO:colcon.colcon_notification.desktop_notification:Sending desktop notification using 'notify2'
[14.307s] DEBUG:colcon.colcon_core.event_reactor:joined thread
[14.312s] INFO:colcon.colcon_core.shell:Creating prefix script '/home/nayab/Lab_9/ros2_ws_nayab/install/local_setup.ps1'
[14.338s] INFO:colcon.colcon_core.shell:Creating prefix util module '/home/nayab/Lab_9/ros2_ws_nayab/install/_local_setup_util_ps1.py'
[14.359s] INFO:colcon.colcon_core.shell:Creating prefix chain script '/home/nayab/Lab_9/ros2_ws_nayab/install/setup.ps1'
[14.388s] INFO:colcon.colcon_core.shell:Creating prefix script '/home/nayab/Lab_9/ros2_ws_nayab/install/local_setup.sh'
[14.396s] INFO:colcon.colcon_core.shell:Creating prefix util module '/home/nayab/Lab_9/ros2_ws_nayab/install/_local_setup_util_sh.py'
[14.402s] INFO:colcon.colcon_core.shell:Creating prefix chain script '/home/nayab/Lab_9/ros2_ws_nayab/install/setup.sh'
[14.410s] INFO:colcon.colcon_core.shell:Creating prefix script '/home/nayab/Lab_9/ros2_ws_nayab/install/local_setup.bash'
[14.416s] INFO:colcon.colcon_core.shell:Creating prefix chain script '/home/nayab/Lab_9/ros2_ws_nayab/install/setup.bash'
[14.438s] INFO:colcon.colcon_core.shell:Creating prefix script '/home/nayab/Lab_9/ros2_ws_nayab/install/local_setup.zsh'
[14.443s] INFO:colcon.colcon_core.shell:Creating prefix chain script '/home/nayab/Lab_9/ros2_ws_nayab/install/setup.zsh'
