[1.062s] DEBUG:colcon:Command line arguments: ['/usr/bin/colcon', 'build']
[1.063s] DEBUG:colcon:Parsed command line arguments: Namespace(log_base=None, log_level=None, verb_name='build', build_base='build', install_base='install', merge_install=False, symlink_install=False, test_result_base=None, continue_on_error=False, executor='parallel', parallel_workers=4, event_handlers=None, ignore_user_meta=False, metas=['./colcon.meta'], base_paths=['.'], packages_ignore=None, packages_ignore_regex=None, paths=None, packages_up_to=None, packages_up_to_regex=None, packages_above=None, packages_above_and_dependencies=None, packages_above_depth=None, packages_select_by_dep=None, packages_skip_by_dep=None, packages_skip_up_to=None, packages_select_build_failed=False, packages_skip_build_finished=False, packages_select_test_failures=False, packages_skip_test_passed=False, packages_select=None, packages_skip=None, packages_select_regex=None, packages_skip_regex=None, packages_start=None, packages_end=None, allow_overriding=[], cmake_args=None, cmake_target=None, cmake_target_skip_unavailable=False, cmake_clean_cache=False, cmake_clean_first=False, cmake_force_configure=False, ament_cmake_args=None, catkin_cmake_args=None, catkin_skip_building_tests=False, verb_parser=<colcon_defaults.argument_parser.defaults.DefaultArgumentsDecorator object at 0x7159eaa61b10>, verb_extension=<colcon_core.verb.build.BuildVerb object at 0x7159eaa61600>, main=<bound method BuildVerb.main of <colcon_core.verb.build.BuildVerb object at 0x7159eaa61600>>)
[2.695s] Level 1:colcon.colcon_core.package_discovery:discover_packages(colcon_meta) check parameters
[2.696s] Level 1:colcon.colcon_core.package_discovery:discover_packages(recursive) check parameters
[2.696s] Level 1:colcon.colcon_core.package_discovery:discover_packages(ignore) check parameters
[2.697s] Level 1:colcon.colcon_core.package_discovery:discover_packages(path) check parameters
[2.697s] Level 1:colcon.colcon_core.package_discovery:discover_packages(colcon_meta) discover
[2.698s] Level 1:colcon.colcon_core.package_discovery:discover_packages(recursive) discover
[2.699s] INFO:colcon.colcon_core.package_discovery:Crawling recursively for packages in '/home/nayab/Lab_6/ros2_ws_nayab'
[2.699s] Level 1:colcon.colcon_core.package_identification:_identify(.) by extensions ['ignore', 'ignore_ament_install']
[2.700s] Level 1:colcon.colcon_core.package_identification:_identify(.) by extension 'ignore'
[2.701s] Level 1:colcon.colcon_core.package_identification:_identify(.) by extension 'ignore_ament_install'
[2.701s] Level 1:colcon.colcon_core.package_identification:_identify(.) by extensions ['colcon_pkg']
[2.702s] Level 1:colcon.colcon_core.package_identification:_identify(.) by extension 'colcon_pkg'
[2.702s] Level 1:colcon.colcon_core.package_identification:_identify(.) by extensions ['colcon_meta']
[2.703s] Level 1:colcon.colcon_core.package_identification:_identify(.) by extension 'colcon_meta'
[2.703s] Level 1:colcon.colcon_core.package_identification:_identify(.) by extensions ['ros']
[2.703s] Level 1:colcon.colcon_core.package_identification:_identify(.) by extension 'ros'
[3.053s] Level 1:colcon.colcon_core.package_identification:_identify(.) by extensions ['cmake', 'python']
[3.053s] Level 1:colcon.colcon_core.package_identification:_identify(.) by extension 'cmake'
[3.054s] Level 1:colcon.colcon_core.package_identification:_identify(.) by extension 'python'
[3.054s] Level 1:colcon.colcon_core.package_identification:_identify(.) by extensions ['python_setup_py']
[3.054s] Level 1:colcon.colcon_core.package_identification:_identify(.) by extension 'python_setup_py'
[3.055s] Level 1:colcon.colcon_core.package_identification:_identify(build) by extensions ['ignore', 'ignore_ament_install']
[3.056s] Level 1:colcon.colcon_core.package_identification:_identify(build) by extension 'ignore'
[3.056s] Level 1:colcon.colcon_core.package_identification:_identify(build) ignored
[3.058s] Level 1:colcon.colcon_core.package_identification:_identify(install) by extensions ['ignore', 'ignore_ament_install']
[3.059s] Level 1:colcon.colcon_core.package_identification:_identify(install) by extension 'ignore'
[3.060s] Level 1:colcon.colcon_core.package_identification:_identify(install) ignored
[3.061s] Level 1:colcon.colcon_core.package_identification:_identify(log) by extensions ['ignore', 'ignore_ament_install']
[3.062s] Level 1:colcon.colcon_core.package_identification:_identify(log) by extension 'ignore'
[3.063s] Level 1:colcon.colcon_core.package_identification:_identify(log) ignored
[3.064s] Level 1:colcon.colcon_core.package_identification:_identify(src) by extensions ['ignore', 'ignore_ament_install']
[3.065s] Level 1:colcon.colcon_core.package_identification:_identify(src) by extension 'ignore'
[3.066s] Level 1:colcon.colcon_core.package_identification:_identify(src) by extension 'ignore_ament_install'
[3.066s] Level 1:colcon.colcon_core.package_identification:_identify(src) by extensions ['colcon_pkg']
[3.066s] Level 1:colcon.colcon_core.package_identification:_identify(src) by extension 'colcon_pkg'
[3.067s] Level 1:colcon.colcon_core.package_identification:_identify(src) by extensions ['colcon_meta']
[3.067s] Level 1:colcon.colcon_core.package_identification:_identify(src) by extension 'colcon_meta'
[3.068s] Level 1:colcon.colcon_core.package_identification:_identify(src) by extensions ['ros']
[3.068s] Level 1:colcon.colcon_core.package_identification:_identify(src) by extension 'ros'
[3.069s] Level 1:colcon.colcon_core.package_identification:_identify(src) by extensions ['cmake', 'python']
[3.069s] Level 1:colcon.colcon_core.package_identification:_identify(src) by extension 'cmake'
[3.069s] Level 1:colcon.colcon_core.package_identification:_identify(src) by extension 'python'
[3.069s] Level 1:colcon.colcon_core.package_identification:_identify(src) by extensions ['python_setup_py']
[3.070s] Level 1:colcon.colcon_core.package_identification:_identify(src) by extension 'python_setup_py'
[3.070s] Level 1:colcon.colcon_core.package_identification:_identify(src/my_turtle_package) by extensions ['ignore', 'ignore_ament_install']
[3.071s] Level 1:colcon.colcon_core.package_identification:_identify(src/my_turtle_package) by extension 'ignore'
[3.071s] Level 1:colcon.colcon_core.package_identification:_identify(src/my_turtle_package) by extension 'ignore_ament_install'
[3.072s] Level 1:colcon.colcon_core.package_identification:_identify(src/my_turtle_package) by extensions ['colcon_pkg']
[3.072s] Level 1:colcon.colcon_core.package_identification:_identify(src/my_turtle_package) by extension 'colcon_pkg'
[3.072s] Level 1:colcon.colcon_core.package_identification:_identify(src/my_turtle_package) by extensions ['colcon_meta']
[3.072s] Level 1:colcon.colcon_core.package_identification:_identify(src/my_turtle_package) by extension 'colcon_meta'
[3.073s] Level 1:colcon.colcon_core.package_identification:_identify(src/my_turtle_package) by extensions ['ros']
[3.073s] Level 1:colcon.colcon_core.package_identification:_identify(src/my_turtle_package) by extension 'ros'
[3.100s] DEBUG:colcon.colcon_core.package_identification:Package 'src/my_turtle_package' with type 'ros.ament_python' and name 'my_turtle_package'
[3.101s] Level 1:colcon.colcon_core.package_discovery:discover_packages(recursive) using defaults
[3.102s] Level 1:colcon.colcon_core.package_discovery:discover_packages(ignore) discover
[3.103s] Level 1:colcon.colcon_core.package_discovery:discover_packages(ignore) using defaults
[3.103s] Level 1:colcon.colcon_core.package_discovery:discover_packages(path) discover
[3.103s] Level 1:colcon.colcon_core.package_discovery:discover_packages(path) using defaults
[3.292s] Level 1:colcon.colcon_core.package_discovery:discover_packages(prefix_path) check parameters
[3.292s] Level 1:colcon.colcon_core.package_discovery:discover_packages(prefix_path) discover
[3.310s] DEBUG:colcon.colcon_installed_package_information.package_discovery:Found 2 installed packages in /home/nayab/ros2_ws_nayab/install
[3.325s] DEBUG:colcon.colcon_installed_package_information.package_discovery:Found 440 installed packages in /opt/ros/humble
[3.343s] Level 1:colcon.colcon_core.package_discovery:discover_packages(prefix_path) using defaults
[3.914s] Level 5:colcon.colcon_core.verb:set package 'my_turtle_package' build argument 'cmake_args' from command line to 'None'
[3.914s] Level 5:colcon.colcon_core.verb:set package 'my_turtle_package' build argument 'cmake_target' from command line to 'None'
[3.915s] Level 5:colcon.colcon_core.verb:set package 'my_turtle_package' build argument 'cmake_target_skip_unavailable' from command line to 'False'
[3.915s] Level 5:colcon.colcon_core.verb:set package 'my_turtle_package' build argument 'cmake_clean_cache' from command line to 'False'
[3.915s] Level 5:colcon.colcon_core.verb:set package 'my_turtle_package' build argument 'cmake_clean_first' from command line to 'False'
[3.915s] Level 5:colcon.colcon_core.verb:set package 'my_turtle_package' build argument 'cmake_force_configure' from command line to 'False'
[3.915s] Level 5:colcon.colcon_core.verb:set package 'my_turtle_package' build argument 'ament_cmake_args' from command line to 'None'
[3.916s] Level 5:colcon.colcon_core.verb:set package 'my_turtle_package' build argument 'catkin_cmake_args' from command line to 'None'
[3.916s] Level 5:colcon.colcon_core.verb:set package 'my_turtle_package' build argument 'catkin_skip_building_tests' from command line to 'False'
[3.916s] DEBUG:colcon.colcon_core.verb:Building package 'my_turtle_package' with the following arguments: {'ament_cmake_args': None, 'build_base': '/home/nayab/Lab_6/ros2_ws_nayab/build/my_turtle_package', 'catkin_cmake_args': None, 'catkin_skip_building_tests': False, 'cmake_args': None, 'cmake_clean_cache': False, 'cmake_clean_first': False, 'cmake_force_configure': False, 'cmake_target': None, 'cmake_target_skip_unavailable': False, 'install_base': '/home/nayab/Lab_6/ros2_ws_nayab/install/my_turtle_package', 'merge_install': False, 'path': '/home/nayab/Lab_6/ros2_ws_nayab/src/my_turtle_package', 'symlink_install': False, 'test_result_base': None}
[3.917s] INFO:colcon.colcon_core.executor:Executing jobs using 'parallel' executor
[3.925s] DEBUG:colcon.colcon_parallel_executor.executor.parallel:run_until_complete
[3.927s] INFO:colcon.colcon_ros.task.ament_python.build:Building ROS package in '/home/nayab/Lab_6/ros2_ws_nayab/src/my_turtle_package' with build type 'ament_python'
[3.928s] Level 1:colcon.colcon_core.shell:create_environment_hook('my_turtle_package', 'ament_prefix_path')
[3.947s] INFO:colcon.colcon_core.plugin_system:Skipping extension 'colcon_core.shell.bat': Not used on non-Windows systems
[3.948s] INFO:colcon.colcon_core.shell:Creating environment hook '/home/nayab/Lab_6/ros2_ws_nayab/install/my_turtle_package/share/my_turtle_package/hook/ament_prefix_path.ps1'
[3.955s] INFO:colcon.colcon_core.shell:Creating environment descriptor '/home/nayab/Lab_6/ros2_ws_nayab/install/my_turtle_package/share/my_turtle_package/hook/ament_prefix_path.dsv'
[3.961s] INFO:colcon.colcon_core.shell:Creating environment hook '/home/nayab/Lab_6/ros2_ws_nayab/install/my_turtle_package/share/my_turtle_package/hook/ament_prefix_path.sh'
[3.969s] INFO:colcon.colcon_core.shell:Skip shell extension 'powershell' for command environment: Not usable outside of PowerShell
[3.970s] DEBUG:colcon.colcon_core.shell:Skip shell extension 'dsv' for command environment
[6.565s] INFO:colcon.colcon_core.task.python.build:Building Python package in '/home/nayab/Lab_6/ros2_ws_nayab/src/my_turtle_package'
[6.567s] INFO:colcon.colcon_core.shell:Skip shell extension 'powershell' for command environment: Not usable outside of PowerShell
[6.567s] DEBUG:colcon.colcon_core.shell:Skip shell extension 'dsv' for command environment
[9.139s] DEBUG:colcon.colcon_core.event_handler.log_command:Invoking command in '/home/nayab/Lab_6/ros2_ws_nayab/src/my_turtle_package': PYTHONPATH=/home/nayab/Lab_6/ros2_ws_nayab/build/my_turtle_package/prefix_override:/usr/lib/python3/dist-packages/colcon_core/task/python/colcon_distutils_commands:/home/nayab/Lab_6/ros2_ws_nayab/install/my_turtle_package/lib/python3.10/site-packages:${PYTHONPATH} /usr/bin/python3 -W ignore:setup.py install is deprecated -W ignore:easy_install command is deprecated setup.py egg_info --egg-base ../../build/my_turtle_package build --build-base /home/nayab/Lab_6/ros2_ws_nayab/build/my_turtle_package/build install --record /home/nayab/Lab_6/ros2_ws_nayab/build/my_turtle_package/install.log --single-version-externally-managed install_data
[11.739s] DEBUG:colcon.colcon_core.event_handler.log_command:Invoked command in '/home/nayab/Lab_6/ros2_ws_nayab/src/my_turtle_package' returned '0': PYTHONPATH=/home/nayab/Lab_6/ros2_ws_nayab/build/my_turtle_package/prefix_override:/usr/lib/python3/dist-packages/colcon_core/task/python/colcon_distutils_commands:/home/nayab/Lab_6/ros2_ws_nayab/install/my_turtle_package/lib/python3.10/site-packages:${PYTHONPATH} /usr/bin/python3 -W ignore:setup.py install is deprecated -W ignore:easy_install command is deprecated setup.py egg_info --egg-base ../../build/my_turtle_package build --build-base /home/nayab/Lab_6/ros2_ws_nayab/build/my_turtle_package/build install --record /home/nayab/Lab_6/ros2_ws_nayab/build/my_turtle_package/install.log --single-version-externally-managed install_data
[11.752s] Level 1:colcon.colcon_core.environment:checking '/home/nayab/Lab_6/ros2_ws_nayab/install/my_turtle_package' for CMake module files
[11.755s] Level 1:colcon.colcon_core.environment:checking '/home/nayab/Lab_6/ros2_ws_nayab/install/my_turtle_package' for CMake config files
[11.759s] Level 1:colcon.colcon_core.environment:checking '/home/nayab/Lab_6/ros2_ws_nayab/install/my_turtle_package/lib'
[11.760s] Level 1:colcon.colcon_core.environment:checking '/home/nayab/Lab_6/ros2_ws_nayab/install/my_turtle_package/bin'
[11.762s] Level 1:colcon.colcon_core.environment:checking '/home/nayab/Lab_6/ros2_ws_nayab/install/my_turtle_package/lib/pkgconfig/my_turtle_package.pc'
[11.763s] Level 1:colcon.colcon_core.environment:checking '/home/nayab/Lab_6/ros2_ws_nayab/install/my_turtle_package/lib/python3.10/site-packages'
[11.763s] Level 1:colcon.colcon_core.shell:create_environment_hook('my_turtle_package', 'pythonpath')
[11.763s] INFO:colcon.colcon_core.shell:Creating environment hook '/home/nayab/Lab_6/ros2_ws_nayab/install/my_turtle_package/share/my_turtle_package/hook/pythonpath.ps1'
[11.765s] INFO:colcon.colcon_core.shell:Creating environment descriptor '/home/nayab/Lab_6/ros2_ws_nayab/install/my_turtle_package/share/my_turtle_package/hook/pythonpath.dsv'
[11.767s] INFO:colcon.colcon_core.shell:Creating environment hook '/home/nayab/Lab_6/ros2_ws_nayab/install/my_turtle_package/share/my_turtle_package/hook/pythonpath.sh'
[11.774s] Level 1:colcon.colcon_core.environment:checking '/home/nayab/Lab_6/ros2_ws_nayab/install/my_turtle_package/bin'
[11.775s] Level 1:colcon.colcon_core.environment:create_environment_scripts_only(my_turtle_package)
[11.779s] INFO:colcon.colcon_core.shell:Creating package script '/home/nayab/Lab_6/ros2_ws_nayab/install/my_turtle_package/share/my_turtle_package/package.ps1'
[11.783s] INFO:colcon.colcon_core.shell:Creating package descriptor '/home/nayab/Lab_6/ros2_ws_nayab/install/my_turtle_package/share/my_turtle_package/package.dsv'
[11.792s] INFO:colcon.colcon_core.shell:Creating package script '/home/nayab/Lab_6/ros2_ws_nayab/install/my_turtle_package/share/my_turtle_package/package.sh'
[11.798s] INFO:colcon.colcon_core.shell:Creating package script '/home/nayab/Lab_6/ros2_ws_nayab/install/my_turtle_package/share/my_turtle_package/package.bash'
[11.801s] INFO:colcon.colcon_core.shell:Creating package script '/home/nayab/Lab_6/ros2_ws_nayab/install/my_turtle_package/share/my_turtle_package/package.zsh'
[11.807s] Level 1:colcon.colcon_core.environment:create_file_with_runtime_dependencies(/home/nayab/Lab_6/ros2_ws_nayab/install/my_turtle_package/share/colcon-core/packages/my_turtle_package)
[11.813s] DEBUG:colcon.colcon_parallel_executor.executor.parallel:closing loop
[11.814s] DEBUG:colcon.colcon_parallel_executor.executor.parallel:loop closed
[11.816s] DEBUG:colcon.colcon_parallel_executor.executor.parallel:run_until_complete finished with '0'
[11.816s] DEBUG:colcon.colcon_core.event_reactor:joining thread
[11.853s] INFO:colcon.colcon_core.plugin_system:Skipping extension 'colcon_notification.desktop_notification.terminal_notifier': Not used on non-Darwin systems
[11.854s] INFO:colcon.colcon_core.plugin_system:Skipping extension 'colcon_notification.desktop_notification.win32': Not used on non-Windows systems
[11.854s] INFO:colcon.colcon_notification.desktop_notification:Sending desktop notification using 'notify2'
[11.974s] DEBUG:colcon.colcon_core.event_reactor:joined thread
[11.977s] INFO:colcon.colcon_core.shell:Creating prefix script '/home/nayab/Lab_6/ros2_ws_nayab/install/local_setup.ps1'
[11.991s] INFO:colcon.colcon_core.shell:Creating prefix util module '/home/nayab/Lab_6/ros2_ws_nayab/install/_local_setup_util_ps1.py'
[12.022s] INFO:colcon.colcon_core.shell:Creating prefix chain script '/home/nayab/Lab_6/ros2_ws_nayab/install/setup.ps1'
[12.039s] INFO:colcon.colcon_core.shell:Creating prefix script '/home/nayab/Lab_6/ros2_ws_nayab/install/local_setup.sh'
[12.044s] INFO:colcon.colcon_core.shell:Creating prefix util module '/home/nayab/Lab_6/ros2_ws_nayab/install/_local_setup_util_sh.py'
[12.054s] INFO:colcon.colcon_core.shell:Creating prefix chain script '/home/nayab/Lab_6/ros2_ws_nayab/install/setup.sh'
[12.067s] INFO:colcon.colcon_core.shell:Creating prefix script '/home/nayab/Lab_6/ros2_ws_nayab/install/local_setup.bash'
[12.088s] INFO:colcon.colcon_core.shell:Creating prefix chain script '/home/nayab/Lab_6/ros2_ws_nayab/install/setup.bash'
[12.101s] INFO:colcon.colcon_core.shell:Creating prefix script '/home/nayab/Lab_6/ros2_ws_nayab/install/local_setup.zsh'
[12.106s] INFO:colcon.colcon_core.shell:Creating prefix chain script '/home/nayab/Lab_6/ros2_ws_nayab/install/setup.zsh'
