running egg_info
creating ../../build/my_launch_pkg/my_launch_pkg.egg-info
writing ../../build/my_launch_pkg/my_launch_pkg.egg-info/PKG-INFO
writing dependency_links to ../../build/my_launch_pkg/my_launch_pkg.egg-info/dependency_links.txt
writing entry points to ../../build/my_launch_pkg/my_launch_pkg.egg-info/entry_points.txt
writing requirements to ../../build/my_launch_pkg/my_launch_pkg.egg-info/requires.txt
writing top-level names to ../../build/my_launch_pkg/my_launch_pkg.egg-info/top_level.txt
writing manifest file '../../build/my_launch_pkg/my_launch_pkg.egg-info/SOURCES.txt'
reading manifest file '../../build/my_launch_pkg/my_launch_pkg.egg-info/SOURCES.txt'
writing manifest file '../../build/my_launch_pkg/my_launch_pkg.egg-info/SOURCES.txt'
running build
running build_py
creating /home/nayab/Lab_4/ros2_ws_nayab/build/my_launch_pkg/build
creating /home/nayab/Lab_4/ros2_ws_nayab/build/my_launch_pkg/build/lib
creating /home/nayab/Lab_4/ros2_ws_nayab/build/my_launch_pkg/build/lib/my_launch_pkg
copying my_launch_pkg/__init__.py -> /home/nayab/Lab_4/ros2_ws_nayab/build/my_launch_pkg/build/lib/my_launch_pkg
running install
running install_lib
creating /home/nayab/Lab_4/ros2_ws_nayab/install/my_launch_pkg/lib/python3.10/site-packages/my_launch_pkg
copying /home/nayab/Lab_4/ros2_ws_nayab/build/my_launch_pkg/build/lib/my_launch_pkg/__init__.py -> /home/nayab/Lab_4/ros2_ws_nayab/install/my_launch_pkg/lib/python3.10/site-packages/my_launch_pkg
byte-compiling /home/nayab/Lab_4/ros2_ws_nayab/install/my_launch_pkg/lib/python3.10/site-packages/my_launch_pkg/__init__.py to __init__.cpython-310.pyc
running install_data
creating /home/nayab/Lab_4/ros2_ws_nayab/install/my_launch_pkg/share/ament_index
creating /home/nayab/Lab_4/ros2_ws_nayab/install/my_launch_pkg/share/ament_index/resource_index
creating /home/nayab/Lab_4/ros2_ws_nayab/install/my_launch_pkg/share/ament_index/resource_index/packages
copying resource/my_launch_pkg -> /home/nayab/Lab_4/ros2_ws_nayab/install/my_launch_pkg/share/ament_index/resource_index/packages
copying package.xml -> /home/nayab/Lab_4/ros2_ws_nayab/install/my_launch_pkg/share/my_launch_pkg
creating /home/nayab/Lab_4/ros2_ws_nayab/install/my_launch_pkg/share/my_launch_pkg/launch
copying launch/turtlesim_launch.py -> /home/nayab/Lab_4/ros2_ws_nayab/install/my_launch_pkg/share/my_launch_pkg/launch
running install_egg_info
Copying ../../build/my_launch_pkg/my_launch_pkg.egg-info to /home/nayab/Lab_4/ros2_ws_nayab/install/my_launch_pkg/lib/python3.10/site-packages/my_launch_pkg-0.0.0-py3.10.egg-info
running install_scripts
writing list of installed files to '/home/nayab/Lab_4/ros2_ws_nayab/build/my_launch_pkg/install.log'
