[0.809s] Invoking command in '/home/nayab/Lab_4/ros2_ws_nayab/src/my_launch_pkg': PYTHONPATH=/home/nayab/Lab_4/ros2_ws_nayab/build/my_launch_pkg/prefix_override:/usr/lib/python3/dist-packages/colcon_core/task/python/colcon_distutils_commands:/home/nayab/Lab_4/ros2_ws_nayab/install/my_launch_pkg/lib/python3.10/site-packages:${PYTHONPATH} /usr/bin/python3 -W ignore:setup.py install is deprecated -W ignore:easy_install command is deprecated setup.py egg_info --egg-base ../../build/my_launch_pkg build --build-base /home/nayab/Lab_4/ros2_ws_nayab/build/my_launch_pkg/build install --record /home/nayab/Lab_4/ros2_ws_nayab/build/my_launch_pkg/install.log --single-version-externally-managed install_data
[1.103s] running egg_info
[1.104s] creating ../../build/my_launch_pkg/my_launch_pkg.egg-info
[1.105s] writing ../../build/my_launch_pkg/my_launch_pkg.egg-info/PKG-INFO
[1.105s] writing dependency_links to ../../build/my_launch_pkg/my_launch_pkg.egg-info/dependency_links.txt
[1.105s] writing entry points to ../../build/my_launch_pkg/my_launch_pkg.egg-info/entry_points.txt
[1.106s] writing requirements to ../../build/my_launch_pkg/my_launch_pkg.egg-info/requires.txt
[1.106s] writing top-level names to ../../build/my_launch_pkg/my_launch_pkg.egg-info/top_level.txt
[1.106s] writing manifest file '../../build/my_launch_pkg/my_launch_pkg.egg-info/SOURCES.txt'
[1.109s] reading manifest file '../../build/my_launch_pkg/my_launch_pkg.egg-info/SOURCES.txt'
[1.110s] writing manifest file '../../build/my_launch_pkg/my_launch_pkg.egg-info/SOURCES.txt'
[1.111s] running build
[1.111s] running build_py
[1.111s] creating /home/nayab/Lab_4/ros2_ws_nayab/build/my_launch_pkg/build
[1.111s] creating /home/nayab/Lab_4/ros2_ws_nayab/build/my_launch_pkg/build/lib
[1.111s] creating /home/nayab/Lab_4/ros2_ws_nayab/build/my_launch_pkg/build/lib/my_launch_pkg
[1.111s] copying my_launch_pkg/__init__.py -> /home/nayab/Lab_4/ros2_ws_nayab/build/my_launch_pkg/build/lib/my_launch_pkg
[1.111s] running install
[1.112s] running install_lib
[1.113s] creating /home/nayab/Lab_4/ros2_ws_nayab/install/my_launch_pkg/lib/python3.10/site-packages/my_launch_pkg
[1.113s] copying /home/nayab/Lab_4/ros2_ws_nayab/build/my_launch_pkg/build/lib/my_launch_pkg/__init__.py -> /home/nayab/Lab_4/ros2_ws_nayab/install/my_launch_pkg/lib/python3.10/site-packages/my_launch_pkg
[1.114s] byte-compiling /home/nayab/Lab_4/ros2_ws_nayab/install/my_launch_pkg/lib/python3.10/site-packages/my_launch_pkg/__init__.py to __init__.cpython-310.pyc
[1.114s] running install_data
[1.114s] creating /home/nayab/Lab_4/ros2_ws_nayab/install/my_launch_pkg/share/ament_index
[1.115s] creating /home/nayab/Lab_4/ros2_ws_nayab/install/my_launch_pkg/share/ament_index/resource_index
[1.115s] creating /home/nayab/Lab_4/ros2_ws_nayab/install/my_launch_pkg/share/ament_index/resource_index/packages
[1.115s] copying resource/my_launch_pkg -> /home/nayab/Lab_4/ros2_ws_nayab/install/my_launch_pkg/share/ament_index/resource_index/packages
[1.117s] copying package.xml -> /home/nayab/Lab_4/ros2_ws_nayab/install/my_launch_pkg/share/my_launch_pkg
[1.117s] creating /home/nayab/Lab_4/ros2_ws_nayab/install/my_launch_pkg/share/my_launch_pkg/launch
[1.117s] copying launch/turtlesim_launch.py -> /home/nayab/Lab_4/ros2_ws_nayab/install/my_launch_pkg/share/my_launch_pkg/launch
[1.118s] running install_egg_info
[1.122s] Copying ../../build/my_launch_pkg/my_launch_pkg.egg-info to /home/nayab/Lab_4/ros2_ws_nayab/install/my_launch_pkg/lib/python3.10/site-packages/my_launch_pkg-0.0.0-py3.10.egg-info
[1.127s] running install_scripts
[1.162s] writing list of installed files to '/home/nayab/Lab_4/ros2_ws_nayab/build/my_launch_pkg/install.log'
[1.284s] Invoked command in '/home/nayab/Lab_4/ros2_ws_nayab/src/my_launch_pkg' returned '0': PYTHONPATH=/home/nayab/Lab_4/ros2_ws_nayab/build/my_launch_pkg/prefix_override:/usr/lib/python3/dist-packages/colcon_core/task/python/colcon_distutils_commands:/home/nayab/Lab_4/ros2_ws_nayab/install/my_launch_pkg/lib/python3.10/site-packages:${PYTHONPATH} /usr/bin/python3 -W ignore:setup.py install is deprecated -W ignore:easy_install command is deprecated setup.py egg_info --egg-base ../../build/my_launch_pkg build --build-base /home/nayab/Lab_4/ros2_ws_nayab/build/my_launch_pkg/build install --record /home/nayab/Lab_4/ros2_ws_nayab/build/my_launch_pkg/install.log --single-version-externally-managed install_data
