/home/nayab/Lab_6/ros2_ws_nayab/install/my_turtle_package/lib/python3.10/site-packages/my_turtle_package/task_3.py
/home/nayab/Lab_6/ros2_ws_nayab/install/my_turtle_package/lib/python3.10/site-packages/my_turtle_package/task_2.py
/home/nayab/Lab_6/ros2_ws_nayab/install/my_turtle_package/lib/python3.10/site-packages/my_turtle_package/task_5.py
/home/nayab/Lab_6/ros2_ws_nayab/install/my_turtle_package/lib/python3.10/site-packages/my_turtle_package/__init__.py
/home/nayab/Lab_6/ros2_ws_nayab/install/my_turtle_package/lib/python3.10/site-packages/my_turtle_package/task_1.py
/home/nayab/Lab_6/ros2_ws_nayab/install/my_turtle_package/lib/python3.10/site-packages/my_turtle_package/lidar_navigator.py
/home/nayab/Lab_6/ros2_ws_nayab/install/my_turtle_package/lib/python3.10/site-packages/my_turtle_package/task_4.py
/home/nayab/Lab_6/ros2_ws_nayab/install/my_turtle_package/lib/python3.10/site-packages/my_turtle_package/__pycache__/task_3.cpython-310.pyc
/home/nayab/Lab_6/ros2_ws_nayab/install/my_turtle_package/lib/python3.10/site-packages/my_turtle_package/__pycache__/task_2.cpython-310.pyc
/home/nayab/Lab_6/ros2_ws_nayab/install/my_turtle_package/lib/python3.10/site-packages/my_turtle_package/__pycache__/task_5.cpython-310.pyc
/home/nayab/Lab_6/ros2_ws_nayab/install/my_turtle_package/lib/python3.10/site-packages/my_turtle_package/__pycache__/__init__.cpython-310.pyc
/home/nayab/Lab_6/ros2_ws_nayab/install/my_turtle_package/lib/python3.10/site-packages/my_turtle_package/__pycache__/task_1.cpython-310.pyc
/home/nayab/Lab_6/ros2_ws_nayab/install/my_turtle_package/lib/python3.10/site-packages/my_turtle_package/__pycache__/lidar_navigator.cpython-310.pyc
/home/nayab/Lab_6/ros2_ws_nayab/install/my_turtle_package/lib/python3.10/site-packages/my_turtle_package/__pycache__/task_4.cpython-310.pyc
/home/nayab/Lab_6/ros2_ws_nayab/install/my_turtle_package/share/ament_index/resource_index/packages/my_turtle_package
/home/nayab/Lab_6/ros2_ws_nayab/install/my_turtle_package/share/my_turtle_package/package.xml
/home/nayab/Lab_6/ros2_ws_nayab/install/my_turtle_package/lib/python3.10/site-packages/my_turtle_package-0.0.0-py3.10.egg-info/top_level.txt
/home/nayab/Lab_6/ros2_ws_nayab/install/my_turtle_package/lib/python3.10/site-packages/my_turtle_package-0.0.0-py3.10.egg-info/dependency_links.txt
/home/nayab/Lab_6/ros2_ws_nayab/install/my_turtle_package/lib/python3.10/site-packages/my_turtle_package-0.0.0-py3.10.egg-info/requires.txt
/home/nayab/Lab_6/ros2_ws_nayab/install/my_turtle_package/lib/python3.10/site-packages/my_turtle_package-0.0.0-py3.10.egg-info/PKG-INFO
/home/nayab/Lab_6/ros2_ws_nayab/install/my_turtle_package/lib/python3.10/site-packages/my_turtle_package-0.0.0-py3.10.egg-info/entry_points.txt
/home/nayab/Lab_6/ros2_ws_nayab/install/my_turtle_package/lib/python3.10/site-packages/my_turtle_package-0.0.0-py3.10.egg-info/SOURCES.txt
/home/nayab/Lab_6/ros2_ws_nayab/install/my_turtle_package/lib/python3.10/site-packages/my_turtle_package-0.0.0-py3.10.egg-info/zip-safe
/home/nayab/Lab_6/ros2_ws_nayab/install/my_turtle_package/lib/my_turtle_package/lidar_nav
/home/nayab/Lab_6/ros2_ws_nayab/install/my_turtle_package/lib/my_turtle_package/task_1
/home/nayab/Lab_6/ros2_ws_nayab/install/my_turtle_package/lib/my_turtle_package/task_2
/home/nayab/Lab_6/ros2_ws_nayab/install/my_turtle_package/lib/my_turtle_package/task_3
/home/nayab/Lab_6/ros2_ws_nayab/install/my_turtle_package/lib/my_turtle_package/task_4
/home/nayab/Lab_6/ros2_ws_nayab/install/my_turtle_package/lib/my_turtle_package/task_5
