[1.053s] DEBUG:colcon:Command line arguments: ['/usr/bin/colcon', 'build']
[1.054s] DEBUG:colcon:Parsed command line arguments: Namespace(log_base=None, log_level=None, verb_name='build', build_base='build', install_base='install', merge_install=False, symlink_install=False, test_result_base=None, continue_on_error=False, executor='parallel', parallel_workers=4, event_handlers=None, ignore_user_meta=False, metas=['./colcon.meta'], base_paths=['.'], packages_ignore=None, packages_ignore_regex=None, paths=None, packages_up_to=None, packages_up_to_regex=None, packages_above=None, packages_above_and_dependencies=None, packages_above_depth=None, packages_select_by_dep=None, packages_skip_by_dep=None, packages_skip_up_to=None, packages_select_build_failed=False, packages_skip_build_finished=False, packages_select_test_failures=False, packages_skip_test_passed=False, packages_select=None, packages_skip=None, packages_select_regex=None, packages_skip_regex=None, packages_start=None, packages_end=None, allow_overriding=[], cmake_args=None, cmake_target=None, cmake_target_skip_unavailable=False, cmake_clean_cache=False, cmake_clean_first=False, cmake_force_configure=False, ament_cmake_args=None, catkin_cmake_args=None, catkin_skip_building_tests=False, verb_parser=<colcon_defaults.argument_parser.defaults.DefaultArgumentsDecorator object at 0x715ae5529de0>, verb_extension=<colcon_core.verb.build.BuildVerb object at 0x715ae55298d0>, main=<bound method BuildVerb.main of <colcon_core.verb.build.BuildVerb object at 0x715ae55298d0>>)
[3.334s] Level 1:colcon.colcon_core.package_discovery:discover_packages(colcon_meta) check parameters
[3.335s] Level 1:colcon.colcon_core.package_discovery:discover_packages(recursive) check parameters
[3.335s] Level 1:colcon.colcon_core.package_discovery:discover_packages(ignore) check parameters
[3.335s] Level 1:colcon.colcon_core.package_discovery:discover_packages(path) check parameters
[3.336s] Level 1:colcon.colcon_core.package_discovery:discover_packages(colcon_meta) discover
[3.336s] Level 1:colcon.colcon_core.package_discovery:discover_packages(recursive) discover
[3.337s] INFO:colcon.colcon_core.package_discovery:Crawling recursively for packages in '/home/nayab/Lab_6/ros2_ws_nayab'
[3.338s] Level 1:colcon.colcon_core.package_identification:_identify(.) by extensions ['ignore', 'ignore_ament_install']
[3.339s] Level 1:colcon.colcon_core.package_identification:_identify(.) by extension 'ignore'
[3.339s] Level 1:colcon.colcon_core.package_identification:_identify(.) by extension 'ignore_ament_install'
[3.340s] Level 1:colcon.colcon_core.package_identification:_identify(.) by extensions ['colcon_pkg']
[3.341s] Level 1:colcon.colcon_core.package_identification:_identify(.) by extension 'colcon_pkg'
[3.341s] Level 1:colcon.colcon_core.package_identification:_identify(.) by extensions ['colcon_meta']
[3.341s] Level 1:colcon.colcon_core.package_identification:_identify(.) by extension 'colcon_meta'
[3.342s] Level 1:colcon.colcon_core.package_identification:_identify(.) by extensions ['ros']
[3.342s] Level 1:colcon.colcon_core.package_identification:_identify(.) by extension 'ros'
[3.620s] Level 1:colcon.colcon_core.package_identification:_identify(.) by extensions ['cmake', 'python']
[3.621s] Level 1:colcon.colcon_core.package_identification:_identify(.) by extension 'cmake'
[3.621s] Level 1:colcon.colcon_core.package_identification:_identify(.) by extension 'python'
[3.622s] Level 1:colcon.colcon_core.package_identification:_identify(.) by extensions ['python_setup_py']
[3.622s] Level 1:colcon.colcon_core.package_identification:_identify(.) by extension 'python_setup_py'
[3.622s] Level 1:colcon.colcon_core.package_identification:_identify(build) by extensions ['ignore', 'ignore_ament_install']
[3.623s] Level 1:colcon.colcon_core.package_identification:_identify(build) by extension 'ignore'
[3.623s] Level 1:colcon.colcon_core.package_identification:_identify(build) ignored
[3.624s] Level 1:colcon.colcon_core.package_identification:_identify(install) by extensions ['ignore', 'ignore_ament_install']
[3.624s] Level 1:colcon.colcon_core.package_identification:_identify(install) by extension 'ignore'
[3.625s] Level 1:colcon.colcon_core.package_identification:_identify(install) ignored
[3.625s] Level 1:colcon.colcon_core.package_identification:_identify(log) by extensions ['ignore', 'ignore_ament_install']
[3.625s] Level 1:colcon.colcon_core.package_identification:_identify(log) by extension 'ignore'
[3.626s] Level 1:colcon.colcon_core.package_identification:_identify(log) ignored
[3.626s] Level 1:colcon.colcon_core.package_identification:_identify(src) by extensions ['ignore', 'ignore_ament_install']
[3.626s] Level 1:colcon.colcon_core.package_identification:_identify(src) by extension 'ignore'
[3.627s] Level 1:colcon.colcon_core.package_identification:_identify(src) by extension 'ignore_ament_install'
[3.627s] Level 1:colcon.colcon_core.package_identification:_identify(src) by extensions ['colcon_pkg']
[3.628s] Level 1:colcon.colcon_core.package_identification:_identify(src) by extension 'colcon_pkg'
[3.628s] Level 1:colcon.colcon_core.package_identification:_identify(src) by extensions ['colcon_meta']
[3.629s] Level 1:colcon.colcon_core.package_identification:_identify(src) by extension 'colcon_meta'
[3.629s] Level 1:colcon.colcon_core.package_identification:_identify(src) by extensions ['ros']
[3.629s] Level 1:colcon.colcon_core.package_identification:_identify(src) by extension 'ros'
[3.630s] Level 1:colcon.colcon_core.package_identification:_identify(src) by extensions ['cmake', 'python']
[3.630s] Level 1:colcon.colcon_core.package_identification:_identify(src) by extension 'cmake'
[3.631s] Level 1:colcon.colcon_core.package_identification:_identify(src) by extension 'python'
[3.631s] Level 1:colcon.colcon_core.package_identification:_identify(src) by extensions ['python_setup_py']
[3.631s] Level 1:colcon.colcon_core.package_identification:_identify(src) by extension 'python_setup_py'
[3.632s] Level 1:colcon.colcon_core.package_identification:_identify(src/my_turtle_package) by extensions ['ignore', 'ignore_ament_install']
[3.633s] Level 1:colcon.colcon_core.package_identification:_identify(src/my_turtle_package) by extension 'ignore'
[3.633s] Level 1:colcon.colcon_core.package_identification:_identify(src/my_turtle_package) by extension 'ignore_ament_install'
[3.634s] Level 1:colcon.colcon_core.package_identification:_identify(src/my_turtle_package) by extensions ['colcon_pkg']
[3.635s] Level 1:colcon.colcon_core.package_identification:_identify(src/my_turtle_package) by extension 'colcon_pkg'
[3.635s] Level 1:colcon.colcon_core.package_identification:_identify(src/my_turtle_package) by extensions ['colcon_meta']
[3.636s] Level 1:colcon.colcon_core.package_identification:_identify(src/my_turtle_package) by extension 'colcon_meta'
[3.636s] Level 1:colcon.colcon_core.package_identification:_identify(src/my_turtle_package) by extensions ['ros']
[3.636s] Level 1:colcon.colcon_core.package_identification:_identify(src/my_turtle_package) by extension 'ros'
[3.667s] DEBUG:colcon.colcon_core.package_identification:Package 'src/my_turtle_package' with type 'ros.ament_python' and name 'my_turtle_package'
[3.668s] Level 1:colcon.colcon_core.package_discovery:discover_packages(recursive) using defaults
[3.668s] Level 1:colcon.colcon_core.package_discovery:discover_packages(ignore) discover
[3.668s] Level 1:colcon.colcon_core.package_discovery:discover_packages(ignore) using defaults
[3.668s] Level 1:colcon.colcon_core.package_discovery:discover_packages(path) discover
[3.668s] Level 1:colcon.colcon_core.package_discovery:discover_packages(path) using defaults
[3.868s] Level 1:colcon.colcon_core.package_discovery:discover_packages(prefix_path) check parameters
[3.869s] Level 1:colcon.colcon_core.package_discovery:discover_packages(prefix_path) discover
[3.891s] DEBUG:colcon.colcon_installed_package_information.package_discovery:Found 2 installed packages in /home/nayab/ros2_ws_nayab/install
[3.908s] DEBUG:colcon.colcon_installed_package_information.package_discovery:Found 440 installed packages in /opt/ros/humble
[3.922s] Level 1:colcon.colcon_core.package_discovery:discover_packages(prefix_path) using defaults
[4.315s] Level 5:colcon.colcon_core.verb:set package 'my_turtle_package' build argument 'cmake_args' from command line to 'None'
[4.316s] Level 5:colcon.colcon_core.verb:set package 'my_turtle_package' build argument 'cmake_target' from command line to 'None'
[4.317s] Level 5:colcon.colcon_core.verb:set package 'my_turtle_package' build argument 'cmake_target_skip_unavailable' from command line to 'False'
[4.317s] Level 5:colcon.colcon_core.verb:set package 'my_turtle_package' build argument 'cmake_clean_cache' from command line to 'False'
[4.318s] Level 5:colcon.colcon_core.verb:set package 'my_turtle_package' build argument 'cmake_clean_first' from command line to 'False'
[4.318s] Level 5:colcon.colcon_core.verb:set package 'my_turtle_package' build argument 'cmake_force_configure' from command line to 'False'
[4.318s] Level 5:colcon.colcon_core.verb:set package 'my_turtle_package' build argument 'ament_cmake_args' from command line to 'None'
[4.319s] Level 5:colcon.colcon_core.verb:set package 'my_turtle_package' build argument 'catkin_cmake_args' from command line to 'None'
[4.319s] Level 5:colcon.colcon_core.verb:set package 'my_turtle_package' build argument 'catkin_skip_building_tests' from command line to 'False'
[4.319s] DEBUG:colcon.colcon_core.verb:Building package 'my_turtle_package' with the following arguments: {'ament_cmake_args': None, 'build_base': '/home/nayab/Lab_6/ros2_ws_nayab/build/my_turtle_package', 'catkin_cmake_args': None, 'catkin_skip_building_tests': False, 'cmake_args': None, 'cmake_clean_cache': False, 'cmake_clean_first': False, 'cmake_force_configure': False, 'cmake_target': None, 'cmake_target_skip_unavailable': False, 'install_base': '/home/nayab/Lab_6/ros2_ws_nayab/install/my_turtle_package', 'merge_install': False, 'path': '/home/nayab/Lab_6/ros2_ws_nayab/src/my_turtle_package', 'symlink_install': False, 'test_result_base': None}
[4.320s] INFO:colcon.colcon_core.executor:Executing jobs using 'parallel' executor
[4.325s] DEBUG:colcon.colcon_parallel_executor.executor.parallel:run_until_complete
[4.326s] INFO:colcon.colcon_ros.task.ament_python.build:Building ROS package in '/home/nayab/Lab_6/ros2_ws_nayab/src/my_turtle_package' with build type 'ament_python'
[4.327s] Level 1:colcon.colcon_core.shell:create_environment_hook('my_turtle_package', 'ament_prefix_path')
[4.358s] INFO:colcon.colcon_core.plugin_system:Skipping extension 'colcon_core.shell.bat': Not used on non-Windows systems
[4.363s] INFO:colcon.colcon_core.shell:Creating environment hook '/home/nayab/Lab_6/ros2_ws_nayab/install/my_turtle_package/share/my_turtle_package/hook/ament_prefix_path.ps1'
[4.372s] INFO:colcon.colcon_core.shell:Creating environment descriptor '/home/nayab/Lab_6/ros2_ws_nayab/install/my_turtle_package/share/my_turtle_package/hook/ament_prefix_path.dsv'
[4.377s] INFO:colcon.colcon_core.shell:Creating environment hook '/home/nayab/Lab_6/ros2_ws_nayab/install/my_turtle_package/share/my_turtle_package/hook/ament_prefix_path.sh'
[4.386s] INFO:colcon.colcon_core.shell:Skip shell extension 'powershell' for command environment: Not usable outside of PowerShell
[4.388s] DEBUG:colcon.colcon_core.shell:Skip shell extension 'dsv' for command environment
[6.761s] INFO:colcon.colcon_core.task.python.build:Building Python package in '/home/nayab/Lab_6/ros2_ws_nayab/src/my_turtle_package'
[6.762s] INFO:colcon.colcon_core.shell:Skip shell extension 'powershell' for command environment: Not usable outside of PowerShell
[6.762s] DEBUG:colcon.colcon_core.shell:Skip shell extension 'dsv' for command environment
[9.966s] DEBUG:colcon.colcon_core.event_handler.log_command:Invoking command in '/home/nayab/Lab_6/ros2_ws_nayab/src/my_turtle_package': PYTHONPATH=/home/nayab/Lab_6/ros2_ws_nayab/build/my_turtle_package/prefix_override:/usr/lib/python3/dist-packages/colcon_core/task/python/colcon_distutils_commands:/home/nayab/Lab_6/ros2_ws_nayab/install/my_turtle_package/lib/python3.10/site-packages:${PYTHONPATH} /usr/bin/python3 -W ignore:setup.py install is deprecated -W ignore:easy_install command is deprecated setup.py egg_info --egg-base ../../build/my_turtle_package build --build-base /home/nayab/Lab_6/ros2_ws_nayab/build/my_turtle_package/build install --record /home/nayab/Lab_6/ros2_ws_nayab/build/my_turtle_package/install.log --single-version-externally-managed install_data
[12.248s] DEBUG:colcon.colcon_core.event_handler.log_command:Invoked command in '/home/nayab/Lab_6/ros2_ws_nayab/src/my_turtle_package' returned '0': PYTHONPATH=/home/nayab/Lab_6/ros2_ws_nayab/build/my_turtle_package/prefix_override:/usr/lib/python3/dist-packages/colcon_core/task/python/colcon_distutils_commands:/home/nayab/Lab_6/ros2_ws_nayab/install/my_turtle_package/lib/python3.10/site-packages:${PYTHONPATH} /usr/bin/python3 -W ignore:setup.py install is deprecated -W ignore:easy_install command is deprecated setup.py egg_info --egg-base ../../build/my_turtle_package build --build-base /home/nayab/Lab_6/ros2_ws_nayab/build/my_turtle_package/build install --record /home/nayab/Lab_6/ros2_ws_nayab/build/my_turtle_package/install.log --single-version-externally-managed install_data
[12.283s] Level 1:colcon.colcon_core.environment:checking '/home/nayab/Lab_6/ros2_ws_nayab/install/my_turtle_package' for CMake module files
[12.285s] Level 1:colcon.colcon_core.environment:checking '/home/nayab/Lab_6/ros2_ws_nayab/install/my_turtle_package' for CMake config files
[12.288s] Level 1:colcon.colcon_core.environment:checking '/home/nayab/Lab_6/ros2_ws_nayab/install/my_turtle_package/lib'
[12.290s] Level 1:colcon.colcon_core.environment:checking '/home/nayab/Lab_6/ros2_ws_nayab/install/my_turtle_package/bin'
[12.291s] Level 1:colcon.colcon_core.environment:checking '/home/nayab/Lab_6/ros2_ws_nayab/install/my_turtle_package/lib/pkgconfig/my_turtle_package.pc'
[12.295s] Level 1:colcon.colcon_core.environment:checking '/home/nayab/Lab_6/ros2_ws_nayab/install/my_turtle_package/lib/python3.10/site-packages'
[12.296s] Level 1:colcon.colcon_core.shell:create_environment_hook('my_turtle_package', 'pythonpath')
[12.297s] INFO:colcon.colcon_core.shell:Creating environment hook '/home/nayab/Lab_6/ros2_ws_nayab/install/my_turtle_package/share/my_turtle_package/hook/pythonpath.ps1'
[12.299s] INFO:colcon.colcon_core.shell:Creating environment descriptor '/home/nayab/Lab_6/ros2_ws_nayab/install/my_turtle_package/share/my_turtle_package/hook/pythonpath.dsv'
[12.302s] INFO:colcon.colcon_core.shell:Creating environment hook '/home/nayab/Lab_6/ros2_ws_nayab/install/my_turtle_package/share/my_turtle_package/hook/pythonpath.sh'
[12.311s] Level 1:colcon.colcon_core.environment:checking '/home/nayab/Lab_6/ros2_ws_nayab/install/my_turtle_package/bin'
[12.312s] Level 1:colcon.colcon_core.environment:create_environment_scripts_only(my_turtle_package)
[12.314s] INFO:colcon.colcon_core.shell:Creating package script '/home/nayab/Lab_6/ros2_ws_nayab/install/my_turtle_package/share/my_turtle_package/package.ps1'
[12.318s] INFO:colcon.colcon_core.shell:Creating package descriptor '/home/nayab/Lab_6/ros2_ws_nayab/install/my_turtle_package/share/my_turtle_package/package.dsv'
[12.327s] INFO:colcon.colcon_core.shell:Creating package script '/home/nayab/Lab_6/ros2_ws_nayab/install/my_turtle_package/share/my_turtle_package/package.sh'
[12.334s] INFO:colcon.colcon_core.shell:Creating package script '/home/nayab/Lab_6/ros2_ws_nayab/install/my_turtle_package/share/my_turtle_package/package.bash'
[12.340s] INFO:colcon.colcon_core.shell:Creating package script '/home/nayab/Lab_6/ros2_ws_nayab/install/my_turtle_package/share/my_turtle_package/package.zsh'
[12.350s] Level 1:colcon.colcon_core.environment:create_file_with_runtime_dependencies(/home/nayab/Lab_6/ros2_ws_nayab/install/my_turtle_package/share/colcon-core/packages/my_turtle_package)
[12.352s] DEBUG:colcon.colcon_parallel_executor.executor.parallel:closing loop
[12.353s] DEBUG:colcon.colcon_parallel_executor.executor.parallel:loop closed
[12.354s] DEBUG:colcon.colcon_parallel_executor.executor.parallel:run_until_complete finished with '0'
[12.354s] DEBUG:colcon.colcon_core.event_reactor:joining thread
[12.429s] INFO:colcon.colcon_core.plugin_system:Skipping extension 'colcon_notification.desktop_notification.terminal_notifier': Not used on non-Darwin systems
[12.430s] INFO:colcon.colcon_core.plugin_system:Skipping extension 'colcon_notification.desktop_notification.win32': Not used on non-Windows systems
[12.432s] INFO:colcon.colcon_notification.desktop_notification:Sending desktop notification using 'notify2'
[12.503s] DEBUG:colcon.colcon_core.event_reactor:joined thread
[12.510s] INFO:colcon.colcon_core.shell:Creating prefix script '/home/nayab/Lab_6/ros2_ws_nayab/install/local_setup.ps1'
[12.522s] INFO:colcon.colcon_core.shell:Creating prefix util module '/home/nayab/Lab_6/ros2_ws_nayab/install/_local_setup_util_ps1.py'
[12.533s] INFO:colcon.colcon_core.shell:Creating prefix chain script '/home/nayab/Lab_6/ros2_ws_nayab/install/setup.ps1'
[12.549s] INFO:colcon.colcon_core.shell:Creating prefix script '/home/nayab/Lab_6/ros2_ws_nayab/install/local_setup.sh'
[12.553s] INFO:colcon.colcon_core.shell:Creating prefix util module '/home/nayab/Lab_6/ros2_ws_nayab/install/_local_setup_util_sh.py'
[12.563s] INFO:colcon.colcon_core.shell:Creating prefix chain script '/home/nayab/Lab_6/ros2_ws_nayab/install/setup.sh'
[12.575s] INFO:colcon.colcon_core.shell:Creating prefix script '/home/nayab/Lab_6/ros2_ws_nayab/install/local_setup.bash'
[12.582s] INFO:colcon.colcon_core.shell:Creating prefix chain script '/home/nayab/Lab_6/ros2_ws_nayab/install/setup.bash'
[12.598s] INFO:colcon.colcon_core.shell:Creating prefix script '/home/nayab/Lab_6/ros2_ws_nayab/install/local_setup.zsh'
[12.612s] INFO:colcon.colcon_core.shell:Creating prefix chain script '/home/nayab/Lab_6/ros2_ws_nayab/install/setup.zsh'
