[0.013s] Invoking command in '/home/nayab/Lab_8/ros2_ws_nayab/build/my_robot_description': CMAKE_PREFIX_PATH=${CMAKE_PREFIX_PATH}:/home/nayab/ros2_ws_nayab/install/my_turtle_package:/home/nayab/ros2_ws_nayab/install/my_launch_pkg:/opt/ros/humble /usr/bin/cmake --build /home/nayab/Lab_8/ros2_ws_nayab/build/my_robot_description -- -j4 -l4
[0.060s] Invoked command in '/home/nayab/Lab_8/ros2_ws_nayab/build/my_robot_description' returned '0': CMAKE_PREFIX_PATH=${CMAKE_PREFIX_PATH}:/home/nayab/ros2_ws_nayab/install/my_turtle_package:/home/nayab/ros2_ws_nayab/install/my_launch_pkg:/opt/ros/humble /usr/bin/cmake --build /home/nayab/Lab_8/ros2_ws_nayab/build/my_robot_description -- -j4 -l4
[0.072s] Invoking command in '/home/nayab/Lab_8/ros2_ws_nayab/build/my_robot_description': CMAKE_PREFIX_PATH=${CMAKE_PREFIX_PATH}:/home/nayab/ros2_ws_nayab/install/my_turtle_package:/home/nayab/ros2_ws_nayab/install/my_launch_pkg:/opt/ros/humble /usr/bin/cmake --install /home/nayab/Lab_8/ros2_ws_nayab/build/my_robot_description
[0.080s] -- Install configuration: ""
[0.080s] -- Up-to-date: /home/nayab/Lab_8/ros2_ws_nayab/install/my_robot_description/share/ament_index/resource_index/package_run_dependencies/my_robot_description
[0.081s] -- Up-to-date: /home/nayab/Lab_8/ros2_ws_nayab/install/my_robot_description/share/ament_index/resource_index/parent_prefix_path/my_robot_description
[0.081s] -- Up-to-date: /home/nayab/Lab_8/ros2_ws_nayab/install/my_robot_description/share/my_robot_description/environment/ament_prefix_path.sh
[0.081s] -- Up-to-date: /home/nayab/Lab_8/ros2_ws_nayab/install/my_robot_description/share/my_robot_description/environment/ament_prefix_path.dsv
[0.081s] -- Up-to-date: /home/nayab/Lab_8/ros2_ws_nayab/install/my_robot_description/share/my_robot_description/environment/path.sh
[0.081s] -- Up-to-date: /home/nayab/Lab_8/ros2_ws_nayab/install/my_robot_description/share/my_robot_description/environment/path.dsv
[0.081s] -- Up-to-date: /home/nayab/Lab_8/ros2_ws_nayab/install/my_robot_description/share/my_robot_description/local_setup.bash
[0.081s] -- Up-to-date: /home/nayab/Lab_8/ros2_ws_nayab/install/my_robot_description/share/my_robot_description/local_setup.sh
[0.081s] -- Up-to-date: /home/nayab/Lab_8/ros2_ws_nayab/install/my_robot_description/share/my_robot_description/local_setup.zsh
[0.081s] -- Up-to-date: /home/nayab/Lab_8/ros2_ws_nayab/install/my_robot_description/share/my_robot_description/local_setup.dsv
[0.082s] -- Installing: /home/nayab/Lab_8/ros2_ws_nayab/install/my_robot_description/share/my_robot_description/package.dsv
[0.082s] -- Up-to-date: /home/nayab/Lab_8/ros2_ws_nayab/install/my_robot_description/share/ament_index/resource_index/packages/my_robot_description
[0.082s] -- Up-to-date: /home/nayab/Lab_8/ros2_ws_nayab/install/my_robot_description/share/my_robot_description/cmake/my_robot_descriptionConfig.cmake
[0.082s] -- Up-to-date: /home/nayab/Lab_8/ros2_ws_nayab/install/my_robot_description/share/my_robot_description/cmake/my_robot_descriptionConfig-version.cmake
[0.082s] -- Up-to-date: /home/nayab/Lab_8/ros2_ws_nayab/install/my_robot_description/share/my_robot_description/package.xml
[0.084s] Invoked command in '/home/nayab/Lab_8/ros2_ws_nayab/build/my_robot_description' returned '0': CMAKE_PREFIX_PATH=${CMAKE_PREFIX_PATH}:/home/nayab/ros2_ws_nayab/install/my_turtle_package:/home/nayab/ros2_ws_nayab/install/my_launch_pkg:/opt/ros/humble /usr/bin/cmake --install /home/nayab/Lab_8/ros2_ws_nayab/build/my_robot_description
