[5.200s] Invoking command in '/home/nayab/Lab_9/ros2_ws_nayab/src/vision_task1': PYTHONPATH=/home/nayab/Lab_9/ros2_ws_nayab/build/vision_task1/prefix_override:/usr/lib/python3/dist-packages/colcon_core/task/python/colcon_distutils_commands:/home/nayab/Lab_9/ros2_ws_nayab/install/vision_task1/lib/python3.10/site-packages:${PYTHONPATH} /usr/bin/python3 -W ignore:setup.py install is deprecated -W ignore:easy_install command is deprecated setup.py egg_info --egg-base ../../build/vision_task1 build --build-base /home/nayab/Lab_9/ros2_ws_nayab/build/vision_task1/build install --record /home/nayab/Lab_9/ros2_ws_nayab/build/vision_task1/install.log --single-version-externally-managed install_data
[7.299s] running egg_info
[7.305s] writing ../../build/vision_task1/vision_task1.egg-info/PKG-INFO
[7.306s] writing dependency_links to ../../build/vision_task1/vision_task1.egg-info/dependency_links.txt
[7.307s] writing entry points to ../../build/vision_task1/vision_task1.egg-info/entry_points.txt
[7.308s] writing requirements to ../../build/vision_task1/vision_task1.egg-info/requires.txt
[7.308s] writing top-level names to ../../build/vision_task1/vision_task1.egg-info/top_level.txt
[7.320s] reading manifest file '../../build/vision_task1/vision_task1.egg-info/SOURCES.txt'
[7.333s] writing manifest file '../../build/vision_task1/vision_task1.egg-info/SOURCES.txt'
[7.334s] running build
[7.334s] running build_py
[7.336s] running install
[7.338s] running install_lib
[7.345s] running install_data
[7.345s] running install_egg_info
[7.353s] removing '/home/nayab/Lab_9/ros2_ws_nayab/install/vision_task1/lib/python3.10/site-packages/vision_task1-0.0.0-py3.10.egg-info' (and everything under it)
[7.354s] Copying ../../build/vision_task1/vision_task1.egg-info to /home/nayab/Lab_9/ros2_ws_nayab/install/vision_task1/lib/python3.10/site-packages/vision_task1-0.0.0-py3.10.egg-info
[7.362s] running install_scripts
[7.529s] Installing task_1 script to /home/nayab/Lab_9/ros2_ws_nayab/install/vision_task1/lib/vision_task1
[7.533s] Installing task_2 script to /home/nayab/Lab_9/ros2_ws_nayab/install/vision_task1/lib/vision_task1
[7.534s] Installing task_3 script to /home/nayab/Lab_9/ros2_ws_nayab/install/vision_task1/lib/vision_task1
[7.535s] Installing task_4 script to /home/nayab/Lab_9/ros2_ws_nayab/install/vision_task1/lib/vision_task1
[7.535s] Installing task_5 script to /home/nayab/Lab_9/ros2_ws_nayab/install/vision_task1/lib/vision_task1
[7.537s] writing list of installed files to '/home/nayab/Lab_9/ros2_ws_nayab/build/vision_task1/install.log'
[7.722s] Invoked command in '/home/nayab/Lab_9/ros2_ws_nayab/src/vision_task1' returned '0': PYTHONPATH=/home/nayab/Lab_9/ros2_ws_nayab/build/vision_task1/prefix_override:/usr/lib/python3/dist-packages/colcon_core/task/python/colcon_distutils_commands:/home/nayab/Lab_9/ros2_ws_nayab/install/vision_task1/lib/python3.10/site-packages:${PYTHONPATH} /usr/bin/python3 -W ignore:setup.py install is deprecated -W ignore:easy_install command is deprecated setup.py egg_info --egg-base ../../build/vision_task1 build --build-base /home/nayab/Lab_9/ros2_ws_nayab/build/vision_task1/build install --record /home/nayab/Lab_9/ros2_ws_nayab/build/vision_task1/install.log --single-version-externally-managed install_data
