[1.135s] Invoking command in '/home/nayab/Lab_6/ros2_ws_nayab/src/my_turtle_package': PYTHONPATH=/home/nayab/Lab_6/ros2_ws_nayab/build/my_turtle_package/prefix_override:/usr/lib/python3/dist-packages/colcon_core/task/python/colcon_distutils_commands:/home/nayab/Lab_6/ros2_ws_nayab/install/my_turtle_package/lib/python3.10/site-packages:${PYTHONPATH} /usr/bin/python3 -W ignore:setup.py install is deprecated -W ignore:easy_install command is deprecated setup.py egg_info --egg-base ../../build/my_turtle_package build --build-base /home/nayab/Lab_6/ros2_ws_nayab/build/my_turtle_package/build install --record /home/nayab/Lab_6/ros2_ws_nayab/build/my_turtle_package/install.log --single-version-externally-managed install_data
[1.535s] running egg_info
[1.536s] writing ../../build/my_turtle_package/my_turtle_package.egg-info/PKG-INFO
[1.536s] writing dependency_links to ../../build/my_turtle_package/my_turtle_package.egg-info/dependency_links.txt
[1.537s] writing entry points to ../../build/my_turtle_package/my_turtle_package.egg-info/entry_points.txt
[1.537s] writing requirements to ../../build/my_turtle_package/my_turtle_package.egg-info/requires.txt
[1.537s] writing top-level names to ../../build/my_turtle_package/my_turtle_package.egg-info/top_level.txt
[1.540s] reading manifest file '../../build/my_turtle_package/my_turtle_package.egg-info/SOURCES.txt'
[1.541s] writing manifest file '../../build/my_turtle_package/my_turtle_package.egg-info/SOURCES.txt'
[1.541s] running build
[1.541s] running build_py
[1.542s] running install
[1.542s] running install_lib
[1.544s] running install_data
[1.544s] running install_egg_info
[1.546s] removing '/home/nayab/Lab_6/ros2_ws_nayab/install/my_turtle_package/lib/python3.10/site-packages/my_turtle_package-0.0.0-py3.10.egg-info' (and everything under it)
[1.547s] Copying ../../build/my_turtle_package/my_turtle_package.egg-info to /home/nayab/Lab_6/ros2_ws_nayab/install/my_turtle_package/lib/python3.10/site-packages/my_turtle_package-0.0.0-py3.10.egg-info
[1.548s] running install_scripts
[1.583s] Installing lidar_nav script to /home/nayab/Lab_6/ros2_ws_nayab/install/my_turtle_package/lib/my_turtle_package
[1.583s] Installing task_1 script to /home/nayab/Lab_6/ros2_ws_nayab/install/my_turtle_package/lib/my_turtle_package
[1.584s] writing list of installed files to '/home/nayab/Lab_6/ros2_ws_nayab/build/my_turtle_package/install.log'
[1.638s] Invoked command in '/home/nayab/Lab_6/ros2_ws_nayab/src/my_turtle_package' returned '0': PYTHONPATH=/home/nayab/Lab_6/ros2_ws_nayab/build/my_turtle_package/prefix_override:/usr/lib/python3/dist-packages/colcon_core/task/python/colcon_distutils_commands:/home/nayab/Lab_6/ros2_ws_nayab/install/my_turtle_package/lib/python3.10/site-packages:${PYTHONPATH} /usr/bin/python3 -W ignore:setup.py install is deprecated -W ignore:easy_install command is deprecated setup.py egg_info --egg-base ../../build/my_turtle_package build --build-base /home/nayab/Lab_6/ros2_ws_nayab/build/my_turtle_package/build install --record /home/nayab/Lab_6/ros2_ws_nayab/build/my_turtle_package/install.log --single-version-externally-managed install_data
