[6.306s] Invoking command in '/home/nayab/Lab_9/ros2_ws_nayab/src/vision_task1': PYTHONPATH=/home/nayab/Lab_9/ros2_ws_nayab/build/vision_task1/prefix_override:/usr/lib/python3/dist-packages/colcon_core/task/python/colcon_distutils_commands:/home/nayab/Lab_9/ros2_ws_nayab/install/vision_task1/lib/python3.10/site-packages:${PYTHONPATH} /usr/bin/python3 -W ignore:setup.py install is deprecated -W ignore:easy_install command is deprecated setup.py egg_info --egg-base ../../build/vision_task1 build --build-base /home/nayab/Lab_9/ros2_ws_nayab/build/vision_task1/build install --record /home/nayab/Lab_9/ros2_ws_nayab/build/vision_task1/install.log --single-version-externally-managed install_data
[8.551s] running egg_info
[8.553s] writing ../../build/vision_task1/vision_task1.egg-info/PKG-INFO
[8.555s] writing dependency_links to ../../build/vision_task1/vision_task1.egg-info/dependency_links.txt
[8.556s] writing entry points to ../../build/vision_task1/vision_task1.egg-info/entry_points.txt
[8.557s] writing requirements to ../../build/vision_task1/vision_task1.egg-info/requires.txt
[8.558s] writing top-level names to ../../build/vision_task1/vision_task1.egg-info/top_level.txt
[8.578s] reading manifest file '../../build/vision_task1/vision_task1.egg-info/SOURCES.txt'
[8.589s] writing manifest file '../../build/vision_task1/vision_task1.egg-info/SOURCES.txt'
[8.592s] running build
[8.592s] running build_py
[8.593s] copying vision_task1/task_2.py -> /home/nayab/Lab_9/ros2_ws_nayab/build/vision_task1/build/lib/vision_task1
[8.597s] running install
[8.597s] running install_lib
[8.599s] copying /home/nayab/Lab_9/ros2_ws_nayab/build/vision_task1/build/lib/vision_task1/task_2.py -> /home/nayab/Lab_9/ros2_ws_nayab/install/vision_task1/lib/python3.10/site-packages/vision_task1
[8.605s] byte-compiling /home/nayab/Lab_9/ros2_ws_nayab/install/vision_task1/lib/python3.10/site-packages/vision_task1/task_2.py to task_2.cpython-310.pyc
[8.612s] running install_data
[8.612s] running install_egg_info
[8.631s] removing '/home/nayab/Lab_9/ros2_ws_nayab/install/vision_task1/lib/python3.10/site-packages/vision_task1-0.0.0-py3.10.egg-info' (and everything under it)
[8.633s] Copying ../../build/vision_task1/vision_task1.egg-info to /home/nayab/Lab_9/ros2_ws_nayab/install/vision_task1/lib/python3.10/site-packages/vision_task1-0.0.0-py3.10.egg-info
[8.637s] running install_scripts
[8.839s] Installing task_1 script to /home/nayab/Lab_9/ros2_ws_nayab/install/vision_task1/lib/vision_task1
[8.842s] Installing task_2 script to /home/nayab/Lab_9/ros2_ws_nayab/install/vision_task1/lib/vision_task1
[8.844s] writing list of installed files to '/home/nayab/Lab_9/ros2_ws_nayab/build/vision_task1/install.log'
[9.086s] Invoked command in '/home/nayab/Lab_9/ros2_ws_nayab/src/vision_task1' returned '0': PYTHONPATH=/home/nayab/Lab_9/ros2_ws_nayab/build/vision_task1/prefix_override:/usr/lib/python3/dist-packages/colcon_core/task/python/colcon_distutils_commands:/home/nayab/Lab_9/ros2_ws_nayab/install/vision_task1/lib/python3.10/site-packages:${PYTHONPATH} /usr/bin/python3 -W ignore:setup.py install is deprecated -W ignore:easy_install command is deprecated setup.py egg_info --egg-base ../../build/vision_task1 build --build-base /home/nayab/Lab_9/ros2_ws_nayab/build/vision_task1/build install --record /home/nayab/Lab_9/ros2_ws_nayab/build/vision_task1/install.log --single-version-externally-managed install_data
